I/ActivityThread( 3216): Pub com.android.calendar: com.android.providers.calendar.CalendarProvider2
I/ActivityManager( 2122): Start proc com.android.deskclock for broadcast com.android.deskclock/com.android.alarmclock.AnalogAppWidgetProvider: pid=3231 uid=10015 gids={1028}
I/ActivityManager( 2122): No longer want com.android.voicedialer (pid 2921): hidden #16
I/ActivityManager( 2122): No longer want com.android.settings (pid 2347): hidden #17
D/dalvikvm( 1873): GC_EXPLICIT freed 38K, 75% free 2193K/8451K, paused 2ms+5ms, total 53ms
E/Trace   ( 3231): error opening trace file: No such file or directory (2)
D/dalvikvm( 1873): GC_EXPLICIT freed <1K, 75% free 2193K/8451K, paused 4ms+2ms, total 27ms
D/dalvikvm( 1873): GC_EXPLICIT freed <1K, 75% free 2193K/8451K, paused 2ms+2ms, total 17ms
I/ActivityThread( 3231): Pub com.android.deskclock: com.android.deskclock.AlarmProvider
I/ActivityThread( 3231): Pub com.android.deskclock.timers: com.android.deskclock.TimersProvider
I/ActivityManager( 2122): Start proc com.android.settings for broadcast com.android.settings/.widget.SettingsAppWidgetProvider: pid=3247 uid=1000 gids={1015, 3002, 3001, 3003, 1028, 3007}
E/Trace   ( 3247): error opening trace file: No such file or directory (2)
D/LocalBluetoothProfileManager( 3247): LocalBluetoothProfileManager construction complete
D/dalvikvm( 3261): Late-enabling CheckJNI
I/ActivityManager( 2122): Start proc eu.ttbox.geoping for broadcast eu.ttbox.geoping/.ui.widget.PersonWidgetProvider: pid=3261 uid=10073 gids={1015, 3003, 1028}
E/Trace   ( 3261): error opening trace file: No such file or directory (2)
I/ActivityThread( 3261): Pub eu.ttbox.geoping.SmsLogProvider: eu.ttbox.geoping.domain.SmsLogProvider
I/ActivityThread( 3261): Pub eu.ttbox.geoping.PersonProvider: eu.ttbox.geoping.domain.PersonProvider
I/ActivityThread( 3261): Pub eu.ttbox.geoping.GeoTrackerProvider: eu.ttbox.geoping.domain.GeoTrackerProvider
I/ActivityThread( 3261): Pub eu.ttbox.geoping.MessageProvider: eu.ttbox.geoping.domain.MessageProvider
I/ActivityThread( 3261): Pub eu.ttbox.geoping.PairingProvider: eu.ttbox.geoping.domain.PairingProvider
W/PersonWidgetProvider( 3261): OnReceive Intent android.appwidget.action.APPWIDGET_ENABLED : Intent { act=android.appwidget.action.APPWIDGET_ENABLED flg=0x10 cmp=eu.ttbox.geoping/.ui.widget.PersonWidgetProvider }
W/PersonWidgetProvider( 3261): OnReceive Intent android.appwidget.action.APPWIDGET_UPDATE : Intent { act=android.appwidget.action.APPWIDGET_UPDATE flg=0x10 cmp=eu.ttbox.geoping/.ui.widget.PersonWidgetProvider (has extras) }
D/PairingWidgetProvider( 3261): OnReceive Intent android.appwidget.action.APPWIDGET_ENABLED : Intent { act=android.appwidget.action.APPWIDGET_ENABLED flg=0x10 cmp=eu.ttbox.geoping/.ui.widget.pairing.PairingWidgetProvider }
D/PairingWidgetProvider( 3261): OnReceive Intent android.appwidget.action.APPWIDGET_UPDATE : Intent { act=android.appwidget.action.APPWIDGET_UPDATE flg=0x10 cmp=eu.ttbox.geoping/.ui.widget.pairing.PairingWidgetProvider (has extras) }
D/PersonProvider( 3261): query for uri : content://eu.ttbox.geoping.PersonProvider/person
D/MediaScannerReceiver( 2310): action: android.intent.action.MEDIA_MOUNTED path: /storage/sdcard1
D/PairingProvider( 3261): query for uri : content://eu.ttbox.geoping.PairingProvider/pairing
I/GeoPingApplication( 3261): Laugth count 38
I/ActivityManager( 2122): Start proc com.flikie.wallpapers for broadcast com.flikie.wallpapers.hd/com.flikie.wallpapers.cache.BootReceiver: pid=3286 uid=10081 gids={3003, 1015, 1028}
I/dalvikvm( 3286): Turning on JNI app bug workarounds for target SDK version 6...
E/Trace   ( 3286): error opening trace file: No such file or directory (2)
W/MediaProvider( 2310): no database for scanned volume external
I/ActivityThread( 3286): Pub com.flikie.wallpapers.hd.home: com.flikie.wallpapers.hd.HomeProvider
D/dalvikvm( 3286): GC_EXPLICIT freed 169K, 72% free 2380K/8451K, paused 2ms+1ms, total 23ms
D/dalvikvm( 2122): GC_EXPLICIT freed 1111K, 23% free 11204K/14535K, paused 3ms+7ms, total 104ms
I/Pattaya ( 3286): [PlugInManager]Registered plug-in Wallpapers in SD card(3.7.6).
D/dalvikvm( 3286): GC_CONCURRENT freed 730K, 60% free 3456K/8451K, paused 1ms+3ms, total 16ms
E/Pattaya ( 3286): [FlikieWebService]request error java.net.UnknownHostException: Unable to resolve host "services.flikie.com": No address associated with hostname
E/Flikie Wallpapers HD/3.7.6( 3286): java.net.UnknownHostException: Unable to resolve host "services.flikie.com": No address associated with hostname
E/Flikie Wallpapers HD/3.7.6( 3286): 	at java.net.InetAddress.lookupHostByName(InetAddress.java:424)
E/Flikie Wallpapers HD/3.7.6( 3286): 	at java.net.InetAddress.getAllByNameImpl(InetAddress.java:236)
E/Flikie Wallpapers HD/3.7.6( 3286): 	at java.net.InetAddress.getAllByName(InetAddress.java:214)
E/Flikie Wallpapers HD/3.7.6( 3286): 	at org.apache.http.impl.conn.DefaultClientConnectionOperator.openConnection(DefaultClientConnectionOperator.java:137)
E/Flikie Wallpapers HD/3.7.6( 3286): 	at org.apache.http.impl.conn.AbstractPoolEntry.open(AbstractPoolEntry.java:164)
E/Flikie Wallpapers HD/3.7.6( 3286): 	at org.apache.http.impl.conn.AbstractPooledConnAdapter.open(AbstractPooledConnAdapter.java:119)
E/Flikie Wallpapers HD/3.7.6( 3286): 	at org.apache.http.impl.client.DefaultRequestDirector.execute(DefaultRequestDirector.java:360)
E/Flikie Wallpapers HD/3.7.6( 3286): 	at org.apache.http.impl.client.AbstractHttpClient.execute(AbstractHttpClient.java:555)
E/Flikie Wallpapers HD/3.7.6( 3286): 	at org.apache.http.impl.client.AbstractHttpClient.execute(AbstractHttpClient.java:487)
E/Flikie Wallpapers HD/3.7.6( 3286): 	at org.apache.http.impl.client.AbstractHttpClient.execute(AbstractHttpClient.java:465)
E/Flikie Wallpapers HD/3.7.6( 3286): 	at com.flikie.services.FlikieWebService.getUrlAsString(FlikieWebService.java:522)
E/Flikie Wallpapers HD/3.7.6( 3286): 	at com.flikie.services.FlikieWebService.getUrlAsJSONArray(FlikieWebService.java:618)
E/Flikie Wallpapers HD/3.7.6( 3286): 	at com.flikie.services.FlikieWebService.getWallpaperCategories2(FlikieWebService.java:300)
E/Flikie Wallpapers HD/3.7.6( 3286): 	at com.flikie.services.FlikieService.retrieveWallpaperCategories2(FlikieService.java:1836)
E/Flikie Wallpapers HD/3.7.6( 3286): 	at com.flikie.services.FlikieService$13.doInBackground(FlikieService.java:1898)
E/Flikie Wallpapers HD/3.7.6( 3286): 	at com.flikie.services.FlikieService$13.doInBackground(FlikieService.java:1)
E/Flikie Wallpapers HD/3.7.6( 3286): 	at android.os.AsyncTask$2.call(AsyncTask.java:287)
E/Flikie Wallpapers HD/3.7.6( 3286): 	at java.util.concurrent.FutureTask$Sync.innerRun(FutureTask.java:305)
E/Flikie Wallpapers HD/3.7.6( 3286): 	at java.util.concurrent.FutureTask.run(FutureTask.java:137)
E/Flikie Wallpapers HD/3.7.6( 3286): 	at java.util.concurrent.ThreadPoolExecutor.runWorker(ThreadPoolExecutor.java:1076)
E/Flikie Wallpapers HD/3.7.6( 3286): 	at java.util.concurrent.ThreadPoolExecutor$Worker.run(ThreadPoolExecutor.java:569)
E/Flikie Wallpapers HD/3.7.6( 3286): 	at java.lang.Thread.run(Thread.java:856)
E/Flikie Wallpapers HD/3.7.6( 3286): Caused by: libcore.io.GaiException: getaddrinfo failed: EAI_NODATA (No address associated with hostname)
E/Flikie Wallpapers HD/3.7.6( 3286): 	at libcore.io.Posix.getaddrinfo(Native Method)
E/Flikie Wallpapers HD/3.7.6( 3286): 	at libcore.io.ForwardingOs.getaddrinfo(ForwardingOs.java:55)
E/Flikie Wallpapers HD/3.7.6( 3286): 	at java.net.InetAddress.lookupHostByName(InetAddress.java:405)
E/Flikie Wallpapers HD/3.7.6( 3286): 	... 21 more
E/Flikie Wallpapers HD/3.7.6( 3286): Caused by: libcore.io.ErrnoException: getaddrinfo failed: ENETUNREACH (Network is unreachable)
E/Flikie Wallpapers HD/3.7.6( 3286): 	... 24 more
I/BootReceiver( 3286): Got intent with action android.intent.action.MEDIA_MOUNTED
I/ActivityManager( 2122): Start proc com.google.android.talk for broadcast com.google.android.talk/.McsConnectionStartedReceiver: pid=3314 uid=10033 gids={3003, 1015, 1006, 3002, 1028}
E/Trace   ( 3314): error opening trace file: No such file or directory (2)
I/CalendarProvider2( 3216): Sending notification intent: Intent { act=android.intent.action.PROVIDER_CHANGED dat=content://com.android.calendar }
W/ContentResolver( 3216): Failed to get type for: content://com.android.calendar (Unknown URL content://com.android.calendar)
I/ActivityThread( 3314): Pub com.google.android.talk.SuggestionProvider: com.google.android.talk.SuggestionsProvider
I/ActivityManager( 2122): No longer want com.google.android.apps.genie.geniewidget (pid 2935): hidden #16
D/vclib:CallStateClient( 3314): startListening
I/BootReceiver( 3286): Got intent with action android.intent.action.MEDIA_SCANNER_FINISHED
I/CacheService( 3286): Refreshing cache.
I/CacheService( 3286): Starting CacheService
I/talk    ( 3314): onMcsConnectionStarted
I/ActivityManager( 2122): Start proc com.google.android.apps.maps:LocationFriendService for broadcast com.google.android.apps.maps/com.google.googlenav.friend.reporting.LocationReportingIntentReceiver: pid=3339 uid=10069 gids={3003, 1015, 1028}
E/Trace   ( 3339): error opening trace file: No such file or directory (2)
W/SocketClient( 1869): write error (Broken pipe)
D/DiskCache( 3286): Wrote index with 1 records.
I/CacheService( 3286): Refreshing cache.
I/ActivityManager( 2122): No longer want android.process.acore (pid 2495): hidden #16
I/ActivityManager( 2122): No longer want com.google.android.onetimeinitializer (pid 2994): hidden #16
W/System.err( 2632): java.net.UnknownHostException: Unable to resolve host "www.google.com": No address associated with hostname
W/System.err( 2632): 	at java.net.InetAddress.lookupHostByName(InetAddress.java:424)
W/System.err( 2632): 	at java.net.InetAddress.getAllByNameImpl(InetAddress.java:236)
W/System.err( 2632): 	at java.net.InetAddress.getAllByName(InetAddress.java:214)
W/System.err( 2632): 	at org.apache.http.impl.conn.DefaultClientConnectionOperator.openConnection(DefaultClientConnectionOperator.java:137)
W/System.err( 2632): 	at org.apache.http.impl.conn.AbstractPoolEntry.open(AbstractPoolEntry.java:164)
W/System.err( 2632): 	at org.apache.http.impl.conn.AbstractPooledConnAdapter.open(AbstractPooledConnAdapter.java:119)
W/System.err( 2632): 	at org.apache.http.impl.client.DefaultRequestDirector.execute(DefaultRequestDirector.java:360)
W/System.err( 2632): 	at org.apache.http.impl.client.AbstractHttpClient.execute(AbstractHttpClient.java:555)
W/System.err( 2632): 	at org.apache.http.impl.client.AbstractHttpClient.execute(AbstractHttpClient.java:487)
W/System.err( 2632): 	at android.net.http.AndroidHttpClient.execute(AndroidHttpClient.java:257)
W/System.err( 2632): 	at H.a.a(SourceFile:202)
W/System.err( 2632): 	at H.a.execute(SourceFile:244)
W/System.err( 2632): 	at H.a.execute(SourceFile:312)
W/System.err( 2632): 	at ap.c.g(SourceFile:126)
W/System.err( 2632): 	at ap.c.c(SourceFile:172)
W/System.err( 2632): 	at com.google.android.location.h.a.c$a.run(SourceFile:419)
W/System.err( 2632): 	at com.google.android.location.h.a.c.c(SourceFile:225)
W/System.err( 2632): 	at com.google.android.location.h.a.c.run(SourceFile:199)
W/System.err( 2632): 	at ar.c.run(SourceFile:96)
W/System.err( 2632): Caused by: libcore.io.GaiException: getaddrinfo failed: EAI_NODATA (No address associated with hostname)
W/System.err( 2632): 	at libcore.io.Posix.getaddrinfo(Native Method)
W/System.err( 2632): 	at libcore.io.ForwardingOs.getaddrinfo(ForwardingOs.java:55)
W/System.err( 2632): 	at java.net.InetAddress.lookupHostByName(InetAddress.java:405)
W/System.err( 2632): 	... 18 more
W/System.err( 2632): Caused by: libcore.io.ErrnoException: getaddrinfo failed: ENETUNREACH (Network is unreachable)
D/MediaScannerReceiver( 2310): action: android.intent.action.MEDIA_MOUNTED path: /storage/sdcard0
I/CacheService( 3286): Building albums.
I/BootReceiver( 3286): Got intent with action android.intent.action.MEDIA_MOUNTED
W/System.err( 2632): 	... 21 more
W/System.err( 2632): java.net.UnknownHostException: Unable to resolve host "www.google.com": No address associated with hostname
W/System.err( 2632): 	at java.net.InetAddress.lookupHostByName(InetAddress.java:394)
W/System.err( 2632): 	at java.net.InetAddress.getAllByNameImpl(InetAddress.java:236)
W/System.err( 2632): 	at java.net.InetAddress.getAllByName(InetAddress.java:214)
W/System.err( 2632): 	at org.apache.http.impl.conn.DefaultClientConnectionOperator.openConnection(DefaultClientConnectionOperator.java:137)
W/System.err( 2632): 	at org.apache.http.impl.conn.AbstractPoolEntry.open(AbstractPoolEntry.java:164)
W/System.err( 2632): 	at org.apache.http.impl.conn.AbstractPooledConnAdapter.open(AbstractPooledConnAdapter.java:119)
W/System.err( 2632): 	at org.apache.http.impl.client.DefaultRequestDirector.execute(DefaultRequestDirector.java:360)
W/System.err( 2632): 	at org.apache.http.impl.client.AbstractHttpClient.execute(AbstractHttpClient.java:555)
W/System.err( 2632): 	at org.apache.http.impl.client.AbstractHttpClient.execute(AbstractHttpClient.java:487)
W/System.err( 2632): 	at android.net.http.AndroidHttpClient.execute(AndroidHttpClient.java:257)
W/System.err( 2632): 	at H.a.a(SourceFile:202)
W/System.err( 2632): 	at H.a.execute(SourceFile:244)
W/System.err( 2632): 	at H.a.execute(SourceFile:312)
W/System.err( 2632): 	at ap.c.g(SourceFile:126)
W/System.err( 2632): 	at ap.c.c(SourceFile:172)
W/System.err( 2632): 	at com.google.android.location.h.a.c$a.run(SourceFile:419)
W/System.err( 2632): 	at com.google.android.location.h.a.c.c(SourceFile:225)
W/System.err( 2632): 	at com.google.android.location.h.a.c.run(SourceFile:199)
W/System.err( 2632): 	at ar.c.run(SourceFile:96)
W/System.err( 2632): java.net.UnknownHostException: Unable to resolve host "www.google.com": No address associated with hostname
W/System.err( 2632): 	at java.net.InetAddress.lookupHostByName(InetAddress.java:394)
W/System.err( 2632): 	at java.net.InetAddress.getAllByNameImpl(InetAddress.java:236)
W/System.err( 2632): 	at java.net.InetAddress.getAllByName(InetAddress.java:214)
W/System.err( 2632): 	at org.apache.http.impl.conn.DefaultClientConnectionOperator.openConnection(DefaultClientConnectionOperator.java:137)
W/System.err( 2632): 	at org.apache.http.impl.conn.AbstractPoolEntry.open(AbstractPoolEntry.java:164)
W/System.err( 2632): 	at org.apache.http.impl.conn.AbstractPooledConnAdapter.open(AbstractPooledConnAdapter.java:119)
W/System.err( 2632): 	at org.apache.http.impl.client.DefaultRequestDirector.execute(DefaultRequestDirector.java:360)
W/System.err( 2632): 	at org.apache.http.impl.client.AbstractHttpClient.execute(AbstractHttpClient.java:555)
W/System.err( 2632): 	at org.apache.http.impl.client.AbstractHttpClient.execute(AbstractHttpClient.java:487)
W/System.err( 2632): 	at android.net.http.AndroidHttpClient.execute(AndroidHttpClient.java:257)
W/System.err( 2632): 	at H.a.a(SourceFile:202)
W/System.err( 2632): 	at H.a.execute(SourceFile:244)
W/System.err( 2632): 	at H.a.execute(SourceFile:312)
W/System.err( 2632): 	at ap.c.g(SourceFile:126)
W/System.err( 2632): 	at ap.c.c(SourceFile:172)
W/System.err( 2632): 	at com.google.android.location.h.a.c$a.run(SourceFile:419)
W/System.err( 2632): 	at com.google.android.location.h.a.c.c(SourceFile:225)
W/System.err( 2632): 	at com.google.android.location.h.a.c.run(SourceFile:199)
W/System.err( 2632): 	at ar.c.run(SourceFile:96)
D/AlertReceiver( 3200): onReceive: a=android.intent.action.PROVIDER_CHANGED Intent { act=android.intent.action.PROVIDER_CHANGED dat=content://com.android.calendar flg=0x10 cmp=com.android.calendar/.alerts.AlertReceiver }
D/DiskCache( 3286): Wrote index with 1 records.
W/System.err( 2632): java.net.UnknownHostException: Unable to resolve host "www.google.com": No address associated with hostname
W/System.err( 2632): 	at java.net.InetAddress.lookupHostByName(InetAddress.java:394)
I/CacheService( 3286): Building albums.
W/System.err( 2632): 	at java.net.InetAddress.getAllByNameImpl(InetAddress.java:236)
W/System.err( 2632): 	at java.net.InetAddress.getAllByName(InetAddress.java:214)
W/System.err( 2632): 	at org.apache.http.impl.conn.DefaultClientConnectionOperator.openConnection(DefaultClientConnectionOperator.java:137)
W/System.err( 2632): 	at org.apache.http.impl.conn.AbstractPoolEntry.open(AbstractPoolEntry.java:164)
W/System.err( 2632): 	at org.apache.http.impl.conn.AbstractPooledConnAdapter.open(AbstractPooledConnAdapter.java:119)
W/System.err( 2632): 	at org.apache.http.impl.client.DefaultRequestDirector.execute(DefaultRequestDirector.java:360)
W/System.err( 2632): 	at org.apache.http.impl.client.AbstractHttpClient.execute(AbstractHttpClient.java:555)
W/System.err( 2632): 	at org.apache.http.impl.client.AbstractHttpClient.execute(AbstractHttpClient.java:487)
W/System.err( 2632): 	at android.net.http.AndroidHttpClient.execute(AndroidHttpClient.java:257)
W/System.err( 2632): 	at H.a.a(SourceFile:202)
W/System.err( 2632): 	at H.a.execute(SourceFile:244)
W/System.err( 2632): 	at H.a.execute(SourceFile:312)
W/System.err( 2632): 	at ap.c.g(SourceFile:126)
W/System.err( 2632): 	at ap.c.c(SourceFile:172)
W/System.err( 2632): 	at com.google.android.location.h.a.c$a.run(SourceFile:419)
W/System.err( 2632): 	at com.google.android.location.h.a.c.c(SourceFile:225)
W/System.err( 2632): 	at com.google.android.location.h.a.c.run(SourceFile:199)
W/System.err( 2632): 	at ar.c.run(SourceFile:96)
D/AlertService( 3200): 0 Action = android.intent.action.PROVIDER_CHANGED
D/AlertService( 3200): Beginning updateAlertNotification
W/System.err( 2632): java.net.UnknownHostException: Unable to resolve host "www.google.com": No address associated with hostname
W/System.err( 2632): 	at java.net.InetAddress.lookupHostByName(InetAddress.java:394)
W/System.err( 2632): 	at java.net.InetAddress.getAllByNameImpl(InetAddress.java:236)
W/System.err( 2632): 	at java.net.InetAddress.getAllByName(InetAddress.java:214)
W/System.err( 2632): 	at org.apache.http.impl.conn.DefaultClientConnectionOperator.openConnection(DefaultClientConnectionOperator.java:137)
W/System.err( 2632): 	at org.apache.http.impl.conn.AbstractPoolEntry.open(AbstractPoolEntry.java:164)
W/System.err( 2632): 	at org.apache.http.impl.conn.AbstractPooledConnAdapter.open(AbstractPooledConnAdapter.java:119)
W/System.err( 2632): 	at org.apache.http.impl.client.DefaultRequestDirector.execute(DefaultRequestDirector.java:360)
W/System.err( 2632): 	at org.apache.http.impl.client.AbstractHttpClient.execute(AbstractHttpClient.java:555)
W/System.err( 2632): 	at org.apache.http.impl.client.AbstractHttpClient.execute(AbstractHttpClient.java:487)
W/System.err( 2632): 	at android.net.http.AndroidHttpClient.execute(AndroidHttpClient.java:257)
W/System.err( 2632): 	at H.a.a(SourceFile:202)
W/System.err( 2632): 	at H.a.execute(SourceFile:244)
W/System.err( 2632): 	at H.a.execute(SourceFile:312)
W/System.err( 2632): 	at ap.c.g(SourceFile:126)
W/System.err( 2632): 	at ap.c.c(SourceFile:172)
W/System.err( 2632): 	at com.google.android.location.h.a.c$a.run(SourceFile:419)
W/System.err( 2632): 	at com.google.android.location.h.a.c.c(SourceFile:225)
W/System.err( 2632): 	at com.google.android.location.h.a.c.run(SourceFile:199)
W/System.err( 2632): 	at ar.c.run(SourceFile:96)
W/System.err( 2632): java.net.UnknownHostException: Unable to resolve host "www.google.com": No address associated with hostname
W/System.err( 2632): 	at java.net.InetAddress.lookupHostByName(InetAddress.java:394)
W/System.err( 2632): 	at java.net.InetAddress.getAllByNameImpl(InetAddress.java:236)
W/System.err( 2632): 	at java.net.InetAddress.getAllByName(InetAddress.java:214)
W/System.err( 2632): 	at org.apache.http.impl.conn.DefaultClientConnectionOperator.openConnection(DefaultClientConnectionOperator.java:137)
W/System.err( 2632): 	at org.apache.http.impl.conn.AbstractPoolEntry.open(AbstractPoolEntry.java:164)
W/System.err( 2632): 	at org.apache.http.impl.conn.AbstractPooledConnAdapter.open(AbstractPooledConnAdapter.java:119)
W/System.err( 2632): 	at org.apache.http.impl.client.DefaultRequestDirector.execute(DefaultRequestDirector.java:360)
W/System.err( 2632): 	at org.apache.http.impl.client.AbstractHttpClient.execute(AbstractHttpClient.java:555)
W/System.err( 2632): 	at org.apache.http.impl.client.AbstractHttpClient.execute(AbstractHttpClient.java:487)
W/System.err( 2632): 	at android.net.http.AndroidHttpClient.execute(AndroidHttpClient.java:257)
W/System.err( 2632): 	at H.a.a(SourceFile:202)
W/System.err( 2632): 	at H.a.execute(SourceFile:244)
W/System.err( 2632): 	at H.a.execute(SourceFile:312)
W/System.err( 2632): 	at ap.c.g(SourceFile:126)
W/System.err( 2632): 	at ap.c.c(SourceFile:172)
W/System.err( 2632): 	at com.google.android.location.h.a.c$a.run(SourceFile:419)
W/System.err( 2632): 	at com.google.android.location.h.a.c.c(SourceFile:225)
W/System.err( 2632): 	at com.google.android.location.h.a.c.run(SourceFile:199)
W/System.err( 2632): 	at ar.c.run(SourceFile:96)
D/AlertService( 3200): No fired or scheduled alerts
W/System.err( 2632): java.net.UnknownHostException: Unable to resolve host "www.google.com": No address associated with hostname
W/System.err( 2632): 	at java.net.InetAddress.lookupHostByName(InetAddress.java:394)
W/System.err( 2632): 	at java.net.InetAddress.getAllByNameImpl(InetAddress.java:236)
W/System.err( 2632): 	at java.net.InetAddress.getAllByName(InetAddress.java:214)
W/System.err( 2632): 	at org.apache.http.impl.conn.DefaultClientConnectionOperator.openConnection(DefaultClientConnectionOperator.java:137)
W/System.err( 2632): 	at org.apache.http.impl.conn.AbstractPoolEntry.open(AbstractPoolEntry.java:164)
W/System.err( 2632): 	at org.apache.http.impl.conn.AbstractPooledConnAdapter.open(AbstractPooledConnAdapter.java:119)
W/System.err( 2632): 	at org.apache.http.impl.client.DefaultRequestDirector.execute(DefaultRequestDirector.java:360)
W/System.err( 2632): 	at org.apache.http.impl.client.AbstractHttpClient.execute(AbstractHttpClient.java:555)
W/System.err( 2632): 	at org.apache.http.impl.client.AbstractHttpClient.execute(AbstractHttpClient.java:487)
W/System.err( 2632): 	at android.net.http.AndroidHttpClient.execute(AndroidHttpClient.java:257)
W/System.err( 2632): 	at H.a.a(SourceFile:202)
W/System.err( 2632): 	at H.a.execute(SourceFile:244)
W/System.err( 2632): 	at H.a.execute(SourceFile:312)
W/System.err( 2632): 	at ap.c.g(SourceFile:126)
W/System.err( 2632): 	at ap.c.c(SourceFile:172)
W/System.err( 2632): 	at com.google.android.location.h.a.c$a.run(SourceFile:419)
W/System.err( 2632): 	at com.google.android.location.h.a.c.c(SourceFile:225)
W/System.err( 2632): 	at com.google.android.location.h.a.c.run(SourceFile:199)
W/System.err( 2632): 	at ar.c.run(SourceFile:96)
D/DiskCache( 3286): Wrote index with 3 records.
I/ActivityManager( 2122): Start proc android.process.acore for content provider com.android.providers.contacts/.ContactsProvider2: pid=3399 uid=10001 gids={3003, 1015, 1028}
W/System.err( 2632): java.net.UnknownHostException: Unable to resolve host "www.google.com": No address associated with hostname
W/System.err( 2632): 	at java.net.InetAddress.lookupHostByName(InetAddress.java:394)
W/System.err( 2632): 	at java.net.InetAddress.getAllByNameImpl(InetAddress.java:236)
W/System.err( 2632): 	at java.net.InetAddress.getAllByName(InetAddress.java:214)
W/System.err( 2632): 	at org.apache.http.impl.conn.DefaultClientConnectionOperator.openConnection(DefaultClientConnectionOperator.java:137)
W/System.err( 2632): 	at org.apache.http.impl.conn.AbstractPoolEntry.open(AbstractPoolEntry.java:164)
W/System.err( 2632): 	at org.apache.http.impl.conn.AbstractPooledConnAdapter.open(AbstractPooledConnAdapter.java:119)
W/System.err( 2632): 	at org.apache.http.impl.client.DefaultRequestDirector.execute(DefaultRequestDirector.java:360)
W/System.err( 2632): 	at org.apache.http.impl.client.AbstractHttpClient.execute(AbstractHttpClient.java:555)
W/System.err( 2632): 	at org.apache.http.impl.client.AbstractHttpClient.execute(AbstractHttpClient.java:487)
W/System.err( 2632): 	at android.net.http.AndroidHttpClient.execute(AndroidHttpClient.java:257)
W/System.err( 2632): 	at H.a.a(SourceFile:202)
W/System.err( 2632): 	at H.a.execute(SourceFile:244)
W/System.err( 2632): 	at H.a.execute(SourceFile:312)
W/System.err( 2632): 	at ap.c.g(SourceFile:126)
W/System.err( 2632): 	at ap.c.c(SourceFile:172)
W/System.err( 2632): 	at com.google.android.location.h.a.c$a.run(SourceFile:419)
W/System.err( 2632): 	at com.google.android.location.h.a.c.c(SourceFile:225)
W/System.err( 2632): 	at com.google.android.location.h.a.c.run(SourceFile:199)
W/System.err( 2632): 	at ar.c.run(SourceFile:96)
I/CacheService( 3286): Done building albums.
I/CacheService( 3286): Building items.
D/ConnectivityService( 2122): ConnectivityChange for WIFI: CONNECTED/CONNECTED
E/Trace   ( 3399): error opening trace file: No such file or directory (2)
I/ActivityThread( 3399): Pub com.android.voicemail: com.android.providers.contacts.VoicemailContentProvider
I/ActivityThread( 3399): Pub user_dictionary: com.android.providers.userdictionary.UserDictionaryProvider
D/ConnectivityService( 2122): ConnectivityChange for WIFI: CONNECTED/CONNECTED
D/ConnectivityService( 2122): handleConnectivityChange: address are the same reset per doReset linkProperty[1]: resetMask=0
W/System.err( 2632): java.net.UnknownHostException: Unable to resolve host "www.google.com": No address associated with hostname
I/ActivityThread( 3399): Pub applications: com.android.providers.applications.ApplicationsProvider
I/GTalkService/c( 2544): [AndroidEndpoint@1095953872] connect: acct=1000000, state=CONNECTING
I/GTalkService/c( 2544): [GTalkConnection@1092822440] connect: acct=1, state=CONNECTING
W/System.err( 2632): 	at java.net.InetAddress.lookupHostByName(InetAddress.java:394)
W/System.err( 2632): 	at java.net.InetAddress.getAllByNameImpl(InetAddress.java:236)
W/System.err( 2632): 	at java.net.InetAddress.getAllByName(InetAddress.java:214)
W/System.err( 2632): 	at org.apache.http.impl.conn.DefaultClientConnectionOperator.openConnection(DefaultClientConnectionOperator.java:137)
W/System.err( 2632): 	at org.apache.http.impl.conn.AbstractPoolEntry.open(AbstractPoolEntry.java:164)
W/System.err( 2632): 	at org.apache.http.impl.conn.AbstractPooledConnAdapter.open(AbstractPooledConnAdapter.java:119)
W/System.err( 2632): 	at org.apache.http.impl.client.DefaultRequestDirector.execute(DefaultRequestDirector.java:360)
W/System.err( 2632): 	at org.apache.http.impl.client.AbstractHttpClient.execute(AbstractHttpClient.java:555)
W/System.err( 2632): 	at org.apache.http.impl.client.AbstractHttpClient.execute(AbstractHttpClient.java:487)
W/System.err( 2632): 	at android.net.http.AndroidHttpClient.execute(AndroidHttpClient.java:257)
W/System.err( 2632): 	at H.a.a(SourceFile:202)
W/System.err( 2632): 	at H.a.execute(SourceFile:244)
W/System.err( 2632): 	at H.a.execute(SourceFile:312)
W/System.err( 2632): 	at ap.c.g(SourceFile:126)
W/System.err( 2632): 	at ap.c.c(SourceFile:172)
W/System.err( 2632): 	at com.google.android.location.h.a.c$a.run(SourceFile:419)
W/System.err( 2632): 	at com.google.android.location.h.a.c.c(SourceFile:225)
W/System.err( 2632): 	at com.google.android.location.h.a.c.run(SourceFile:199)
W/System.err( 2632): 	at ar.c.run(SourceFile:96)
I/ActivityThread( 3399): Pub contacts;com.android.contacts: com.android.providers.contacts.ContactsProvider2
I/ActivityThread( 3399): Pub call_log: com.android.providers.contacts.CallLogProvider
D/DiskCache( 3286): Wrote index with 12 records.
D/dalvikvm( 2632): GC_CONCURRENT freed 3569K, 57% free 3697K/8451K, paused 4ms+20ms, total 62ms
I/CacheService( 3286): Done building items.
I/ActivityManager( 2122): No longer want com.google.android.googlequicksearchbox (pid 3045): hidden #16
I/CacheService( 3286): Preparing DiskCache for all thumbnails.
D/dalvikvm( 3286): Trying to load lib /data/data/com.flikie.wallpapers.hd/lib/libMemoryManager.so 0x41128c48
D/dalvikvm( 3286): Added shared lib /data/data/com.flikie.wallpapers.hd/lib/libMemoryManager.so 0x41128c48
D/dalvikvm( 3286): No JNI_OnLoad found in /data/data/com.flikie.wallpapers.hd/lib/libMemoryManager.so 0x41128c48, skipping init
D/dalvikvm( 3286): GC_FOR_ALLOC freed 834K, 57% free 3680K/8451K, paused 13ms, total 13ms
D/ConnectivityService( 2122): handleInetConditionHoldEnd: net=1, condition=100, published condition=0
D/dalvikvm( 2122): GC_EXPLICIT freed 978K, 23% free 11201K/14535K, paused 2ms+7ms, total 77ms
D/dalvikvm( 2544): GC_EXPLICIT freed 1004K, 61% free 3361K/8451K, paused 2ms+4ms, total 42ms
I/Gmail   ( 3101): MainSyncRequestProto: lowestBkwdConvoId: 0, highestHandledServerOp: 665045, normalSync: true
D/dalvikvm( 3286): GC_FOR_ALLOC freed 1175K, 57% free 3642K/8451K, paused 16ms, total 16ms
D/SystemClock( 2122): Setting time of day to sec=1360825199
D/Tethering( 2122): MasterInitialState.processMessage what=3
I/ActivityManager( 2122): Start proc com.cyanogenmod.updater for broadcast com.cyanogenmod.updater/.receiver.UpdateCheckReceiver: pid=3436 uid=10007 gids={3003, 1015, 2001, 1028}
D/Tethering( 2122): MasterInitialState.processMessage what=3
E/Trace   ( 3436): error opening trace file: No such file or directory (2)
I/UpdateCheckReceiver( 3436): Got connectivity change, has connection: true
I/UpdateCheckReceiver( 3436): Scheduling future, repeating update checks.
I/CheckinService( 2544): Preparing to send checkin request
I/EventLogService( 2544): Accumulating logs since 1360825190242
D/GpsLocationProvider( 2122): NTP server returned: 1360825196809 (Thu Feb 14 07:59:56 CET 2013) reference: 30570 certainty: 8 system time offset: -3101
I/ActivityManager( 2122): Start proc com.google.android.apps.uploader for broadcast com.google.android.apps.uploader/com.google.android.picasasync.ConnectivityReceiver: pid=3457 uid=10056 gids={3003, 1015, 1028}
E/Trace   ( 3457): error opening trace file: No such file or directory (2)
I/ActivityThread( 3457): Pub com.google.android.apps.uploader.PicasaUploadProvider: com.google.android.picasasync.PicasaContentProvider
I/ActivityManager( 2122): Start proc com.bigtincan.android.adfree for broadcast com.bigtincan.android.adfree/.NetworkStateReceiver: pid=3471 uid=10076 gids={3003, 1028}
I/dalvikvm( 3471): Turning on JNI app bug workarounds for target SDK version 7...
E/Trace   ( 3471): error opening trace file: No such file or directory (2)
I/ActivityManager( 2122): Start proc org.peterbaldwin.client.android.vlcremote for broadcast org.peterbaldwin.client.android.vlcremote/.MediaAppWidgetProvider: pid=3486 uid=10079 gids={3003, 1028}
I/ActivityManager( 2122): No longer want com.google.android.partnersetup (pid 2961): hidden #16
I/ActivityManager( 2122): No longer want com.popularapp.periodcalendar (pid 3085): hidden #16
E/Trace   ( 3486): error opening trace file: No such file or directory (2)
I/CheckinTask( 2544): Sending checkin request (1982 bytes)
D/ConnectivityService( 2122): handleInetConditionHoldEnd: net=1, condition=100, published condition=100
I/UpdateCheckReceiver( 3436): Got connectivity change, has connection: true
I/UpdateCheckReceiver( 3436): Scheduling future, repeating update checks.
I/ActivityManager( 2122): No longer want no.intellicom.tasklist (pid 3142): hidden #16
D/PicasaUploader( 3457):    wifiOnlyPhoto changed to true
D/PicasaUploader( 3457):    wifiOnlyVideo changed to true
D/PicasaUploader( 3457):    syncOnBattery changed to true
D/PicasaUploaderSync( 3457): sync account database
D/dalvikvm( 3286): GC_FOR_ALLOC freed 1136K, 57% free 3643K/8451K, paused 15ms, total 26ms
V/AlarmClock( 3231): AlarmInitReceiver finished
D/PicasaUploaderSync( 3457): accounts in DB=1
D/PicasaUploaderSyncManager( 3457): active network: NetworkInfo: type: WIFI[], state: CONNECTED/CONNECTED, reason: (unspecified), extra: (none), roaming: false, failover: false, isAvailable: true
D/PicasaUploaderSyncManager( 3457): background data: true
D/dalvikvm( 2310): GC_CONCURRENT freed 1760K, 70% free 2577K/8451K, paused 2ms+13ms, total 45ms
D/PicasaUploaderSyncManager( 3457): battery info: true
D/WeatherXmlParser( 2122): Weather updated for Paris: Thu, 14 Feb 2013 6:58 am CET, Cloudy(26), 0C, 80% humidity, , wind: 170 at 16.09km/h, low: 4C high: 7C
I/CheckinResponseProcessor( 2544): From server: 1 gservices updates and 0 deletes
I/InputReader( 2122): Reconfiguring input devices.  changes=0x00000010
D/PackageManager( 2122): generateServicesMap(android.accounts.AccountAuthenticator): 3 services unchanged
I/ActivityManager( 2122): Start proc com.android.gallery3d for broadcast com.android.gallery3d/.app.PackagesMonitor: pid=3515 uid=10021 gids={1006, 3003, 1015, 1028}
D/dalvikvm( 1873): GC_EXPLICIT freed 38K, 75% free 2193K/8451K, paused 2ms+1ms, total 21ms
D/dalvikvm( 1873): WAIT_FOR_CONCURRENT_GC blocked 1ms
E/Trace   ( 3515): error opening trace file: No such file or directory (2)
D/dalvikvm( 1873): GC_EXPLICIT freed <1K, 75% free 2193K/8451K, paused 1ms+1ms, total 15ms
D/PackageManager( 2122): generateServicesMap(android.content.SyncAdapter): 13 services unchanged
D/dalvikvm( 1873): GC_EXPLICIT freed <1K, 75% free 2193K/8451K, paused 1ms+2ms, total 16ms
I/ActivityThread( 3515): Pub com.android.gallery3d.provider: com.android.gallery3d.provider.GalleryProvider
D/dalvikvm( 3286): GC_FOR_ALLOC freed 1135K, 57% free 3643K/8451K, paused 22ms, total 37ms
I/ActivityManager( 2122): Start proc com.android.voicedialer for broadcast com.android.voicedialer/.VoiceDialerReceiver: pid=3534 uid=10046 gids={3002, 1028}
I/ActivityManager( 2122): No longer want com.mobilesrepublic.appy (pid 3164): hidden #16
E/Trace   ( 3534): error opening trace file: No such file or directory (2)
I/ActivityManager( 2122): No longer want com.keramidas.TitaniumBackup (pid 3180): hidden #16
I/GservicesProvider( 2544): main difference update completed
I/ActivityManager( 2122): Start proc com.keramidas.TitaniumBackup for broadcast com.keramidas.TitaniumBackup/.PackageEventsReceiver: pid=3547 uid=10065 gids={1028, 1015, 3003}
E/Trace   ( 3547): error opening trace file: No such file or directory (2)
I/com.keramidas.TitaniumBackup.MainApplication( 3547): onCreate()
D/dalvikvm( 3547): Trying to load lib /data/data/com.keramidas.TitaniumBackup/lib/libtitanium.so 0x411275b8
D/dalvikvm( 3547): Added shared lib /data/data/com.keramidas.TitaniumBackup/lib/libtitanium.so 0x411275b8
I/com.keramidas.TitaniumBackup.MainApplication( 3547): Detected CPU architecture: ARM
W/Settings( 3547): Setting android_id has moved from android.provider.Settings.System to android.provider.Settings.Secure, returning read-only value.
D/o.   ( 3547): Debug features are disabled.
I/o.   ( 3547): restoreMySettings_ifNeeded()
I/o.   ( 3547): Internal settings found => No need to restore.
W/Resources( 3547): Converting to string: TypedValue{t=0x10/d=0x0 a=-1}
W/Resources( 3547): Converting to string: TypedValue{t=0x10/d=0x0 a=-1}
W/Resources( 3547): Converting to string: TypedValue{t=0x10/d=0x0 a=-1}
W/Resources( 3547): Converting to string: TypedValue{t=0x10/d=0xf a=-1}
W/Resources( 3547): Converting to string: TypedValue{t=0x10/d=0x80 a=-1}
W/Resources( 3547): Converting to string: TypedValue{t=0x10/d=0x80 a=-1}
W/Resources( 3547): Converting to string: TypedValue{t=0x10/d=0x3 a=-1}
W/Resources( 3547): Converting to string: TypedValue{t=0x10/d=0x3 a=-1}
W/Resources( 3547): Converting to string: TypedValue{t=0x10/d=0x20 a=-1}
W/Resources( 3547): Converting to string: TypedValue{t=0x10/d=0x20 a=-1}
W/Resources( 3547): Converting to string: TypedValue{t=0x10/d=0x1 a=-1}
W/Resources( 3547): Converting to string: TypedValue{t=0x10/d=0x3 a=-1}
W/Resources( 3547): Converting to string: TypedValue{t=0x10/d=0x3 a=-1}
I/ActivityManager( 2122): Start proc com.google.android.partnersetup for broadcast com.google.android.partnersetup/.GservicesChangedReceiver: pid=3563 uid=10054 gids={3003, 1028}
I/ActivityManager( 2122): No longer want com.google.android.apps.maps:FriendService (pid 3124): hidden #16
E/Trace   ( 3563): error opening trace file: No such file or directory (2)
I/ActivityThread( 3563): Pub com.google.android.partnersetup.rlzprovider: com.google.android.partnersetup.RlzProvider
I/ActivityThread( 3563): Pub com.google.android.partnersetup.rlzappprovider: com.google.android.partnersetup.RlzAppProvider
I/SystemUpdateService( 2544): cancelUpdate (empty URL)
I/ActivityManager( 2122): Start proc com.google.android.setupwizard for broadcast com.google.android.setupwizard/.GservicesChangedReceiver: pid=3584 uid=10060 gids={3003, 1028}
I/CheckinTask( 2544): Checkin success: https://android.clients.google.com/checkin (1 requests sent)
E/Trace   ( 3584): error opening trace file: No such file or directory (2)
I/SystemUpdateService( 2544): cancelUpdate (empty URL)
I/ActivityManager( 2122): Start proc com.google.android.googlequicksearchbox for broadcast com.google.android.googlequicksearchbox/com.google.android.searchcommon.GservicesBroadcastReceiver: pid=3601 uid=10034 gids={3003, 1028, 1007, 3002, 1015, 1006}
I/ActivityManager( 2122): No longer want com.flikie.wallpapers (pid 3286): hidden #16
E/Trace   ( 3601): error opening trace file: No such file or directory (2)
I/ActivityThread( 3601): Pub com.google.android.googlequicksearchbox.AudioProvider: com.google.android.speech.audio.AudioProvider
I/ActivityThread( 3601): Pub com.google.android.velvet.gallery.ImageProvider: com.google.android.velvet.gallery.ImageProvider
I/ActivityThread( 3601): Pub com.google.android.googlequicksearchbox.google: com.google.android.searchcommon.google.GoogleSuggestionProvider
D/dalvikvm( 2122): GC_EXPLICIT freed 1918K, 22% free 11442K/14535K, paused 2ms+8ms, total 82ms
D/GStaticConfiguration( 3601): #loadConfiguration
D/GStaticConfiguration( 3601): #loadConfiguration from preference
D/GStaticConfiguration( 3601): Configuration loaded [30]
W/GAV2    ( 3601): Thread[main,5,main]: Connection to service failed 1
W/ActivityManager( 2122): Unable to start service Intent { act=com.google.android.gms.analytics.service.START (has extras) }: not found
W/GAV2    ( 3601): Thread[main,5,main]: Need to call initialize() and be in fallback mode to start dispatch.
I/Velvet.VelvetFactory( 3601): refreshing search history.
W/GAV2    ( 3601): Thread[Thread-193,5,main]: dispatch call queued.  Need to call GAServiceManager.getInstance().initialize().
I/Search.GservicesUpdateTask( 3601): Updating Gservices keys
W/Sidekick_LocationOracleImpl( 3601): Best location was null
I/Search.RefreshSearchDomainAndCookiesTask( 3601): refreshing search domain
D/GStaticConfiguration( 3601): #update, newConfiguration=false
D/dalvikvm( 3101): GC_EXPLICIT freed 3065K, 66% free 2907K/8451K, paused 2ms+5ms, total 54ms
I/Gmail   ( 3101): MainSyncRequestProto: lowestBkwdConvoId: 0, highestHandledServerOp: 665210, normalSync: true
I/ActivityManager( 2122): No longer want com.google.android.apps.maps:LocationFriendService (pid 3339): hidden #16
I/ActivityManager( 2122): No longer want com.google.android.talk (pid 3314): hidden #16
E/StatusService( 3486): java.net.ConnectException: failed to connect to /192.168.1.100 (port 8080): connect failed: EHOSTUNREACH (No route to host)
E/StatusService( 3486): java.net.ConnectException: failed to connect to /192.168.1.100 (port 8080): connect failed: EHOSTUNREACH (No route to host)
E/StatusService( 3486): 	at libcore.io.IoBridge.connect(IoBridge.java:114)
E/StatusService( 3486): 	at java.net.PlainSocketImpl.connect(PlainSocketImpl.java:192)
E/StatusService( 3486): 	at java.net.PlainSocketImpl.connect(PlainSocketImpl.java:459)
E/StatusService( 3486): 	at java.net.Socket.connect(Socket.java:842)
E/StatusService( 3486): 	at libcore.net.http.HttpConnection.<init>(HttpConnection.java:76)
E/StatusService( 3486): 	at libcore.net.http.HttpConnection.<init>(HttpConnection.java:50)
E/StatusService( 3486): 	at libcore.net.http.HttpConnection$Address.connect(HttpConnection.java:341)
E/StatusService( 3486): 	at libcore.net.http.HttpConnectionPool.get(HttpConnectionPool.java:87)
E/StatusService( 3486): 	at libcore.net.http.HttpConnection.connect(HttpConnection.java:128)
E/StatusService( 3486): 	at libcore.net.http.HttpEngine.openSocketConnection(HttpEngine.java:315)
E/StatusService( 3486): 	at libcore.net.http.HttpEngine.connect(HttpEngine.java:310)
E/StatusService( 3486): 	at libcore.net.http.HttpEngine.sendSocketRequest(HttpEngine.java:289)
E/StatusService( 3486): 	at libcore.net.http.HttpEngine.sendRequest(HttpEngine.java:239)
E/StatusService( 3486): 	at libcore.net.http.HttpURLConnectionImpl.getResponse(HttpURLConnectionImpl.java:273)
E/StatusService( 3486): 	at libcore.net.http.HttpURLConnectionImpl.getInputStream(HttpURLConnectionImpl.java:168)
E/StatusService( 3486): 	at org.peterbaldwin.vlcremote.net.XmlContentHandler.parse(XmlContentHandler.java:37)
E/StatusService( 3486): 	at org.peterbaldwin.vlcremote.net.StatusContentHandler.getContent(StatusContentHandler.java:275)
E/StatusService( 3486): 	at org.peterbaldwin.vlcremote.net.MediaServer$Request.read(MediaServer.java:175)
E/StatusService( 3486): 	at org.peterbaldwin.vlcremote.net.MediaServer$StatusRequest.read(MediaServer.java:202)
E/StatusService( 3486): 	at org.peterbaldwin.vlcremote.service.StatusService.handleMessage(StatusService.java:188)
E/StatusService( 3486): 	at android.os.Handler.dispatchMessage(Handler.java:95)
E/StatusService( 3486): 	at android.os.Looper.loop(Looper.java:137)
E/StatusService( 3486): 	at android.os.HandlerThread.run(HandlerThread.java:60)
E/StatusService( 3486): Caused by: libcore.io.ErrnoException: connect failed: EHOSTUNREACH (No route to host)
E/StatusService( 3486): 	at libcore.io.Posix.connect(Native Method)
E/StatusService( 3486): 	at libcore.io.BlockGuardOs.connect(BlockGuardOs.java:85)
E/StatusService( 3486): 	at libcore.io.IoBridge.connectErrno(IoBridge.java:127)
E/StatusService( 3486): 	at libcore.io.IoBridge.connect(IoBridge.java:112)
E/StatusService( 3486): 	... 22 more
D/dalvikvm( 3101): GC_EXPLICIT freed 1363K, 66% free 2899K/8451K, paused 4ms+5ms, total 51ms
I/Gmail   ( 3101): MainSyncRequestProto: lowestBkwdConvoId: 0, highestHandledServerOp: 665210, normalSync: true
I/Gmail   ( 3101): lowestBackward conversation id 0
I/GAV2    ( 3601): Thread[GAThread,5,main]: No campaign data found.
D/MediaProvider( 2310): object removed 10292
W/Gmail   ( 3101): Scheduling index for 300000 ms from now
D/dalvikvm( 2544): GC_EXPLICIT freed 1248K, 59% free 3494K/8451K, paused 3ms+5ms, total 43ms
I/Gmail   ( 3101): Sending notification intent: Intent { act=com.android.mail.action.update_notification typ=application/gmail-ls (has extras) }
I/ActivityManager( 2122): No longer want eu.ttbox.geoping (pid 3261): hidden #16
W/Gmail   ( 3101): Showing notification with unreadCount of 1735 and unseenCount of 3
D/PhoneStatusBar( 2243): addNotification score=0
I/ActivityManager( 2122): No longer want com.cyanogenmod.updater (pid 3436): hidden #16
D/dalvikvm( 2243): GC_CONCURRENT freed 3249K, 46% free 5424K/9863K, paused 1ms+4ms, total 18ms
D/dalvikvm( 2122): GC_EXPLICIT freed 708K, 22% free 11340K/14535K, paused 2ms+5ms, total 60ms
W/MediaScanner( 2310): Error opening directory '/storage/sdcard0/.android_secure/', skipping: Permission denied.
D/dalvikvm( 2310): GC_EXPLICIT freed 1162K, 71% free 2532K/8451K, paused 1ms+3ms, total 21ms
D/dalvikvm( 2122): GC_EXPLICIT freed 129K, 23% free 11303K/14535K, paused 2ms+6ms, total 73ms
E/StatusService( 3486): java.net.ConnectException: failed to connect to /192.168.1.100 (port 8080): connect failed: EHOSTUNREACH (No route to host)
E/StatusService( 3486): java.net.ConnectException: failed to connect to /192.168.1.100 (port 8080): connect failed: EHOSTUNREACH (No route to host)
E/StatusService( 3486): 	at libcore.io.IoBridge.connect(IoBridge.java:114)
E/StatusService( 3486): 	at java.net.PlainSocketImpl.connect(PlainSocketImpl.java:192)
E/StatusService( 3486): 	at java.net.PlainSocketImpl.connect(PlainSocketImpl.java:459)
E/StatusService( 3486): 	at java.net.Socket.connect(Socket.java:842)
E/StatusService( 3486): 	at libcore.net.http.HttpConnection.<init>(HttpConnection.java:76)
E/StatusService( 3486): 	at libcore.net.http.HttpConnection.<init>(HttpConnection.java:50)
E/StatusService( 3486): 	at libcore.net.http.HttpConnection$Address.connect(HttpConnection.java:341)
E/StatusService( 3486): 	at libcore.net.http.HttpConnectionPool.get(HttpConnectionPool.java:87)
E/StatusService( 3486): 	at libcore.net.http.HttpConnection.connect(HttpConnection.java:128)
E/StatusService( 3486): 	at libcore.net.http.HttpEngine.openSocketConnection(HttpEngine.java:315)
E/StatusService( 3486): 	at libcore.net.http.HttpEngine.connect(HttpEngine.java:310)
E/StatusService( 3486): 	at libcore.net.http.HttpEngine.sendSocketRequest(HttpEngine.java:289)
E/StatusService( 3486): 	at libcore.net.http.HttpEngine.sendRequest(HttpEngine.java:239)
E/StatusService( 3486): 	at libcore.net.http.HttpURLConnectionImpl.getResponse(HttpURLConnectionImpl.java:273)
E/StatusService( 3486): 	at libcore.net.http.HttpURLConnectionImpl.getInputStream(HttpURLConnectionImpl.java:168)
E/StatusService( 3486): 	at org.peterbaldwin.vlcremote.net.XmlContentHandler.parse(XmlContentHandler.java:37)
E/StatusService( 3486): 	at org.peterbaldwin.vlcremote.net.StatusContentHandler.getContent(StatusContentHandler.java:275)
E/StatusService( 3486): 	at org.peterbaldwin.vlcremote.net.MediaServer$Request.read(MediaServer.java:175)
E/StatusService( 3486): 	at org.peterbaldwin.vlcremote.net.MediaServer$StatusRequest.read(MediaServer.java:202)
E/StatusService( 3486): 	at org.peterbaldwin.vlcremote.service.StatusService.handleMessage(StatusService.java:188)
E/StatusService( 3486): 	at android.os.Handler.dispatchMessage(Handler.java:95)
E/StatusService( 3486): 	at android.os.Looper.loop(Looper.java:137)
E/StatusService( 3486): 	at android.os.HandlerThread.run(HandlerThread.java:60)
E/StatusService( 3486): Caused by: libcore.io.ErrnoException: connect failed: EHOSTUNREACH (No route to host)
E/StatusService( 3486): 	at libcore.io.Posix.connect(Native Method)
E/StatusService( 3486): 	at libcore.io.BlockGuardOs.connect(BlockGuardOs.java:85)
E/StatusService( 3486): 	at libcore.io.IoBridge.connectErrno(IoBridge.java:127)
E/StatusService( 3486): 	at libcore.io.IoBridge.connect(IoBridge.java:112)
E/StatusService( 3486): 	... 22 more
D/dalvikvm( 2122): GC_EXPLICIT freed 90K, 23% free 11302K/14535K, paused 2ms+6ms, total 79ms
D/dalvikvm( 2310): GC_EXPLICIT freed 575K, 69% free 2686K/8451K, paused 1ms+4ms, total 20ms
D/dalvikvm( 2122): GC_EXPLICIT freed 101K, 23% free 11302K/14535K, paused 2ms+5ms, total 67ms
W/GAV2    ( 3601): Thread[Service Reconnect,5,main]: Connection to service failed 1
W/ActivityManager( 2122): Unable to start service Intent { act=com.google.android.gms.analytics.service.START (has extras) }: not found
D/dalvikvm( 2122): GC_EXPLICIT freed 95K, 23% free 11302K/14535K, paused 2ms+4ms, total 73ms
W/GAV2    ( 3601): Thread[GAThread,5,main]: Exception sending hit: HttpHostConnectException
W/GAV2    ( 3601): Thread[GAThread,5,main]: Connection to http://www.google-analytics.com refused
D/dalvikvm( 2310): GC_EXPLICIT freed 748K, 69% free 2693K/8451K, paused 1ms+4ms, total 21ms
D/dalvikvm( 2122): GC_EXPLICIT freed 88K, 23% free 11301K/14535K, paused 2ms+4ms, total 55ms
D/dalvikvm( 2122): GC_EXPLICIT freed 87K, 23% free 11301K/14535K, paused 2ms+4ms, total 64ms
D/dalvikvm( 2310): GC_EXPLICIT freed 725K, 69% free 2694K/8451K, paused 2ms+5ms, total 28ms
D/dalvikvm( 2122): GC_EXPLICIT freed 88K, 23% free 11301K/14535K, paused 2ms+4ms, total 62ms
D/dalvikvm( 2122): GC_EXPLICIT freed 88K, 23% free 11301K/14535K, paused 2ms+4ms, total 58ms
D/dalvikvm( 2310): GC_EXPLICIT freed 726K, 69% free 2694K/8451K, paused 1ms+4ms, total 21ms
D/dalvikvm( 2122): GC_EXPLICIT freed 88K, 23% free 11301K/14535K, paused 2ms+4ms, total 56ms
D/dalvikvm( 2122): GC_EXPLICIT freed 133K, 23% free 11299K/14535K, paused 4ms+9ms, total 111ms
D/dalvikvm( 2310): GC_EXPLICIT freed 784K, 69% free 2698K/8451K, paused 2ms+8ms, total 46ms
D/dalvikvm( 2122): GC_EXPLICIT freed 94K, 23% free 11299K/14535K, paused 2ms+4ms, total 55ms
D/dalvikvm( 2122): GC_EXPLICIT freed 87K, 23% free 11299K/14535K, paused 2ms+4ms, total 57ms
D/dalvikvm( 2310): GC_EXPLICIT freed 756K, 69% free 2699K/8451K, paused 1ms+4ms, total 22ms
D/dalvikvm( 2122): GC_EXPLICIT freed 88K, 23% free 11299K/14535K, paused 2ms+4ms, total 55ms
D/dalvikvm( 2122): GC_EXPLICIT freed 87K, 23% free 11299K/14535K, paused 2ms+3ms, total 55ms
D/dalvikvm( 2310): GC_EXPLICIT freed 721K, 69% free 2698K/8451K, paused 1ms+4ms, total 22ms
D/dalvikvm( 2122): GC_EXPLICIT freed 89K, 23% free 11299K/14535K, paused 2ms+3ms, total 55ms
D/dalvikvm( 2122): GC_EXPLICIT freed 87K, 23% free 11299K/14535K, paused 2ms+4ms, total 58ms
D/dalvikvm( 2310): GC_EXPLICIT freed 757K, 69% free 2698K/8451K, paused 1ms+4ms, total 28ms
D/dalvikvm( 2122): GC_EXPLICIT freed 361K, 22% free 11371K/14535K, paused 4ms+5ms, total 66ms
D/dalvikvm( 2122): GC_EXPLICIT freed 140K, 23% free 11318K/14535K, paused 2ms+4ms, total 55ms
D/dalvikvm( 2310): GC_EXPLICIT freed 773K, 69% free 2698K/8451K, paused 2ms+6ms, total 33ms
D/dalvikvm( 2122): GC_EXPLICIT freed 100K, 23% free 11306K/14535K, paused 3ms+6ms, total 76ms
D/dalvikvm( 2122): GC_EXPLICIT freed 92K, 23% free 11301K/14535K, paused 2ms+5ms, total 55ms
D/dalvikvm( 2310): GC_EXPLICIT freed 773K, 69% free 2698K/8451K, paused 2ms+4ms, total 25ms
D/dalvikvm( 2122): GC_EXPLICIT freed 90K, 23% free 11298K/14535K, paused 3ms+4ms, total 65ms
D/dalvikvm( 2122): GC_EXPLICIT freed 87K, 23% free 11298K/14535K, paused 2ms+5ms, total 55ms
D/dalvikvm( 2310): GC_EXPLICIT freed 774K, 69% free 2698K/8451K, paused 1ms+4ms, total 23ms
D/dalvikvm( 2122): GC_EXPLICIT freed 90K, 23% free 11298K/14535K, paused 2ms+5ms, total 72ms
D/dalvikvm( 2122): GC_EXPLICIT freed 87K, 23% free 11298K/14535K, paused 2ms+4ms, total 55ms
D/dalvikvm( 2310): GC_EXPLICIT freed 772K, 69% free 2698K/8451K, paused 1ms+4ms, total 25ms
