--------- beginning of /dev/log/main
I/cm      ( 1859): Welcome to Android 4.1.2 / CyanogenMod-10-20121216-NIGHTLY-i9100 
I/cm      ( 1860):                                                 _  
I/cm      ( 1861):  __ __ _ ___  _ _  __  ___  __ _ _  _  _  __  __)) 
I/cm      ( 1863): ((_ \(/'((_( ((\( ((_)((_( (('((\( ((`1( ((_)((_(  
I/cm      ( 1864):      ))                 _)) 
I/cm      ( 1865):   
I/DEBUG   ( 1870): debuggerd: Dec 15 2012 01:18:04
--------- beginning of /dev/log/system
I/Vold    ( 1868): Vold 2.1 (the revenge) firing up
D/Vold    ( 1868): Volume sdcard0 state changing -1 (Initializing) -> 0 (No-Media)
D/Vold    ( 1868): Volume sdcard1 state changing -1 (Initializing) -> 0 (No-Media)
D/Vold    ( 1868): Volume usbdisk0 state changing -1 (Initializing) -> 0 (No-Media)
I/Netd    ( 1869): Netd 1.0 starting
D/Vold    ( 1868): Volume sdcard0 state changing 0 (No-Media) -> 2 (Pending)
D/DirectVolume( 1868): DirectVolume::handlePartitionAdded -> MAJOR 179, MINOR 1, PARTN 1
D/DirectVolume( 1868): DirectVolume::handlePartitionAdded -> MAJOR 179, MINOR 2, PARTN 2
D/DirectVolume( 1868): DirectVolume::handlePartitionAdded -> MAJOR 179, MINOR 3, PARTN 3
D/DirectVolume( 1868): DirectVolume::handlePartitionAdded -> MAJOR 179, MINOR 4, PARTN 4
D/DirectVolume( 1868): DirectVolume::handlePartitionAdded -> MAJOR 179, MINOR 5, PARTN 5
D/DirectVolume( 1868): DirectVolume::handlePartitionAdded -> MAJOR 179, MINOR 6, PARTN 6
D/DirectVolume( 1868): DirectVolume::handlePartitionAdded -> MAJOR 179, MINOR 7, PARTN 7
D/Vold    ( 1868): Volume sdcard0 state changing 2 (Pending) -> 1 (Idle-Unmounted)
D/DirectVolume( 1868): DirectVolume::handlePartitionAdded -> MAJOR 259, MINOR 0, PARTN 8
E/DirectVolume( 1868): Partition '/devices/platform/dw_mmc/mmc_host/mmc0/mmc0:0001/block/mmcblk0/mmcblk0p8' has a different major than its disk!
W/Vold    ( 1868): Duplicate state (1)
D/DirectVolume( 1868): DirectVolume::handlePartitionAdded -> MAJOR 259, MINOR 1, PARTN 9
E/DirectVolume( 1868): Partition '/devices/platform/dw_mmc/mmc_host/mmc0/mmc0:0001/block/mmcblk0/mmcblk0p9' has a different major than its disk!
W/Vold    ( 1868): Duplicate state (1)
D/DirectVolume( 1868): DirectVolume::handlePartitionAdded -> MAJOR 259, MINOR 2, PARTN 10
E/DirectVolume( 1868): Partition '/devices/platform/dw_mmc/mmc_host/mmc0/mmc0:0001/block/mmcblk0/mmcblk0p10' has a different major than its disk!
W/Vold    ( 1868): Duplicate state (1)
D/DirectVolume( 1868): DirectVolume::handlePartitionAdded -> MAJOR 259, MINOR 3, PARTN 11
E/DirectVolume( 1868): Partition '/devices/platform/dw_mmc/mmc_host/mmc0/mmc0:0001/block/mmcblk0/mmcblk0p11' has a different major than its disk!
W/Vold    ( 1868): Duplicate state (1)
D/DirectVolume( 1868): DirectVolume::handlePartitionAdded -> MAJOR 259, MINOR 4, PARTN 12
E/DirectVolume( 1868): Partition '/devices/platform/dw_mmc/mmc_host/mmc0/mmc0:0001/block/mmcblk0/mmcblk0p12' has a different major than its disk!
W/Vold    ( 1868): Duplicate state (1)
W/Vold    ( 1868): Duplicate state (1)
W/Vold    ( 1868): Duplicate state (1)
W/Vold    ( 1868): Duplicate state (1)
W/Vold    ( 1868): Duplicate state (1)
D/Vold    ( 1868): Volume sdcard1 state changing 0 (No-Media) -> 2 (Pending)
D/DirectVolume( 1868): DirectVolume::handlePartitionAdded -> MAJOR 179, MINOR 25, PARTN 1
D/Vold    ( 1868): Volume sdcard1 state changing 2 (Pending) -> 1 (Idle-Unmounted)
I/Tvout   ( 1879): TvoutService Service start!
I/ServiceManager( 1879): Waiting for service SurfaceFlinger...
D/AndroidRuntime( 1873): 
D/AndroidRuntime( 1873): >>>>>> AndroidRuntime START com.android.internal.os.ZygoteInit <<<<<<
D/AndroidRuntime( 1873): CheckJNI is OFF
I/SurfaceFlinger( 1872): SurfaceFlinger is starting
I/SurfaceFlinger( 1872): use dithering
I/SurfaceFlinger( 1872): SurfaceFlinger's main thread ready to run. Initializing graphics H/W...
I/gralloc ( 1872): using (fd=16)
I/gralloc ( 1872): id           = s3cfb
I/gralloc ( 1872): xres         = 480 px
I/gralloc ( 1872): yres         = 800 px
I/gralloc ( 1872): xres_virtual = 480 px
I/gralloc ( 1872): yres_virtual = 1600 px
I/gralloc ( 1872): bpp          = 32
I/gralloc ( 1872): r            = 16:8
I/gralloc ( 1872): g            =  8:8
I/gralloc ( 1872): b            =  0:8
I/gralloc ( 1872): width        = 56 mm (217.714279 dpi)
I/gralloc ( 1872): height       = 93 mm (218.494629 dpi)
I/gralloc ( 1872): refresh rate = 60.00 Hz
D/libEGL  ( 1872): loaded /system/lib/egl/libEGL_mali.so
D/MDnsDS  ( 1869): MDnsSdListener::Hander starting up
D/MDnsDS  ( 1869): MDnsSdListener starting to monitor
D/MDnsDS  ( 1869): Going to poll with pollCount 1
D/libEGL  ( 1872): loaded /system/lib/egl/libGLESv1_CM_mali.so
D/libEGL  ( 1872): loaded /system/lib/egl/libGLESv2_mali.so
I/SurfaceFlinger( 1872): EGL informations:
I/SurfaceFlinger( 1872): # of configs : 21
I/SurfaceFlinger( 1872): vendor    : Android
I/SurfaceFlinger( 1872): version   : 1.4 Android META-EGL
I/SurfaceFlinger( 1872): extensions: EGL_KHR_image EGL_KHR_image_base EGL_KHR_image_pixmap EGL_KHR_gl_texture_2D_image EGL_KHR_gl_texture_cubemap_image EGL_KHR_gl_renderbuffer_image EGL_KHR_fence_sync EGL_ANDROID_image_native_buffer 
I/SurfaceFlinger( 1872): Client API: OpenGL_ES
I/SurfaceFlinger( 1872): EGLSurface: 8-8-8-8, config=0x60000014
I/SurfaceFlinger( 1872): OpenGL informations:
I/SurfaceFlinger( 1872): vendor    : ARM
I/SurfaceFlinger( 1872): renderer  : Mali-400 MP
I/SurfaceFlinger( 1872): version   : OpenGL ES-CM 1.1
I/SurfaceFlinger( 1872): extensions: GL_EXT_debug_marker GL_OES_byte_coordinates GL_OES_fixed_point GL_OES_single_precision GL_OES_matrix_get GL_OES_read_format GL_OES_compressed_paletted_texture GL_OES_point_size_array GL_OES_point_sprite GL_OES_texture_npot GL_OES_query_matrix GL_OES_matrix_palette GL_OES_extended_matrix_palette GL_OES_compressed_ETC1_RGB8_texture GL_OES_EGL_image GL_OES_draw_texture GL_OES_depth_texture GL_OES_packed_depth_stencil GL_EXT_texture_format_BGRA8888 GL_OES_framebuffer_object GL_OES_stencil8 GL_OES_depth24 GL_ARM_rgba8 GL_OES_EGL_image_external GL_OES_EGL_sync GL_OES_rgb8_rgba8 GL_EXT_multisampled_render_to_texture GL_OES_texture_cube_map GL_EXT_discard_framebuffer 
I/SurfaceFlinger( 1872): GL_MAX_TEXTURE_SIZE = 4096
I/SurfaceFlinger( 1872): GL_MAX_VIEWPORT_DIMS = 4096 x 4096
I/SurfaceFlinger( 1872): flags = 00000000
D/SECHWC_LOG( 1872): Dump Window Information
D/SECHWC_LOG( 1872): win->fd = 24
D/SECHWC_LOG( 1872): win->size = 1536000
D/SECHWC_LOG( 1872): win->rect_info.x = 0
D/SECHWC_LOG( 1872): win->rect_info.y = 0
D/SECHWC_LOG( 1872): win->rect_info.w = 480
D/SECHWC_LOG( 1872): win->rect_info.h = 800
D/SECHWC_LOG( 1872): win->addr[0] = 0x7103b000
D/SECHWC_LOG( 1872): win->addr[1] = 0x711b2000
D/SECHWC_LOG( 1872): win->buf_index = 0
D/SECHWC_LOG( 1872): win->power_state = 1
D/SECHWC_LOG( 1872): win->blending = 0
D/SECHWC_LOG( 1872): win->layer_index = 0
D/SECHWC_LOG( 1872): win->status = 0
D/SECHWC_LOG( 1872): win->vsync = 0
D/SECHWC_LOG( 1872): win->fix_info.smem_start = 0x7103b000
D/SECHWC_LOG( 1872): win->fix_info.line_length = 1920
D/SECHWC_LOG( 1872): win->var_info.xres = 480
D/SECHWC_LOG( 1872): win->var_info.yres = 800
D/SECHWC_LOG( 1872): win->var_info.xres_virtual = 480
D/SECHWC_LOG( 1872): win->var_info.yres_virtual = 1600
D/SECHWC_LOG( 1872): win->var_info.xoffset = 0
D/SECHWC_LOG( 1872): win->var_info.yoffset = 0
D/SECHWC_LOG( 1872): win->lcd_info.xres = 480
D/SECHWC_LOG( 1872): win->lcd_info.yres = 800
D/SECHWC_LOG( 1872): win->lcd_info.xoffset = 0
D/SECHWC_LOG( 1872): win->lcd_info.yoffset = 0
D/SECHWC_LOG( 1872): win->lcd_info.bits_per_pixel = 32
I/ServiceManager( 1872): Waiting for service SecTVOutService...
I/mediaserver( 1875): ServiceManager: 0x41164f80
V/yamaha::media::VolumeCtrl( 1875): VolumeCtrl constructor
E/yamaha::media::ParamFile( 1875): readVolume(/data/system/volume.dat) Error.
V/yamaha::media::VolumeCtrl( 1875): VolumeCtrl::getDefaultVolume()
D/dalvikvm( 1873): Trying to load lib libjavacore.so 0x0
D/dalvikvm( 1873): Added shared lib libjavacore.so 0x0
V/yamaha::media::VolumeCtrl( 1875): VolumeCtrl::initialize()
D/dalvikvm( 1873): Trying to load lib libnativehelper.so 0x0
D/dalvikvm( 1873): Added shared lib libnativehelper.so 0x0
V/yamaha::media::VolumeCtrl( 1875): VolumeCtrl::createVolume()
V/yamaha::media::VolumeCtrl( 1875): VolumeCtrl::setVolume()
D/yamaha::media::VolumeCtrl( 1875): VolumeCtrl::setVolume() FM Playback: Ready
D/yamaha::media::VolumeCtrl( 1875): VolumeCtrl::setVolume() VoiceCall: Ready
D/SecTVOutService( 1875): SecTVOutService instantiate
I/libfimc ( 1875): bool SecFimc::create(SecFimc::FIMC_DEV, fimc_overlay_mode, unsigned int):: Fimc reserved memory =0x6eb3b000
D/SecTVOutService( 1875): virtual void android::SecTVOutService::setHdmiStatus(uint32_t) HDMI cable status = 1
I/ServiceManager( 1879): Waiting for service SurfaceFlinger...
I/SamplingProfilerIntegration( 1873): Profiling disabled.
I/Zygote  ( 1873): Preloading classes...
D/dalvikvm( 1873): GC_EXPLICIT freed 37K, 84% free 419K/2560K, paused 1ms+1ms, total 4ms
W/Zygote  ( 1873): Class not found for preloading: android.animation.ValueAnimator$2
W/Zygote  ( 1873): Class not found for preloading: android.animation.ValueAnimator$3
W/Zygote  ( 1873): Class not found for preloading: android.animation.ValueAnimator$4
W/Zygote  ( 1873): Class not found for preloading: android.animation.ValueAnimator$5
W/Zygote  ( 1873): Class not found for preloading: android.content.res.Resources$1
D/        ( 1875): bool android::SecHdmi::connect()::m_flagHWConnected() fail 
E/SecTVOutService( 1875): virtual void android::SecTVOutService::setHdmiStatus(uint32_t)::mSecHdmi.connect() fail
D/SecTVOutService( 1875): SecTVOutService r=0
I/AudioFlinger( 1875): Using default 3000 mSec as standby time.
I/CameraService( 1875): CameraService started (pid=1875)
V/CameraWrapper( 1875): camera_get_number_of_cameras
V/CameraWrapper( 1875): check_vendor_module
W/Zygote  ( 1873): Class not found for preloading: android.database.sqlite.SQLiteCompiledSql
W/Zygote  ( 1873): Class not found for preloading: android.database.sqlite.SQLiteDatabase$DatabaseReentrantLock
D/SecCameraHardware( 1875): LSIHAL int android::HAL_getNumberOfCameras()
I/AudioPolicyManager( 1875): android::AudioPolicyInterface* android::createAudioPolicyManager(android::AudioPolicyClientInterface*) 
W/AudioFlinger( 1875): findSuitableHwDev_l() loading well know audio hw modules
I/SurfaceFlinger( 1872): EventThread ready to run.
V/yamaha::media::CManager( 1875): constructor
V/yamaha::media::CManager( 1875): connect()
I/AudioHardwareYamaha( 1875): AudioHardware::AudioHardware() create_LVVEFS()
E/Trace   ( 1872): error opening trace file: No such file or directory (2)
I/AudioHardwareYamaha( 1875): setEnableHDMI enable - 0, mOldEnableHDMI - 1
I/AudioFlinger( 1875): loadHwModule() Loaded primary audio interface from Samsung SMDKC210 audio hw HAL (audio) handle 1
I/AudioFlinger( 1875): loadHwModule() Loaded a2dp audio interface from A2DP Audio HW HAL (audio) handle 2
E/AudioFlinger( 1875): int android::load_audio_interface(char const*, audio_hw_device_t**) couldn't load audio hw module audio.usb (No such file or directory)
I/AudioFlinger( 1875): loadHwModule() error -2 loading module usb 
I/ALSAModule( 1875): Initialized ALSA PLAYBACK device hifi
I/SoundBooster( 1875): Construct SoundBooster for Phone
I/SoundBooster( 1875): SoundBooster : H,0 G,6 C,2 S,2
D/SoundBooster( 1875): SoundBoosterInit(): sampleRate=44100
I/AcousticEQ( 1875): Construct AcousticEQ for Phone
I/AcousticEQ( 1875): [AEQ] readAcousticEQTable
I/AcousticEQ( 1875): [AEQ] readAcousticEQ_ULPTables
I/AudioFlinger( 1875): HAL output buffer size 1024 frames, normal mix buffer size 1024 frames
D/libEGL  ( 2102): loaded /system/lib/egl/libEGL_mali.so
D/libEGL  ( 2102): loaded /system/lib/egl/libGLESv1_CM_mali.so
D/libEGL  ( 2102): loaded /system/lib/egl/libGLESv2_mali.so
E/Trace   ( 2102): error opening trace file: No such file or directory (2)
D/TextLayoutCache( 1873): Using debug level = 0 - Debug Enabled = 0
I/AudioMixer( 1875): found effect "Multichannel Downmix To Stereo" from The Android Open Source Project
I/AudioFlinger( 1875): Using module 0 has the primary audio interface
E/AudioHardwareYamaha( 1875): Connect_RILD() error
V/yamaha::media::CManager( 1875): setMasterVolume(volume=1.000000)
V/yamaha::media::VolumeCtrl( 1875): VolumeCtrl::setMasterVolume(volume=1.000000)
I/AudioFlinger( 1875): AudioFlinger's thread 0x4112e008 ready to run
W/AudioFlinger( 1875): Thread AudioOut_3 cannot connect to the power manager service
I/AudioHardwareYamaha( 1875): AudioHardware::setDevices(devices=00000002h, mask=00023FFFh)
V/yamaha::media::CManager( 1875): setDevices(devices=00000002h)
I/AudioHardwareYamaha( 1875): AudioHardware::setParameters(keyValuePairs="routing=1048576")
I/AudioHardwareYamaha( 1875): ### setDeivceInCall devices 1048576, force = 1
I/AudioHardwareYamaha( 1875): AudioHardware::setDevices(devices=00100000h, mask=C3FC0000h)
V/yamaha::media::CManager( 1875): setDevices(devices=00000002h)
I/ALSAModule( 1875): Terminated ALSA PLAYBACK device hifi
I/AudioHardwareYamaha( 1875): ### setDeivceInCall = 00100000h  mEnabledDualMic 1
I/AudioPolicyService( 1875): Loaded audio policy from Samsung SMDKC210 audio policy HAL (audio_policy)
I/dalvikvm( 1873): threadid=1: recursive native library load attempt (/system/lib/libmedia_jni.so)
D/MtpDeviceJNI( 1873): register_android_mtp_MtpDevice
I/dalvikvm( 1873): threadid=1: recursive native library load attempt (/system/lib/libmedia_jni.so)
I/dalvikvm( 1873): threadid=1: recursive native library load attempt (/system/lib/libmedia_jni.so)
W/Zygote  ( 1873): Class not found for preloading: android.media.IRemoteControlClientDispatcher
W/Zygote  ( 1873): Class not found for preloading: android.media.IRemoteControlClientDispatcher$Stub
I/ServiceManager( 1872): Waiting to check permission android.permission.ACCESS_SURFACE_FLINGER from uid=1000 pid=1879
W/Zygote  ( 1873): Class not found for preloading: android.os.Power
W/Zygote  ( 1873): Class not found for preloading: android.text.TextDirectionHeuristics$CharCount
W/Zygote  ( 1873): Class not found for preloading: android.text.method.WordIterator$1
W/Zygote  ( 1873): Class not found for preloading: android.view.InputHandler
W/Zygote  ( 1873): Class not found for preloading: android.view.InputQueue$FinishedCallback
W/Zygote  ( 1873): Class not found for preloading: android.view.ViewRootImpl$3
I/dalvikvm( 1873): threadid=1: recursive native library load attempt (/system/lib/libwebcore.so)
D/dalvikvm( 1873): No JNI_OnLoad found in /system/lib/libchromium_net.so 0x0, skipping init
D/dalvikvm( 1873): GC_FOR_ALLOC freed 621K, 36% free 1641K/2560K, paused 12ms, total 12ms
W/Zygote  ( 1873): Class not found for preloading: android.widget.EdgeGlow
W/Zygote  ( 1873): Class not found for preloading: android.widget.TextView$Blink
W/Zygote  ( 1873): Class not found for preloading: android.widget.TextView$EasyEditSpanController
W/Zygote  ( 1873): Class not found for preloading: android.widget.TextView$InputContentType
W/Zygote  ( 1873): Class not found for preloading: android.widget.TextView$InputMethodState
W/Zygote  ( 1873): Class not found for preloading: android.widget.TextView$TextAlign
E/PhonePolicy( 1873): Could not preload class for phone policy: com.android.internal.policy.impl.PhoneWindow$ContextMenuCallback
W/Zygote  ( 1873): Class not found for preloading: java.text.DecimalFormat$1
I/System  ( 1873): Loaded time zone names for  in 142ms (139ms in ICU)
I/System  ( 1873): Loaded time zone names for en_US in 96ms (93ms in ICU)
I/System  ( 1873): Loaded time zone names for en_GB in 88ms (85ms in ICU)
I/Zygote  ( 1873): ...preloaded 2281 classes in 1889ms.
D/dalvikvm( 1873): GC_EXPLICIT freed 1088K, 35% free 2190K/3331K, paused 1ms+1ms, total 18ms
I/Zygote  ( 1873): Preload resources disabled, skipped.
D/dalvikvm( 1873): GC_EXPLICIT freed 8K, 35% free 2181K/3331K, paused 2ms+1ms, total 15ms
D/dalvikvm( 1873): GC_EXPLICIT freed <1K, 35% free 2181K/3331K, paused 1ms+1ms, total 14ms
D/dalvikvm( 1873): GC_EXPLICIT freed <1K, 35% free 2181K/3331K, paused 1ms+1ms, total 14ms
I/dalvikvm( 1873): System server process 2122 has been created
I/Zygote  ( 1873): Accepting command socket connections
I/sysproc ( 2122): Entered system_init()
I/sysproc ( 2122): ServiceManager: 0x51473840
D/SensorService( 2122): nuSensorService starting...
I/SensorService( 2122): KR3DM 3-axis Accelerometer
I/SensorService( 2122): AK8975 3-axis Magnetic field sensor
I/SensorService( 2122): AK8973 Orientation sensor
I/SensorService( 2122): CM3663 Light sensor
I/SensorService( 2122): CM3663 Proximity sensor
I/SensorService( 2122): K3G Gyroscope sensor
I/sysproc ( 2122): System server: starting Android runtime.
I/sysproc ( 2122): System server: starting Android services.
D/SensorService( 2122): nuSensorService thread starting...
I/sysproc ( 2122): System server: entering thread pool.
I/SystemServer( 2122): Entered the Android system server!
I/SystemServer( 2122): Entropy Mixer
I/SystemServer( 2122): Power Manager
I/SystemServer( 2122): Activity Manager
I/ActivityManager( 2122): Memory class: 48
I/UsageStats( 2122): Deleting usage file : usage-20130209
I/SystemServer( 2122): Telephony Registry
I/ActivityManager( 2122): Enabled StrictMode logging for AThread's Looper
I/SystemServer( 2122): Scheduling Policy
I/SystemServer( 2122): Package Manager
W/PackageParser( 2122): No actions in intent filter at /system/app/Bluetooth.apk Binary XML file line #167
W/PackageParser( 2122): No actions in intent filter at /system/app/Bluetooth.apk Binary XML file line #191
W/PackageParser( 2122): No actions in intent filter at /system/app/CMFileManager.apk Binary XML file line #127
W/PackageParser( 2122): No actions in intent filter at /system/app/Contacts.apk Binary XML file line #546
W/PackageParser( 2122): No actions in intent filter at /system/app/DeskClock.apk Binary XML file line #150
W/PackageParser( 2122): No actions in intent filter at /system/app/DeskClock.apk Binary XML file line #159
I/PackageManager( 2122): Package com.google.android.googlequicksearchbox at /system/app/QuickSearchBox.apk ignored: updated version 210020210 better than this 200400000
I/PackageManager( 2122): Package jackpal.androidterm at /system/app/Term.apk ignored: updated version 53 better than this 50
I/PackageManager( 2122): Package com.android.vending at /system/app/Phonesky.apk ignored: updated version 8016010 better than this 8015016
I/PackageManager( 2122): Package com.google.android.marvin.talkback at /system/app/Talkback.apk ignored: updated version 83 better than this 68
D/PackageManager( 2122): No files in app dir /vendor/app
I/installd( 1877): new connection
I/Installer( 2122): connecting...
D/dalvikvm( 2122): GC_CONCURRENT freed 2480K, 45% free 4716K/8451K, paused 4ms+9ms, total 60ms
W/PackageParser( 2122): No actions in intent filter at /data/app/com.flikie.wallpapers.hd-2.apk Binary XML file line #315
I/PackageParser( 2122): com.googlecode.droidwall.free: compat added android.permission.WRITE_EXTERNAL_STORAGE android.permission.READ_PHONE_STATE
W/PackageParser( 2122): No actions in intent filter at /data/app/com.digital_and_dreams.android.swiss_army_knife-1.apk Binary XML file line #97
I/PackageManager( 2122): Time to scan packages: 6.217 seconds
W/PackageManager( 2122): Unknown permission android.permission.ADD_SYSTEM_SERVICE in package com.android.phone
W/PackageManager( 2122): Unknown permission com.android.vending.billing.IBillingAccountService.BIND2 in package com.google.android.gsf.login
W/PackageManager( 2122): Not granting permission android.permission.SEND_DOWNLOAD_COMPLETED_INTENTS to package com.android.browser (protectionLevel=2 flags=0x9be45)
W/PackageManager( 2122): Not granting permission android.permission.HARDWARE_TEST to package com.utooo.android.knife.free (protectionLevel=2 flags=0xbe44)
W/PackageManager( 2122): Unknown permission android.permission.READ_MEDIA_STORAGE in package com.keramidas.TitaniumBackup
W/PackageManager( 2122): Not granting permission android.permission.WRITE_MEDIA_STORAGE to package com.keramidas.TitaniumBackup (protectionLevel=18 flags=0x8be44)
W/PackageManager( 2122): Not granting permission com.android.voicemail.permission.READ_WRITE_ALL_VOICEMAIL to package com.keramidas.TitaniumBackup (protectionLevel=2 flags=0x8be44)
W/PackageManager( 2122): Unknown permission android.permission.READ_OWNER_DATA in package com.google.android.setupwizard
W/PackageManager( 2122): Unknown permission android.permission.WRITE_OWNER_DATA in package com.google.android.setupwizard
W/PackageManager( 2122): Unknown permission com.google.android.voicesearch.SHORTCUTS_ACCESS in package com.google.android.googlequicksearchbox
W/PackageManager( 2122): Unknown permission com.google.android.ears.permission.WRITE in package com.google.android.googlequicksearchbox
W/PackageManager( 2122): Unknown permission com.google.android.apps.googlevoice.permission.AUTO_SEND in package com.google.android.googlequicksearchbox
W/PackageManager( 2122): Unknown permission com.android.providers.im.permission.READ_ONLY in package com.google.android.apps.maps
W/PackageManager( 2122): Not granting permission android.permission.ACCOUNT_MANAGER to package com.google.android.apps.docs (protectionLevel=2 flags=0x8be44)
W/PackageManager( 2122): Unknown permission android.permission.WRITE_SYNC_STATS in package com.google.android.apps.docs
W/PackageManager( 2122): Unknown permission com.cyanogenmod.filemanager.permissions.READ_THEME in package com.cyanogenmod.filemanager
W/PackageManager( 2122): Not granting permission android.permission.SEND_DOWNLOAD_COMPLETED_INTENTS to package com.android.vending (protectionLevel=2 flags=0xabec5)
W/PackageManager( 2122): Unknown permission android.permission.MANAGE_USERS in package com.android.vending
W/PackageManager( 2122): Unknown permission android.permission.INTERACT_ACROSS_USERS in package com.android.vending
W/PackageManager( 2122): Unknown permission android.permission.ACCESS_4G_RADIO_DISABLE in package com.android.systemui
W/PackageManager( 2122): Unknown permission android.permission.ACCESS_4G_STATE in package com.android.systemui
W/PackageManager( 2122): Unknown permission android.permission.CHANGE_4G_STATE in package com.android.systemui
W/PackageManager( 2122): Not granting permission android.permission.DEVICE_POWER to package com.android.deskclock (protectionLevel=2 flags=0x8be45)
D/dalvikvm( 2122): GC_CONCURRENT freed 1295K, 40% free 5155K/8451K, paused 2ms+3ms, total 50ms
D/dalvikvm( 2122): WAIT_FOR_CONCURRENT_GC blocked 22ms
D/dalvikvm( 2122): GC_EXPLICIT freed 280K, 43% free 4875K/8451K, paused 2ms+2ms, total 41ms
I/SystemServer( 2122): Account Manager
D/PackageManager( 2122): generateServicesMap(android.accounts.AccountAuthenticator): 3 services unchanged
I/ActivityThread( 2122): Pub settings: com.android.providers.settings.SettingsProvider
I/SystemServer( 2122): Content Manager
I/SystemServer( 2122): System Content Providers
I/ServiceManager( 1872): Check passed after 9 seconds for android.permission.ACCESS_SURFACE_FLINGER from uid=1000 pid=1879
D/PermissionCache( 1872): checking android.permission.ACCESS_SURFACE_FLINGER for uid=1000 => granted (9002677 us)
D/SettingsProvider( 2122): cache for settings table 'secure' rows=65; fullycached=true
D/SettingsProvider( 2122): cache for settings table 'system' rows=92; fullycached=true
I/SystemServer( 2122): Lights Service
I/SystemServer( 2122): Battery Service
I/SystemServer( 2122): Vibrator Service
I/libsuspend( 2122): Selected early suspend
D/AlarmManagerService( 2122): Kernel timezone updated to -60 minutes west of GMT
I/SystemServer( 2122): Alarm Manager
I/SystemServer( 2122): Init Watchdog
I/SystemServer( 2122): Window Manager
I/InputManager( 2122): Initializing input manager
W/StatusBarManager( 2122): warning: no STATUS_BAR_SERVICE
E/SEC_COMP_REGS( 1875): .
E/SEC_COMP_REGS( 1875): ..
E/SEC_COMP_REGS( 1875): libOMX.SEC.AVC.Decoder.so
E/SEC_COMP_REGS( 1875): Path & libName : /system/lib/omx/libOMX.SEC.AVC.Decoder.so
E/SEC_COMP_REGS( 1875): libOMX.SEC.AVC.Encoder.so
E/SEC_COMP_REGS( 1875): Path & libName : /system/lib/omx/libOMX.SEC.AVC.Encoder.so
I/InputManager( 2122): Starting input manager
I/WindowManager( 2122): Enabled StrictMode for PolicyThread's Looper
I/WindowManager( 2122): Enabled StrictMode logging for WMThread's Looper
I/SystemServer( 2122): Bluetooth Service
E/SEC_COMP_REGS( 1875): libOMX.SEC.M4V.Decoder.so
E/SEC_COMP_REGS( 1875): Path & libName : /system/lib/omx/libOMX.SEC.M4V.Decoder.so
D/EventHub( 2122): No input device configuration file found for device 'compass_sensor'.
E/SEC_COMP_REGS( 1875): libOMX.SEC.M4V.Encoder.so
E/SEC_COMP_REGS( 1875): Path & libName : /system/lib/omx/libOMX.SEC.M4V.Encoder.so
I/BluetoothProfileState( 2122): Message:Entering Stable State
E/SEC_COMP_REGS( 1875): libOMX.SEC.WMV.Decoder.so
E/SEC_COMP_REGS( 1875): Path & libName : /system/lib/omx/libOMX.SEC.WMV.Decoder.so
I/BluetoothProfileState( 2122): Message:Entering Stable State
I/BluetoothProfileState( 2122): Message:Entering Stable State
D/BluetoothA2dpService( 2122): has_special_extra_keys: com.amazon.mp3.metachanged
D/BluetoothA2dpService( 2122): key_name: com.amazon.mp3.metachanged_track
D/BluetoothAdapterStateMachine( 2122): PowerOff process message: 5
D/BluetoothA2dpService( 2122): com.amazon.mp3.metachanged_track: com.amazon.mp3.track
D/BluetoothA2dpService( 2122): key_name: com.amazon.mp3.metachanged_artist
D/BluetoothA2dpService( 2122): com.amazon.mp3.metachanged_artist: com.amazon.mp3.artist
D/BluetoothA2dpService( 2122): key_name: com.amazon.mp3.metachanged_album
D/BluetoothA2dpService( 2122): com.amazon.mp3.metachanged_album: com.amazon.mp3.album
D/BluetoothA2dpService( 2122): key_name: com.amazon.mp3.metachanged_id
D/BluetoothA2dpService( 2122): com.amazon.mp3.metachanged_id: com.amazon.mp3.id
D/BluetoothA2dpService( 2122): has_special_extra_keys: com.amazon.mp3.playstatechanged
D/BluetoothA2dpService( 2122): key_name: com.amazon.mp3.playstatechanged_track
D/BluetoothA2dpService( 2122): com.amazon.mp3.playstatechanged_track: com.amazon.mp3.track
D/BluetoothA2dpService( 2122): key_name: com.amazon.mp3.playstatechanged_artist
E/Trace   ( 1875): error opening trace file: No such file or directory (2)
D/EventHub( 2122): No input device configuration file found for device 'gyro_sensor'.
D/BluetoothA2dpService( 2122): com.amazon.mp3.playstatechanged_artist: com.amazon.mp3.artist
D/BluetoothA2dpService( 2122): key_name: com.amazon.mp3.playstatechanged_album
D/BluetoothA2dpService( 2122): com.amazon.mp3.playstatechanged_album: com.amazon.mp3.album
D/BluetoothA2dpService( 2122): key_name: com.amazon.mp3.playstatechanged_id
D/BluetoothA2dpService( 2122): com.amazon.mp3.playstatechanged_id: com.amazon.mp3.id
I/SystemServer( 2122): Input Method Service
W/InputMethodManagerService( 2122): Couldn't create dir.: /data/system/inputmethod
D/EventHub( 2122): No input device configuration file found for device 'light_sensor'.
D/EventHub( 2122): No input device configuration file found for device 'proximity_sensor'.
I/SystemServer( 2122): Accessibility Manager
E/Trace   ( 2122): error opening trace file: No such file or directory (2)
I/ActivityManager( 2122): Config changed: {1.0 0mcc0mnc en_GB sw320dp w320dp h508dp nrml long port ?uimode ?night -touch -keyb/v/h -nav/h s.2 themeResource=null}
I/SystemServer( 2122): Mount Service
D/MountService( 2122): got storage path: /storage/sdcard0 description: Internal storage primary: true removable: false emulated: false mtpReserve: 0 allowMassStorage: true maxFileSize: 0
D/MountService( 2122): got storage path: /storage/sdcard1 description: SD card primary: false removable: false emulated: false mtpReserve: 0 allowMassStorage: true maxFileSize: 0
D/MountService( 2122): got storage path: /storage/usbdisk0 description: USB storage primary: false removable: true emulated: false mtpReserve: 0 allowMassStorage: false maxFileSize: 0
D/EventHub( 2122): No input device configuration file found for device 'sii9234_rcp'.
I/SystemServer( 2122): LockSettingsService
I/SystemServer( 2122): Device Policy
I/EventHub( 2122): New device: id=5, fd=120, path='/dev/input/event3', name='sii9234_rcp', classes=0x63, configuration='', keyLayout='/system/usr/keylayout/Generic.kl', keyCharacterMap='/system/usr/keychars/Generic.kcm', builtinKeyboard=false, usingSuspendBlockIoctl=false, usingClockIoctl=false
I/EventHub( 2122): New device: id=6, fd=122, path='/dev/input/event2', name='sec_touchscreen', classes=0x14, configuration='/system/usr/idc/sec_touchscreen.idc', keyLayout='', keyCharacterMap='', builtinKeyboard=false, usingSuspendBlockIoctl=false, usingClockIoctl=false
D/EventHub( 2122): No input device configuration file found for device 'gpio-keys'.
I/bluedroid( 2122): Starting hciattach daemon
I/EventHub( 2122): New device: id=7, fd=126, path='/dev/input/event1', name='gpio-keys', classes=0x1, configuration='', keyLayout='/system/usr/keylayout/gpio-keys.kl', keyCharacterMap='/system/usr/keychars/Generic.kcm', builtinKeyboard=false, usingSuspendBlockIoctl=false, usingClockIoctl=false
D/EventHub( 2122): No input device configuration file found for device 'sec_touchkey'.
I/EventHub( 2122): New device: id=8, fd=113, path='/dev/input/event7', name='sec_touchkey', classes=0x1, configuration='', keyLayout='/system/usr/keylayout/sec_touchkey.kl', keyCharacterMap='/system/usr/keychars/Generic.kcm', builtinKeyboard=false, usingSuspendBlockIoctl=false, usingClockIoctl=false
D/EventHub( 2122): No input device configuration file found for device 'max8997-muic'.
D/VoldCmdListener( 1868): volume list
I/EventHub( 2122): New device: id=9, fd=128, path='/dev/input/event0', name='max8997-muic', classes=0x1, configuration='', keyLayout='/system/usr/keylayout/max8997-muic.kl', keyCharacterMap='/system/usr/keychars/Generic.kcm', builtinKeyboard=false, usingSuspendBlockIoctl=false, usingClockIoctl=false
I/SystemServer( 2122): Status Bar
I/SystemServer( 2122): Clipboard Service
I/SystemServer( 2122): NetworkManagement Service
I/PackageManager( 2122): Updating external media status from unmounted to unmounted
I/PackageManager( 2122): No secure containers on sdcard
I/InputReader( 2122): Device added: id=-1, name='Virtual', sources=0x00000301
I/InputReader( 2122): Device added: id=9, name='max8997-muic', sources=0x00000101
I/InputReader( 2122): Device added: id=8, name='sec_touchkey', sources=0x00000101
I/InputReader( 2122): Device added: id=7, name='gpio-keys', sources=0x00000101
W/InputReader( 2122): Invalid value for touch.size.calibration: 'normalized'
I/InputReader( 2122):   Touch device 'sec_touchscreen' could not query the properties of its associated display 0.  The device will be inoperable until the display size becomes available.
I/InputReader( 2122): Device added: id=6, name='sec_touchscreen', sources=0x00001002
I/InputReader( 2122): Device added: id=5, name='sii9234_rcp', sources=0x00000701
D/MountService( 2122): volume state changed for /storage/sdcard0 (null -> unmounted)
D/MountService( 2122): volume state changed for /storage/sdcard1 (null -> unmounted)
D/MountService( 2122): volume state changed for /storage/usbdisk0 (null -> removed)
W/MountService( 2122): getSecureContainerList() called when storage not mounted
D/VoldCmdListener( 1868): asec list
W/PackageManager( 2122): Unknown permission android.permission.ADD_SYSTEM_SERVICE in package com.android.phone
I/InputReader( 2122): Reconfiguring input devices.  changes=0x00000004
I/InputReader( 2122): Device reconfigured: id=6, name='sec_touchscreen', surface size is now 480x800, mode is 1
I/ActivityManager( 2122): Config changed: {1.0 0mcc0mnc en_GB sw320dp w320dp h508dp nrml long port ?uimode ?night finger -keyb/v/h dpad/v s.3 themeResource=null}
W/PackageManager( 2122): Unknown permission com.android.vending.billing.IBillingAccountService.BIND2 in package com.google.android.gsf.login
W/PackageManager( 2122): Not granting permission android.permission.SEND_DOWNLOAD_COMPLETED_INTENTS to package com.android.browser (protectionLevel=2 flags=0x9be45)
W/PackageManager( 2122): Not granting permission android.permission.HARDWARE_TEST to package com.utooo.android.knife.free (protectionLevel=2 flags=0xbe44)
W/PackageManager( 2122): Unknown permission android.permission.READ_MEDIA_STORAGE in package com.keramidas.TitaniumBackup
W/PackageManager( 2122): Not granting permission android.permission.WRITE_MEDIA_STORAGE to package com.keramidas.TitaniumBackup (protectionLevel=18 flags=0x8be44)
W/PackageManager( 2122): Not granting permission com.android.voicemail.permission.READ_WRITE_ALL_VOICEMAIL to package com.keramidas.TitaniumBackup (protectionLevel=2 flags=0x8be44)
W/PackageManager( 2122): Unknown permission android.permission.READ_OWNER_DATA in package com.google.android.setupwizard
W/PackageManager( 2122): Unknown permission android.permission.WRITE_OWNER_DATA in package com.google.android.setupwizard
W/PackageManager( 2122): Unknown permission com.google.android.voicesearch.SHORTCUTS_ACCESS in package com.google.android.googlequicksearchbox
W/PackageManager( 2122): Unknown permission com.google.android.ears.permission.WRITE in package com.google.android.googlequicksearchbox
W/PackageManager( 2122): Unknown permission com.google.android.apps.googlevoice.permission.AUTO_SEND in package com.google.android.googlequicksearchbox
I/SystemServer( 2122): Text Service Manager Service
W/PackageManager( 2122): Unknown permission com.android.providers.im.permission.READ_ONLY in package com.google.android.apps.maps
W/PackageManager( 2122): Not granting permission android.permission.ACCOUNT_MANAGER to package com.google.android.apps.docs (protectionLevel=2 flags=0x8be44)
W/PackageManager( 2122): Unknown permission android.permission.WRITE_SYNC_STATS in package com.google.android.apps.docs
W/PackageManager( 2122): Unknown permission com.cyanogenmod.filemanager.permissions.READ_THEME in package com.cyanogenmod.filemanager
W/PackageManager( 2122): Not granting permission android.permission.SEND_DOWNLOAD_COMPLETED_INTENTS to package com.android.vending (protectionLevel=2 flags=0xabec5)
W/PackageManager( 2122): Unknown permission android.permission.MANAGE_USERS in package com.android.vending
W/PackageManager( 2122): Unknown permission android.permission.INTERACT_ACROSS_USERS in package com.android.vending
W/PackageManager( 2122): Unknown permission android.permission.ACCESS_4G_RADIO_DISABLE in package com.android.systemui
W/PackageManager( 2122): Unknown permission android.permission.ACCESS_4G_STATE in package com.android.systemui
W/PackageManager( 2122): Unknown permission android.permission.CHANGE_4G_STATE in package com.android.systemui
W/PackageManager( 2122): Not granting permission android.permission.DEVICE_POWER to package com.android.deskclock (protectionLevel=2 flags=0x8be45)
I/SystemServer( 2122): NetworkStats Service
I/SystemServer( 2122): NetworkPolicy Service
I/SystemServer( 2122): Wi-Fi P2pService
I/SystemServer( 2122): Wi-Fi Service
E/CommandListener( 1869): Failed to open /proc/sys/net/ipv6/conf/wlan0/disable_ipv6: No such file or directory
E/WifiStateMachine( 2122): Failed to disable IPv6: java.lang.IllegalStateException: command '1 interface ipv6 wlan0 disable' failed with '400 1 Failed to change IPv6 state (No such file or directory)'
I/SystemServer( 2122): Connectivity Service
D/ConnectivityService( 2122): ConnectivityService starting up
E/ConnectivityService( 2122): Ignoring protectedNetwork 10
E/ConnectivityService( 2122): Ignoring protectedNetwork 11
E/ConnectivityService( 2122): Ignoring protectedNetwork 12
E/MobileDataStateTracker( 2122): default: Ignoring feature request because could not acquire PhoneService
E/MobileDataStateTracker( 2122): default: Could not enable APN type "default"
I/WifiService( 2122): WifiService starting up with Wi-Fi enabled
D/WifiService( 2122): setWifiEnabled: true pid=2122, uid=1000
D/WifiWatchdogStateMachine( 2122): Disabling poor network avoidance for wi-fi only device
I/SystemServer( 2122): Network Service Discovery Service
D/NsdService( 2122): Network service discovery enabled true
I/SystemServer( 2122): Throttle Service
I/SystemServer( 2122): UpdateLock Service
I/SystemServer( 2122): Profile Manager
D/ProfileService( 2122): Found active: f2c2c181-e910-412a-aec1-924ba2ad0b84
D/ProfileService( 2122): Set active profile to: f2c2c181-e910-412a-aec1-924ba2ad0b84 - Default
D/ProfileService( 2122): Saving profile data...
D/dalvikvm( 2122): GC_CONCURRENT freed 1117K, 34% free 5584K/8451K, paused 1ms+3ms, total 39ms
D/dalvikvm( 2122): WAIT_FOR_CONCURRENT_GC blocked 37ms
D/ProfileService( 2122): Save completed.
E/brcm_patchram_plus( 2211): Done setting line discpline
D/PackageManager( 2122): generateServicesMap(android.accounts.AccountAuthenticator): 3 services unchanged
W/bluedroid( 2122): Bluetoothd already started, unexpectedly!
I/bluedroid( 2122): Starting bluetoothd deamon
E/BluetoothEventLoop.cpp( 2122): get_adapter_path: D-Bus error: org.freedesktop.DBus.Error.ServiceUnknown (The name org.bluez was not provided by any .service files)
E/BluetoothEventLoop.cpp( 2122): get_adapter_path: D-Bus error: org.freedesktop.DBus.Error.ServiceUnknown (The name org.bluez was not provided by any .service files)
E/BluetoothEventLoop.cpp( 2122): get_adapter_path: D-Bus error: org.freedesktop.DBus.Error.ServiceUnknown (The name org.bluez was not provided by any .service files)
E/BluetoothEventLoop.cpp( 2122): get_adapter_path: D-Bus error: org.freedesktop.DBus.Error.ServiceUnknown (The name org.bluez was not provided by any .service files)
E/BluetoothEventLoop.cpp( 2122): get_adapter_path: D-Bus error: org.freedesktop.DBus.Error.ServiceUnknown (The name org.bluez was not provided by any .service files)
E/BluetoothEventLoop.cpp( 2122): get_adapter_path: D-Bus error: org.freedesktop.DBus.Error.ServiceUnknown (The name org.bluez was not provided by any .service files)
E/BluetoothEventLoop.cpp( 2122): get_adapter_path: D-Bus error: org.freedesktop.DBus.Error.ServiceUnknown (The name org.bluez was not provided by any .service files)
E/BluetoothEventLoop.cpp( 2122): get_adapter_path: D-Bus error: org.bluez.Error.NoSuchAdapter (No such adapter)
E/BluetoothEventLoop.cpp( 2122): failure setting up Event Loop!
D/PackageManager( 2122): generateServicesMap(android.content.SyncAdapter): 13 services unchanged
I/SystemServer( 2122): Notification Manager
I/SystemServer( 2122): Device Storage Monitor
I/SystemServer( 2122): Location Manager
I/SystemServer( 2122): Country Detector
I/SystemServer( 2122): Search Service
I/SystemServer( 2122): DropBox Service
I/SystemServer( 2122): Wallpaper Service
I/SystemServer( 2122): Audio Service
I/AudioService( 2122):   Remote Control   registerMediaButtonIntent() for PendingIntent{41347a80: PendingIntentRecord{41221c08 android broadcastIntent}}
D/AudioSystem( 1875): android::AudioSystem::isSeparatedStream(audio_stream_type_t) called!
D/AudioSystem( 1875): audio_stream_type_t: 0
D/AudioSystem( 1875): isSeparatedStream: false
D/AudioSystem( 1875): android::AudioSystem::isSeparatedStream(audio_stream_type_t) called!
D/AudioSystem( 1875): audio_stream_type_t: 0
D/AudioSystem( 1875): isSeparatedStream: false
D/AudioSystem( 1875): android::AudioSystem::isSeparatedStream(audio_stream_type_t) called!
D/AudioSystem( 1875): audio_stream_type_t: 0
D/AudioSystem( 1875): isSeparatedStream: false
D/AudioSystem( 1875): android::AudioSystem::isSeparatedStream(audio_stream_type_t) called!
D/AudioSystem( 1875): audio_stream_type_t: 0
D/AudioSystem( 1875): isSeparatedStream: false
D/AudioSystem( 1875): android::AudioSystem::isSeparatedStream(audio_stream_type_t) called!
D/AudioSystem( 1875): audio_stream_type_t: 0
D/AudioSystem( 1875): isSeparatedStream: false
D/AudioSystem( 1875): android::AudioSystem::isSeparatedStream(audio_stream_type_t) called!
D/AudioSystem( 1875): audio_stream_type_t: 0
D/AudioSystem( 1875): isSeparatedStream: false
D/AudioSystem( 1875): android::AudioSystem::isSeparatedStream(audio_stream_type_t) called!
D/AudioSystem( 1875): audio_stream_type_t: 0
D/AudioSystem( 1875): isSeparatedStream: false
D/AudioSystem( 1875): android::AudioSystem::isSeparatedStream(audio_stream_type_t) called!
D/AudioSystem( 1875): audio_stream_type_t: 0
D/AudioSystem( 1875): isSeparatedStream: false
D/AudioSystem( 1875): android::AudioSystem::isSeparatedStream(audio_stream_type_t) called!
D/AudioSystem( 1875): audio_stream_type_t: 0
D/AudioSystem( 1875): isSeparatedStream: false
D/AudioSystem( 1875): android::AudioSystem::isSeparatedStream(audio_stream_type_t) called!
D/AudioSystem( 1875): audio_stream_type_t: 0
D/AudioSystem( 1875): isSeparatedStream: false
D/AudioSystem( 1875): android::AudioSystem::isSeparatedStream(audio_stream_type_t) called!
D/AudioSystem( 1875): audio_stream_type_t: 0
D/AudioSystem( 1875): isSeparatedStream: false
D/AudioSystem( 1875): android::AudioSystem::isSeparatedStream(audio_stream_type_t) called!
D/AudioSystem( 1875): audio_stream_type_t: 0
D/AudioSystem( 1875): isSeparatedStream: false
D/AudioSystem( 1875): android::AudioSystem::isSeparatedStream(audio_stream_type_t) called!
D/AudioSystem( 1875): audio_stream_type_t: 0
D/AudioSystem( 1875): isSeparatedStream: false
D/AudioSystem( 1875): android::AudioSystem::isSeparatedStream(audio_stream_type_t) called!
D/AudioSystem( 1875): audio_stream_type_t: 0
D/AudioSystem( 1875): isSeparatedStream: false
D/AudioSystem( 1875): android::AudioSystem::isSeparatedStream(audio_stream_type_t) called!
D/AudioSystem( 1875): audio_stream_type_t: 0
D/AudioSystem( 1875): isSeparatedStream: false
D/AudioSystem( 1875): android::AudioSystem::isSeparatedStream(audio_stream_type_t) called!
D/AudioSystem( 1875): audio_stream_type_t: 0
D/AudioSystem( 1875): isSeparatedStream: false
D/AudioSystem( 1875): android::AudioSystem::isSeparatedStream(audio_stream_type_t) called!
D/AudioSystem( 1875): audio_stream_type_t: 1
D/AudioSystem( 1875): isSeparatedStream: false
D/AudioSystem( 1875): android::AudioSystem::isSeparatedStream(audio_stream_type_t) called!
D/AudioSystem( 1875): audio_stream_type_t: 1
D/AudioSystem( 1875): isSeparatedStream: false
D/AudioSystem( 1875): android::AudioSystem::isSeparatedStream(audio_stream_type_t) called!
D/AudioSystem( 1875): audio_stream_type_t: 1
D/AudioSystem( 1875): isSeparatedStream: false
D/AudioSystem( 1875): android::AudioSystem::isSeparatedStream(audio_stream_type_t) called!
D/AudioSystem( 1875): audio_stream_type_t: 1
D/AudioSystem( 1875): isSeparatedStream: false
D/AudioSystem( 1875): android::AudioSystem::isSeparatedStream(audio_stream_type_t) called!
D/AudioSystem( 1875): audio_stream_type_t: 1
D/AudioSystem( 1875): isSeparatedStream: false
D/AudioSystem( 1875): android::AudioSystem::isSeparatedStream(audio_stream_type_t) called!
D/AudioSystem( 1875): audio_stream_type_t: 1
D/AudioSystem( 1875): isSeparatedStream: false
D/AudioSystem( 1875): android::AudioSystem::isSeparatedStream(audio_stream_type_t) called!
D/AudioSystem( 1875): audio_stream_type_t: 1
D/AudioSystem( 1875): isSeparatedStream: false
D/AudioSystem( 1875): android::AudioSystem::isSeparatedStream(audio_stream_type_t) called!
D/AudioSystem( 1875): audio_stream_type_t: 1
D/AudioSystem( 1875): isSeparatedStream: false
D/AudioSystem( 1875): android::AudioSystem::isSeparatedStream(audio_stream_type_t) called!
D/AudioSystem( 1875): audio_stream_type_t: 1
D/AudioSystem( 1875): isSeparatedStream: false
D/AudioSystem( 1875): android::AudioSystem::isSeparatedStream(audio_stream_type_t) called!
D/AudioSystem( 1875): audio_stream_type_t: 1
D/AudioSystem( 1875): isSeparatedStream: false
D/AudioSystem( 1875): android::AudioSystem::isSeparatedStream(audio_stream_type_t) called!
D/AudioSystem( 1875): audio_stream_type_t: 1
D/AudioSystem( 1875): isSeparatedStream: false
D/AudioSystem( 1875): android::AudioSystem::isSeparatedStream(audio_stream_type_t) called!
D/AudioSystem( 1875): audio_stream_type_t: 1
D/AudioSystem( 1875): isSeparatedStream: false
D/AudioSystem( 1875): android::AudioSystem::isSeparatedStream(audio_stream_type_t) called!
D/AudioSystem( 1875): audio_stream_type_t: 1
D/AudioSystem( 1875): isSeparatedStream: false
D/AudioSystem( 1875): android::AudioSystem::isSeparatedStream(audio_stream_type_t) called!
D/AudioSystem( 1875): audio_stream_type_t: 1
D/AudioSystem( 1875): isSeparatedStream: false
D/AudioSystem( 1875): android::AudioSystem::isSeparatedStream(audio_stream_type_t) called!
D/AudioSystem( 1875): audio_stream_type_t: 1
D/AudioSystem( 1875): isSeparatedStream: false
D/AudioSystem( 1875): android::AudioSystem::isSeparatedStream(audio_stream_type_t) called!
D/AudioSystem( 1875): audio_stream_type_t: 1
D/AudioSystem( 1875): isSeparatedStream: false
D/AudioSystem( 1875): android::AudioSystem::isSeparatedStream(audio_stream_type_t) called!
D/AudioSystem( 1875): audio_stream_type_t: 2
D/AudioSystem( 1875): isSeparatedStream: false
D/AudioSystem( 1875): android::AudioSystem::isSeparatedStream(audio_stream_type_t) called!
D/AudioSystem( 1875): audio_stream_type_t: 2
D/AudioSystem( 1875): isSeparatedStream: false
D/AudioSystem( 1875): android::AudioSystem::isSeparatedStream(audio_stream_type_t) called!
D/AudioSystem( 1875): audio_stream_type_t: 2
D/AudioSystem( 1875): isSeparatedStream: false
D/AudioSystem( 1875): android::AudioSystem::isSeparatedStream(audio_stream_type_t) called!
D/AudioSystem( 1875): audio_stream_type_t: 2
D/AudioSystem( 1875): isSeparatedStream: false
D/AudioSystem( 1875): android::AudioSystem::isSeparatedStream(audio_stream_type_t) called!
D/AudioSystem( 1875): audio_stream_type_t: 2
D/AudioSystem( 1875): isSeparatedStream: false
D/AudioSystem( 1875): android::AudioSystem::isSeparatedStream(audio_stream_type_t) called!
D/AudioSystem( 1875): audio_stream_type_t: 2
D/AudioSystem( 1875): isSeparatedStream: false
D/AudioSystem( 1875): android::AudioSystem::isSeparatedStream(audio_stream_type_t) called!
D/AudioSystem( 1875): audio_stream_type_t: 2
D/AudioSystem( 1875): isSeparatedStream: false
D/AudioSystem( 1875): android::AudioSystem::isSeparatedStream(audio_stream_type_t) called!
D/AudioSystem( 1875): audio_stream_type_t: 2
D/AudioSystem( 1875): isSeparatedStream: false
D/AudioSystem( 1875): android::AudioSystem::isSeparatedStream(audio_stream_type_t) called!
D/AudioSystem( 1875): audio_stream_type_t: 2
D/AudioSystem( 1875): isSeparatedStream: false
D/AudioSystem( 1875): android::AudioSystem::isSeparatedStream(audio_stream_type_t) called!
D/AudioSystem( 1875): audio_stream_type_t: 2
D/AudioSystem( 1875): isSeparatedStream: false
D/AudioSystem( 1875): android::AudioSystem::isSeparatedStream(audio_stream_type_t) called!
D/AudioSystem( 1875): audio_stream_type_t: 2
D/AudioSystem( 1875): isSeparatedStream: false
D/AudioSystem( 1875): android::AudioSystem::isSeparatedStream(audio_stream_type_t) called!
D/AudioSystem( 1875): audio_stream_type_t: 2
D/AudioSystem( 1875): isSeparatedStream: false
D/AudioSystem( 1875): android::AudioSystem::isSeparatedStream(audio_stream_type_t) called!
D/AudioSystem( 1875): audio_stream_type_t: 2
D/AudioSystem( 1875): isSeparatedStream: false
D/AudioSystem( 1875): android::AudioSystem::isSeparatedStream(audio_stream_type_t) called!
D/AudioSystem( 1875): audio_stream_type_t: 2
D/AudioSystem( 1875): isSeparatedStream: false
D/AudioSystem( 1875): android::AudioSystem::isSeparatedStream(audio_stream_type_t) called!
D/AudioSystem( 1875): audio_stream_type_t: 2
D/AudioSystem( 1875): isSeparatedStream: false
D/AudioSystem( 1875): android::AudioSystem::isSeparatedStream(audio_stream_type_t) called!
D/AudioSystem( 1875): audio_stream_type_t: 2
D/AudioSystem( 1875): isSeparatedStream: false
D/AudioSystem( 1875): android::AudioSystem::isSeparatedStream(audio_stream_type_t) called!
D/AudioSystem( 1875): audio_stream_type_t: 3
D/AudioSystem( 1875): isSeparatedStream: false
D/AudioSystem( 1875): android::AudioSystem::isSeparatedStream(audio_stream_type_t) called!
D/AudioSystem( 1875): audio_stream_type_t: 3
D/AudioSystem( 1875): isSeparatedStream: false
D/AudioSystem( 1875): android::AudioSystem::isSeparatedStream(audio_stream_type_t) called!
D/AudioSystem( 1875): audio_stream_type_t: 3
D/AudioSystem( 1875): isSeparatedStream: false
D/AudioSystem( 1875): android::AudioSystem::isSeparatedStream(audio_stream_type_t) called!
D/AudioSystem( 1875): audio_stream_type_t: 3
D/AudioSystem( 1875): isSeparatedStream: false
D/AudioSystem( 1875): android::AudioSystem::isSeparatedStream(audio_stream_type_t) called!
D/AudioSystem( 1875): audio_stream_type_t: 3
D/AudioSystem( 1875): isSeparatedStream: false
D/AudioSystem( 1875): android::AudioSystem::isSeparatedStream(audio_stream_type_t) called!
D/AudioSystem( 1875): audio_stream_type_t: 3
D/AudioSystem( 1875): isSeparatedStream: false
D/AudioSystem( 1875): android::AudioSystem::isSeparatedStream(audio_stream_type_t) called!
D/AudioSystem( 1875): audio_stream_type_t: 3
D/AudioSystem( 1875): isSeparatedStream: false
D/AudioSystem( 1875): android::AudioSystem::isSeparatedStream(audio_stream_type_t) called!
D/AudioSystem( 1875): audio_stream_type_t: 3
D/AudioSystem( 1875): isSeparatedStream: false
D/AudioSystem( 1875): android::AudioSystem::isSeparatedStream(audio_stream_type_t) called!
D/AudioSystem( 1875): audio_stream_type_t: 3
D/AudioSystem( 1875): isSeparatedStream: false
D/AudioSystem( 1875): android::AudioSystem::isSeparatedStream(audio_stream_type_t) called!
D/AudioSystem( 1875): audio_stream_type_t: 3
D/AudioSystem( 1875): isSeparatedStream: false
D/AudioSystem( 1875): android::AudioSystem::isSeparatedStream(audio_stream_type_t) called!
D/AudioSystem( 1875): audio_stream_type_t: 3
D/AudioSystem( 1875): isSeparatedStream: false
D/AudioSystem( 1875): android::AudioSystem::isSeparatedStream(audio_stream_type_t) called!
D/AudioSystem( 1875): audio_stream_type_t: 3
D/AudioSystem( 1875): isSeparatedStream: false
D/AudioSystem( 1875): android::AudioSystem::isSeparatedStream(audio_stream_type_t) called!
D/AudioSystem( 1875): audio_stream_type_t: 3
