D/AudioSystem( 1875): isSeparatedStream: false
D/AudioSystem( 1875): android::AudioSystem::isSeparatedStream(audio_stream_type_t) called!
D/AudioSystem( 1875): audio_stream_type_t: 3
D/AudioSystem( 1875): isSeparatedStream: false
D/AudioSystem( 1875): android::AudioSystem::isSeparatedStream(audio_stream_type_t) called!
D/AudioSystem( 1875): audio_stream_type_t: 3
D/AudioSystem( 1875): isSeparatedStream: false
D/AudioSystem( 1875): android::AudioSystem::isSeparatedStream(audio_stream_type_t) called!
D/AudioSystem( 1875): audio_stream_type_t: 3
D/AudioSystem( 1875): isSeparatedStream: false
D/AudioSystem( 1875): android::AudioSystem::isSeparatedStream(audio_stream_type_t) called!
D/AudioSystem( 1875): audio_stream_type_t: 4
D/AudioSystem( 1875): isSeparatedStream: false
D/AudioSystem( 1875): android::AudioSystem::isSeparatedStream(audio_stream_type_t) called!
D/AudioSystem( 1875): audio_stream_type_t: 4
D/AudioSystem( 1875): isSeparatedStream: false
D/AudioSystem( 1875): android::AudioSystem::isSeparatedStream(audio_stream_type_t) called!
D/AudioSystem( 1875): audio_stream_type_t: 4
D/AudioSystem( 1875): isSeparatedStream: false
D/AudioSystem( 1875): android::AudioSystem::isSeparatedStream(audio_stream_type_t) called!
D/AudioSystem( 1875): audio_stream_type_t: 4
D/AudioSystem( 1875): isSeparatedStream: false
D/AudioSystem( 1875): android::AudioSystem::isSeparatedStream(audio_stream_type_t) called!
D/AudioSystem( 1875): audio_stream_type_t: 4
D/AudioSystem( 1875): isSeparatedStream: false
D/AudioSystem( 1875): android::AudioSystem::isSeparatedStream(audio_stream_type_t) called!
D/AudioSystem( 1875): audio_stream_type_t: 4
D/AudioSystem( 1875): isSeparatedStream: false
D/AudioSystem( 1875): android::AudioSystem::isSeparatedStream(audio_stream_type_t) called!
D/AudioSystem( 1875): audio_stream_type_t: 4
D/AudioSystem( 1875): isSeparatedStream: false
D/AudioSystem( 1875): android::AudioSystem::isSeparatedStream(audio_stream_type_t) called!
D/AudioSystem( 1875): audio_stream_type_t: 4
D/AudioSystem( 1875): isSeparatedStream: false
D/AudioSystem( 1875): android::AudioSystem::isSeparatedStream(audio_stream_type_t) called!
D/AudioSystem( 1875): audio_stream_type_t: 4
D/AudioSystem( 1875): isSeparatedStream: false
D/AudioSystem( 1875): android::AudioSystem::isSeparatedStream(audio_stream_type_t) called!
D/AudioSystem( 1875): audio_stream_type_t: 4
D/AudioSystem( 1875): isSeparatedStream: false
D/AudioSystem( 1875): android::AudioSystem::isSeparatedStream(audio_stream_type_t) called!
D/AudioSystem( 1875): audio_stream_type_t: 4
D/AudioSystem( 1875): isSeparatedStream: false
D/AudioSystem( 1875): android::AudioSystem::isSeparatedStream(audio_stream_type_t) called!
D/AudioSystem( 1875): audio_stream_type_t: 4
D/AudioSystem( 1875): isSeparatedStream: false
D/AudioSystem( 1875): android::AudioSystem::isSeparatedStream(audio_stream_type_t) called!
D/AudioSystem( 1875): audio_stream_type_t: 4
D/AudioSystem( 1875): isSeparatedStream: false
D/AudioSystem( 1875): android::AudioSystem::isSeparatedStream(audio_stream_type_t) called!
D/AudioSystem( 1875): audio_stream_type_t: 4
D/AudioSystem( 1875): isSeparatedStream: false
D/AudioSystem( 1875): android::AudioSystem::isSeparatedStream(audio_stream_type_t) called!
D/AudioSystem( 1875): audio_stream_type_t: 4
D/AudioSystem( 1875): isSeparatedStream: false
D/AudioSystem( 1875): android::AudioSystem::isSeparatedStream(audio_stream_type_t) called!
D/AudioSystem( 1875): audio_stream_type_t: 4
D/AudioSystem( 1875): isSeparatedStream: false
D/AudioSystem( 1875): android::AudioSystem::isSeparatedStream(audio_stream_type_t) called!
D/AudioSystem( 1875): audio_stream_type_t: 5
D/AudioSystem( 1875): isSeparatedStream: false
D/AudioSystem( 1875): android::AudioSystem::isSeparatedStream(audio_stream_type_t) called!
D/AudioSystem( 1875): audio_stream_type_t: 5
D/AudioSystem( 1875): isSeparatedStream: false
D/AudioSystem( 1875): android::AudioSystem::isSeparatedStream(audio_stream_type_t) called!
D/AudioSystem( 1875): audio_stream_type_t: 5
D/AudioSystem( 1875): isSeparatedStream: false
D/AudioSystem( 1875): android::AudioSystem::isSeparatedStream(audio_stream_type_t) called!
D/AudioSystem( 1875): audio_stream_type_t: 5
D/AudioSystem( 1875): isSeparatedStream: false
D/AudioSystem( 1875): android::AudioSystem::isSeparatedStream(audio_stream_type_t) called!
D/AudioSystem( 1875): audio_stream_type_t: 5
D/AudioSystem( 1875): isSeparatedStream: false
D/AudioSystem( 1875): android::AudioSystem::isSeparatedStream(audio_stream_type_t) called!
D/AudioSystem( 1875): audio_stream_type_t: 5
D/AudioSystem( 1875): isSeparatedStream: false
D/AudioSystem( 1875): android::AudioSystem::isSeparatedStream(audio_stream_type_t) called!
D/AudioSystem( 1875): audio_stream_type_t: 5
D/AudioSystem( 1875): isSeparatedStream: false
D/AudioSystem( 1875): android::AudioSystem::isSeparatedStream(audio_stream_type_t) called!
D/AudioSystem( 1875): audio_stream_type_t: 5
D/AudioSystem( 1875): isSeparatedStream: false
D/AudioSystem( 1875): android::AudioSystem::isSeparatedStream(audio_stream_type_t) called!
D/AudioSystem( 1875): audio_stream_type_t: 5
D/AudioSystem( 1875): isSeparatedStream: false
D/AudioSystem( 1875): android::AudioSystem::isSeparatedStream(audio_stream_type_t) called!
D/AudioSystem( 1875): audio_stream_type_t: 5
D/AudioSystem( 1875): isSeparatedStream: false
D/AudioSystem( 1875): android::AudioSystem::isSeparatedStream(audio_stream_type_t) called!
D/AudioSystem( 1875): audio_stream_type_t: 5
D/AudioSystem( 1875): isSeparatedStream: false
D/AudioSystem( 1875): android::AudioSystem::isSeparatedStream(audio_stream_type_t) called!
D/AudioSystem( 1875): audio_stream_type_t: 5
D/AudioSystem( 1875): isSeparatedStream: false
D/AudioSystem( 1875): android::AudioSystem::isSeparatedStream(audio_stream_type_t) called!
D/AudioSystem( 1875): audio_stream_type_t: 5
D/AudioSystem( 1875): isSeparatedStream: false
D/AudioSystem( 1875): android::AudioSystem::isSeparatedStream(audio_stream_type_t) called!
D/AudioSystem( 1875): audio_stream_type_t: 5
D/AudioSystem( 1875): isSeparatedStream: false
D/AudioSystem( 1875): android::AudioSystem::isSeparatedStream(audio_stream_type_t) called!
D/AudioSystem( 1875): audio_stream_type_t: 5
D/AudioSystem( 1875): isSeparatedStream: false
D/AudioSystem( 1875): android::AudioSystem::isSeparatedStream(audio_stream_type_t) called!
D/AudioSystem( 1875): audio_stream_type_t: 5
D/AudioSystem( 1875): isSeparatedStream: false
D/AudioSystem( 1875): android::AudioSystem::isSeparatedStream(audio_stream_type_t) called!
D/AudioSystem( 1875): audio_stream_type_t: 6
D/AudioSystem( 1875): isSeparatedStream: false
D/AudioSystem( 1875): android::AudioSystem::isSeparatedStream(audio_stream_type_t) called!
D/AudioSystem( 1875): audio_stream_type_t: 6
D/AudioSystem( 1875): isSeparatedStream: false
D/AudioSystem( 1875): android::AudioSystem::isSeparatedStream(audio_stream_type_t) called!
D/AudioSystem( 1875): audio_stream_type_t: 6
D/AudioSystem( 1875): isSeparatedStream: false
D/AudioSystem( 1875): android::AudioSystem::isSeparatedStream(audio_stream_type_t) called!
D/AudioSystem( 1875): audio_stream_type_t: 6
D/AudioSystem( 1875): isSeparatedStream: false
D/AudioSystem( 1875): android::AudioSystem::isSeparatedStream(audio_stream_type_t) called!
D/AudioSystem( 1875): audio_stream_type_t: 6
D/AudioSystem( 1875): isSeparatedStream: false
D/AudioSystem( 1875): android::AudioSystem::isSeparatedStream(audio_stream_type_t) called!
D/AudioSystem( 1875): audio_stream_type_t: 6
D/AudioSystem( 1875): isSeparatedStream: false
D/AudioSystem( 1875): android::AudioSystem::isSeparatedStream(audio_stream_type_t) called!
D/AudioSystem( 1875): audio_stream_type_t: 6
D/AudioSystem( 1875): isSeparatedStream: false
D/AudioSystem( 1875): android::AudioSystem::isSeparatedStream(audio_stream_type_t) called!
D/AudioSystem( 1875): audio_stream_type_t: 6
D/AudioSystem( 1875): isSeparatedStream: false
D/AudioSystem( 1875): android::AudioSystem::isSeparatedStream(audio_stream_type_t) called!
D/AudioSystem( 1875): audio_stream_type_t: 6
D/AudioSystem( 1875): isSeparatedStream: false
D/AudioSystem( 1875): android::AudioSystem::isSeparatedStream(audio_stream_type_t) called!
D/AudioSystem( 1875): audio_stream_type_t: 6
D/AudioSystem( 1875): isSeparatedStream: false
D/AudioSystem( 1875): android::AudioSystem::isSeparatedStream(audio_stream_type_t) called!
D/AudioSystem( 1875): audio_stream_type_t: 6
D/AudioSystem( 1875): isSeparatedStream: false
D/AudioSystem( 1875): android::AudioSystem::isSeparatedStream(audio_stream_type_t) called!
D/AudioSystem( 1875): audio_stream_type_t: 6
D/AudioSystem( 1875): isSeparatedStream: false
D/AudioSystem( 1875): android::AudioSystem::isSeparatedStream(audio_stream_type_t) called!
D/AudioSystem( 1875): audio_stream_type_t: 6
D/AudioSystem( 1875): isSeparatedStream: false
D/AudioSystem( 1875): android::AudioSystem::isSeparatedStream(audio_stream_type_t) called!
D/AudioSystem( 1875): audio_stream_type_t: 6
D/AudioSystem( 1875): isSeparatedStream: false
D/AudioSystem( 1875): android::AudioSystem::isSeparatedStream(audio_stream_type_t) called!
D/AudioSystem( 1875): audio_stream_type_t: 6
D/AudioSystem( 1875): isSeparatedStream: false
D/AudioSystem( 1875): android::AudioSystem::isSeparatedStream(audio_stream_type_t) called!
D/AudioSystem( 1875): audio_stream_type_t: 6
D/AudioSystem( 1875): isSeparatedStream: false
D/AudioSystem( 1875): android::AudioSystem::isSeparatedStream(audio_stream_type_t) called!
D/AudioSystem( 1875): audio_stream_type_t: 7
D/AudioSystem( 1875): isSeparatedStream: false
D/AudioSystem( 1875): android::AudioSystem::isSeparatedStream(audio_stream_type_t) called!
D/AudioSystem( 1875): audio_stream_type_t: 7
D/AudioSystem( 1875): isSeparatedStream: false
D/AudioSystem( 1875): android::AudioSystem::isSeparatedStream(audio_stream_type_t) called!
D/AudioSystem( 1875): audio_stream_type_t: 7
D/AudioSystem( 1875): isSeparatedStream: false
D/AudioSystem( 1875): android::AudioSystem::isSeparatedStream(audio_stream_type_t) called!
D/AudioSystem( 1875): audio_stream_type_t: 7
D/AudioSystem( 1875): isSeparatedStream: false
D/AudioSystem( 1875): android::AudioSystem::isSeparatedStream(audio_stream_type_t) called!
D/AudioSystem( 1875): audio_stream_type_t: 7
D/AudioSystem( 1875): isSeparatedStream: false
D/AudioSystem( 1875): android::AudioSystem::isSeparatedStream(audio_stream_type_t) called!
D/AudioSystem( 1875): audio_stream_type_t: 7
D/AudioSystem( 1875): isSeparatedStream: false
D/AudioSystem( 1875): android::AudioSystem::isSeparatedStream(audio_stream_type_t) called!
D/AudioSystem( 1875): audio_stream_type_t: 7
D/AudioSystem( 1875): isSeparatedStream: false
D/AudioSystem( 1875): android::AudioSystem::isSeparatedStream(audio_stream_type_t) called!
D/AudioSystem( 1875): audio_stream_type_t: 7
D/AudioSystem( 1875): isSeparatedStream: false
D/AudioSystem( 1875): android::AudioSystem::isSeparatedStream(audio_stream_type_t) called!
D/AudioSystem( 1875): audio_stream_type_t: 7
D/AudioSystem( 1875): isSeparatedStream: false
D/AudioSystem( 1875): android::AudioSystem::isSeparatedStream(audio_stream_type_t) called!
D/AudioSystem( 1875): audio_stream_type_t: 7
D/AudioSystem( 1875): isSeparatedStream: false
D/AudioSystem( 1875): android::AudioSystem::isSeparatedStream(audio_stream_type_t) called!
D/AudioSystem( 1875): audio_stream_type_t: 7
D/AudioSystem( 1875): isSeparatedStream: false
D/AudioSystem( 1875): android::AudioSystem::isSeparatedStream(audio_stream_type_t) called!
D/AudioSystem( 1875): audio_stream_type_t: 7
D/AudioSystem( 1875): isSeparatedStream: false
D/AudioSystem( 1875): android::AudioSystem::isSeparatedStream(audio_stream_type_t) called!
D/AudioSystem( 1875): audio_stream_type_t: 7
D/AudioSystem( 1875): isSeparatedStream: false
D/AudioSystem( 1875): android::AudioSystem::isSeparatedStream(audio_stream_type_t) called!
D/AudioSystem( 1875): audio_stream_type_t: 7
D/AudioSystem( 1875): isSeparatedStream: false
D/AudioSystem( 1875): android::AudioSystem::isSeparatedStream(audio_stream_type_t) called!
D/AudioSystem( 1875): audio_stream_type_t: 7
D/AudioSystem( 1875): isSeparatedStream: false
D/AudioSystem( 1875): android::AudioSystem::isSeparatedStream(audio_stream_type_t) called!
D/AudioSystem( 1875): audio_stream_type_t: 7
D/AudioSystem( 1875): isSeparatedStream: false
D/AudioSystem( 1875): android::AudioSystem::isSeparatedStream(audio_stream_type_t) called!
D/AudioSystem( 1875): audio_stream_type_t: 8
D/AudioSystem( 1875): isSeparatedStream: false
D/AudioSystem( 1875): android::AudioSystem::isSeparatedStream(audio_stream_type_t) called!
D/AudioSystem( 1875): audio_stream_type_t: 8
D/AudioSystem( 1875): isSeparatedStream: false
D/AudioSystem( 1875): android::AudioSystem::isSeparatedStream(audio_stream_type_t) called!
D/AudioSystem( 1875): audio_stream_type_t: 8
D/AudioSystem( 1875): isSeparatedStream: false
D/AudioSystem( 1875): android::AudioSystem::isSeparatedStream(audio_stream_type_t) called!
D/AudioSystem( 1875): audio_stream_type_t: 8
D/AudioSystem( 1875): isSeparatedStream: false
D/AudioSystem( 1875): android::AudioSystem::isSeparatedStream(audio_stream_type_t) called!
D/AudioSystem( 1875): audio_stream_type_t: 8
D/AudioSystem( 1875): isSeparatedStream: false
D/AudioSystem( 1875): android::AudioSystem::isSeparatedStream(audio_stream_type_t) called!
D/AudioSystem( 1875): audio_stream_type_t: 8
D/AudioSystem( 1875): isSeparatedStream: false
D/AudioSystem( 1875): android::AudioSystem::isSeparatedStream(audio_stream_type_t) called!
D/AudioSystem( 1875): audio_stream_type_t: 8
D/AudioSystem( 1875): isSeparatedStream: false
D/AudioSystem( 1875): android::AudioSystem::isSeparatedStream(audio_stream_type_t) called!
D/AudioSystem( 1875): audio_stream_type_t: 8
D/AudioSystem( 1875): isSeparatedStream: false
D/AudioSystem( 1875): android::AudioSystem::isSeparatedStream(audio_stream_type_t) called!
D/AudioSystem( 1875): audio_stream_type_t: 8
D/AudioSystem( 1875): isSeparatedStream: false
D/AudioSystem( 1875): android::AudioSystem::isSeparatedStream(audio_stream_type_t) called!
D/AudioSystem( 1875): audio_stream_type_t: 8
D/AudioSystem( 1875): isSeparatedStream: false
D/AudioSystem( 1875): android::AudioSystem::isSeparatedStream(audio_stream_type_t) called!
D/AudioSystem( 1875): audio_stream_type_t: 8
D/AudioSystem( 1875): isSeparatedStream: false
D/AudioSystem( 1875): android::AudioSystem::isSeparatedStream(audio_stream_type_t) called!
D/AudioSystem( 1875): audio_stream_type_t: 8
D/AudioSystem( 1875): isSeparatedStream: false
D/AudioSystem( 1875): android::AudioSystem::isSeparatedStream(audio_stream_type_t) called!
D/AudioSystem( 1875): audio_stream_type_t: 8
D/AudioSystem( 1875): isSeparatedStream: false
D/AudioSystem( 1875): android::AudioSystem::isSeparatedStream(audio_stream_type_t) called!
D/AudioSystem( 1875): audio_stream_type_t: 8
D/AudioSystem( 1875): isSeparatedStream: false
D/AudioSystem( 1875): android::AudioSystem::isSeparatedStream(audio_stream_type_t) called!
D/AudioSystem( 1875): audio_stream_type_t: 8
D/AudioSystem( 1875): isSeparatedStream: false
D/AudioSystem( 1875): android::AudioSystem::isSeparatedStream(audio_stream_type_t) called!
D/AudioSystem( 1875): audio_stream_type_t: 8
D/AudioSystem( 1875): isSeparatedStream: false
D/AudioSystem( 1875): android::AudioSystem::isSeparatedStream(audio_stream_type_t) called!
D/AudioSystem( 1875): audio_stream_type_t: 9
D/AudioSystem( 1875): isSeparatedStream: false
D/AudioSystem( 1875): android::AudioSystem::isSeparatedStream(audio_stream_type_t) called!
D/AudioSystem( 1875): audio_stream_type_t: 9
D/AudioSystem( 1875): isSeparatedStream: false
D/AudioSystem( 1875): android::AudioSystem::isSeparatedStream(audio_stream_type_t) called!
D/AudioSystem( 1875): audio_stream_type_t: 9
D/AudioSystem( 1875): isSeparatedStream: false
D/AudioSystem( 1875): android::AudioSystem::isSeparatedStream(audio_stream_type_t) called!
D/AudioSystem( 1875): audio_stream_type_t: 9
D/AudioSystem( 1875): isSeparatedStream: false
D/AudioSystem( 1875): android::AudioSystem::isSeparatedStream(audio_stream_type_t) called!
D/AudioSystem( 1875): audio_stream_type_t: 9
D/AudioSystem( 1875): isSeparatedStream: false
D/AudioSystem( 1875): android::AudioSystem::isSeparatedStream(audio_stream_type_t) called!
D/AudioSystem( 1875): audio_stream_type_t: 9
D/AudioSystem( 1875): isSeparatedStream: false
D/AudioSystem( 1875): android::AudioSystem::isSeparatedStream(audio_stream_type_t) called!
D/AudioSystem( 1875): audio_stream_type_t: 9
D/AudioSystem( 1875): isSeparatedStream: false
D/AudioSystem( 1875): android::AudioSystem::isSeparatedStream(audio_stream_type_t) called!
D/AudioSystem( 1875): audio_stream_type_t: 9
D/AudioSystem( 1875): isSeparatedStream: false
D/AudioSystem( 1875): android::AudioSystem::isSeparatedStream(audio_stream_type_t) called!
D/AudioSystem( 1875): audio_stream_type_t: 9
D/AudioSystem( 1875): isSeparatedStream: false
D/AudioSystem( 1875): android::AudioSystem::isSeparatedStream(audio_stream_type_t) called!
D/AudioSystem( 1875): audio_stream_type_t: 9
D/AudioSystem( 1875): isSeparatedStream: false
D/AudioSystem( 1875): android::AudioSystem::isSeparatedStream(audio_stream_type_t) called!
D/AudioSystem( 1875): audio_stream_type_t: 9
D/AudioSystem( 1875): isSeparatedStream: false
D/AudioSystem( 1875): android::AudioSystem::isSeparatedStream(audio_stream_type_t) called!
D/AudioSystem( 1875): audio_stream_type_t: 9
D/AudioSystem( 1875): isSeparatedStream: false
D/AudioSystem( 1875): android::AudioSystem::isSeparatedStream(audio_stream_type_t) called!
D/AudioSystem( 1875): audio_stream_type_t: 9
D/AudioSystem( 1875): isSeparatedStream: false
D/AudioSystem( 1875): android::AudioSystem::isSeparatedStream(audio_stream_type_t) called!
D/AudioSystem( 1875): audio_stream_type_t: 9
D/AudioSystem( 1875): isSeparatedStream: false
D/AudioSystem( 1875): android::AudioSystem::isSeparatedStream(audio_stream_type_t) called!
D/AudioSystem( 1875): audio_stream_type_t: 9
D/AudioSystem( 1875): isSeparatedStream: false
D/AudioSystem( 1875): android::AudioSystem::isSeparatedStream(audio_stream_type_t) called!
D/AudioSystem( 1875): audio_stream_type_t: 9
D/AudioSystem( 1875): isSeparatedStream: false
D/AudioSystem( 1875): android::AudioSystem::isSeparatedStream(audio_stream_type_t) called!
D/AudioSystem( 1875): audio_stream_type_t: 7
D/AudioSystem( 1875): isSeparatedStream: false
D/AudioSystem( 1875): android::AudioSystem::isSeparatedStream(audio_stream_type_t) called!
D/AudioSystem( 1875): audio_stream_type_t: 7
D/AudioSystem( 1875): isSeparatedStream: false
D/AudioSystem( 1875): android::AudioSystem::isSeparatedStream(audio_stream_type_t) called!
D/AudioSystem( 1875): audio_stream_type_t: 7
D/AudioSystem( 1875): isSeparatedStream: false
D/AudioSystem( 1875): android::AudioSystem::isSeparatedStream(audio_stream_type_t) called!
D/AudioSystem( 1875): audio_stream_type_t: 7
D/AudioSystem( 1875): isSeparatedStream: false
D/AudioSystem( 1875): android::AudioSystem::isSeparatedStream(audio_stream_type_t) called!
D/AudioSystem( 1875): audio_stream_type_t: 7
D/AudioSystem( 1875): isSeparatedStream: false
D/AudioSystem( 1875): android::AudioSystem::isSeparatedStream(audio_stream_type_t) called!
D/AudioSystem( 1875): audio_stream_type_t: 7
D/AudioSystem( 1875): isSeparatedStream: false
D/AudioSystem( 1875): android::AudioSystem::isSeparatedStream(audio_stream_type_t) called!
D/AudioSystem( 1875): audio_stream_type_t: 7
D/AudioSystem( 1875): isSeparatedStream: false
D/AudioSystem( 1875): android::AudioSystem::isSeparatedStream(audio_stream_type_t) called!
D/AudioSystem( 1875): audio_stream_type_t: 7
D/AudioSystem( 1875): isSeparatedStream: false
D/AudioSystem( 1875): android::AudioSystem::isSeparatedStream(audio_stream_type_t) called!
D/AudioSystem( 1875): audio_stream_type_t: 7
D/AudioSystem( 1875): isSeparatedStream: false
D/AudioSystem( 1875): android::AudioSystem::isSeparatedStream(audio_stream_type_t) called!
D/AudioSystem( 1875): audio_stream_type_t: 7
D/AudioSystem( 1875): isSeparatedStream: false
D/AudioSystem( 1875): android::AudioSystem::isSeparatedStream(audio_stream_type_t) called!
D/AudioSystem( 1875): audio_stream_type_t: 7
D/AudioSystem( 1875): isSeparatedStream: false
D/AudioSystem( 1875): android::AudioSystem::isSeparatedStream(audio_stream_type_t) called!
D/AudioSystem( 1875): audio_stream_type_t: 7
D/AudioSystem( 1875): isSeparatedStream: false
D/AudioSystem( 1875): android::AudioSystem::isSeparatedStream(audio_stream_type_t) called!
D/AudioSystem( 1875): audio_stream_type_t: 7
D/AudioSystem( 1875): isSeparatedStream: false
D/AudioSystem( 1875): android::AudioSystem::isSeparatedStream(audio_stream_type_t) called!
D/AudioSystem( 1875): audio_stream_type_t: 7
D/AudioSystem( 1875): isSeparatedStream: false
D/AudioSystem( 1875): android::AudioSystem::isSeparatedStream(audio_stream_type_t) called!
D/AudioSystem( 1875): audio_stream_type_t: 7
D/AudioSystem( 1875): isSeparatedStream: false
D/AudioSystem( 1875): android::AudioSystem::isSeparatedStream(audio_stream_type_t) called!
D/AudioSystem( 1875): audio_stream_type_t: 7
D/AudioSystem( 1875): isSeparatedStream: false
D/AudioSystem( 1875): android::AudioSystem::isSeparatedStream(audio_stream_type_t) called!
D/AudioSystem( 1875): audio_stream_type_t: 5
D/AudioSystem( 1875): isSeparatedStream: false
D/AudioSystem( 1875): android::AudioSystem::isSeparatedStream(audio_stream_type_t) called!
D/AudioSystem( 1875): audio_stream_type_t: 5
D/AudioSystem( 1875): isSeparatedStream: false
D/AudioSystem( 1875): android::AudioSystem::isSeparatedStream(audio_stream_type_t) called!
D/AudioSystem( 1875): audio_stream_type_t: 5
D/AudioSystem( 1875): isSeparatedStream: false
D/AudioSystem( 1875): android::AudioSystem::isSeparatedStream(audio_stream_type_t) called!
D/AudioSystem( 1875): audio_stream_type_t: 5
D/AudioSystem( 1875): isSeparatedStream: false
D/AudioSystem( 1875): android::AudioSystem::isSeparatedStream(audio_stream_type_t) called!
D/AudioSystem( 1875): audio_stream_type_t: 5
D/AudioSystem( 1875): isSeparatedStream: false
D/AudioSystem( 1875): android::AudioSystem::isSeparatedStream(audio_stream_type_t) called!
D/AudioSystem( 1875): audio_stream_type_t: 5
D/AudioSystem( 1875): isSeparatedStream: false
D/AudioSystem( 1875): android::AudioSystem::isSeparatedStream(audio_stream_type_t) called!
D/AudioSystem( 1875): audio_stream_type_t: 5
D/AudioSystem( 1875): isSeparatedStream: false
D/AudioSystem( 1875): android::AudioSystem::isSeparatedStream(audio_stream_type_t) called!
D/AudioSystem( 1875): audio_stream_type_t: 5
D/AudioSystem( 1875): isSeparatedStream: false
D/AudioSystem( 1875): android::AudioSystem::isSeparatedStream(audio_stream_type_t) called!
D/AudioSystem( 1875): audio_stream_type_t: 5
D/AudioSystem( 1875): isSeparatedStream: false
D/AudioSystem( 1875): android::AudioSystem::isSeparatedStream(audio_stream_type_t) called!
D/AudioSystem( 1875): audio_stream_type_t: 5
D/AudioSystem( 1875): isSeparatedStream: false
D/AudioSystem( 1875): android::AudioSystem::isSeparatedStream(audio_stream_type_t) called!
D/AudioSystem( 1875): audio_stream_type_t: 5
D/AudioSystem( 1875): isSeparatedStream: false
D/AudioSystem( 1875): android::AudioSystem::isSeparatedStream(audio_stream_type_t) called!
D/AudioSystem( 1875): audio_stream_type_t: 5
D/AudioSystem( 1875): isSeparatedStream: false
D/AudioSystem( 1875): android::AudioSystem::isSeparatedStream(audio_stream_type_t) called!
D/AudioSystem( 1875): audio_stream_type_t: 5
D/AudioSystem( 1875): isSeparatedStream: false
D/AudioSystem( 1875): android::AudioSystem::isSeparatedStream(audio_stream_type_t) called!
D/AudioSystem( 1875): audio_stream_type_t: 5
D/AudioSystem( 1875): isSeparatedStream: false
D/AudioSystem( 1875): android::AudioSystem::isSeparatedStream(audio_stream_type_t) called!
D/AudioSystem( 1875): audio_stream_type_t: 5
D/AudioSystem( 1875): isSeparatedStream: false
D/AudioSystem( 1875): android::AudioSystem::isSeparatedStream(audio_stream_type_t) called!
D/AudioSystem( 1875): audio_stream_type_t: 5
D/AudioSystem( 1875): isSeparatedStream: false
D/AudioSystem( 1875): android::AudioSystem::isSeparatedStream(audio_stream_type_t) called!
D/AudioSystem( 1875): audio_stream_type_t: 2
D/AudioSystem( 1875): isSeparatedStream: false
D/AudioSystem( 1875): android::AudioSystem::isSeparatedStream(audio_stream_type_t) called!
D/AudioSystem( 1875): audio_stream_type_t: 2
D/AudioSystem( 1875): isSeparatedStream: false
D/AudioSystem( 1875): android::AudioSystem::isSeparatedStream(audio_stream_type_t) called!
D/AudioSystem( 1875): audio_stream_type_t: 2
D/AudioSystem( 1875): isSeparatedStream: false
D/AudioSystem( 1875): android::AudioSystem::isSeparatedStream(audio_stream_type_t) called!
D/AudioSystem( 1875): audio_stream_type_t: 2
D/AudioSystem( 1875): isSeparatedStream: false
D/AudioSystem( 1875): android::AudioSystem::isSeparatedStream(audio_stream_type_t) called!
D/AudioSystem( 1875): audio_stream_type_t: 2
D/AudioSystem( 1875): isSeparatedStream: false
D/AudioSystem( 1875): android::AudioSystem::isSeparatedStream(audio_stream_type_t) called!
D/AudioSystem( 1875): audio_stream_type_t: 2
D/AudioSystem( 1875): isSeparatedStream: false
D/AudioSystem( 1875): android::AudioSystem::isSeparatedStream(audio_stream_type_t) called!
D/AudioSystem( 1875): audio_stream_type_t: 2
D/AudioSystem( 1875): isSeparatedStream: false
D/AudioSystem( 1875): android::AudioSystem::isSeparatedStream(audio_stream_type_t) called!
D/AudioSystem( 1875): audio_stream_type_t: 2
D/AudioSystem( 1875): isSeparatedStream: false
D/AudioSystem( 1875): android::AudioSystem::isSeparatedStream(audio_stream_type_t) called!
D/AudioSystem( 1875): audio_stream_type_t: 2
D/AudioSystem( 1875): isSeparatedStream: false
D/AudioSystem( 1875): android::AudioSystem::isSeparatedStream(audio_stream_type_t) called!
D/AudioSystem( 1875): audio_stream_type_t: 2
D/AudioSystem( 1875): isSeparatedStream: false
D/AudioSystem( 1875): android::AudioSystem::isSeparatedStream(audio_stream_type_t) called!
D/AudioSystem( 1875): audio_stream_type_t: 2
D/AudioSystem( 1875): isSeparatedStream: false
D/AudioSystem( 1875): android::AudioSystem::isSeparatedStream(audio_stream_type_t) called!
D/AudioSystem( 1875): audio_stream_type_t: 2
D/AudioSystem( 1875): isSeparatedStream: false
D/AudioSystem( 1875): android::AudioSystem::isSeparatedStream(audio_stream_type_t) called!
D/AudioSystem( 1875): audio_stream_type_t: 2
D/AudioSystem( 1875): isSeparatedStream: false
D/AudioSystem( 1875): android::AudioSystem::isSeparatedStream(audio_stream_type_t) called!
D/AudioSystem( 1875): audio_stream_type_t: 2
D/AudioSystem( 1875): isSeparatedStream: false
D/AudioSystem( 1875): android::AudioSystem::isSeparatedStream(audio_stream_type_t) called!
D/AudioSystem( 1875): audio_stream_type_t: 2
D/AudioSystem( 1875): isSeparatedStream: false
D/AudioSystem( 1875): android::AudioSystem::isSeparatedStream(audio_stream_type_t) called!
D/AudioSystem( 1875): audio_stream_type_t: 2
D/AudioSystem( 1875): isSeparatedStream: false
D/AudioSystem( 1875): android::AudioSystem::isSeparatedStream(audio_stream_type_t) called!
D/AudioSystem( 1875): audio_stream_type_t: 8
D/AudioSystem( 1875): isSeparatedStream: false
D/AudioSystem( 1875): android::AudioSystem::isSeparatedStream(audio_stream_type_t) called!
D/AudioSystem( 1875): audio_stream_type_t: 8
D/AudioSystem( 1875): isSeparatedStream: false
D/AudioSystem( 1875): android::AudioSystem::isSeparatedStream(audio_stream_type_t) called!
D/AudioSystem( 1875): audio_stream_type_t: 8
D/AudioSystem( 1875): isSeparatedStream: false
D/AudioSystem( 1875): android::AudioSystem::isSeparatedStream(audio_stream_type_t) called!
D/AudioSystem( 1875): audio_stream_type_t: 8
D/AudioSystem( 1875): isSeparatedStream: false
D/AudioSystem( 1875): android::AudioSystem::isSeparatedStream(audio_stream_type_t) called!
D/AudioSystem( 1875): audio_stream_type_t: 8
D/AudioSystem( 1875): isSeparatedStream: false
D/AudioSystem( 1875): android::AudioSystem::isSeparatedStream(audio_stream_type_t) called!
D/AudioSystem( 1875): audio_stream_type_t: 8
D/AudioSystem( 1875): isSeparatedStream: false
D/AudioSystem( 1875): android::AudioSystem::isSeparatedStream(audio_stream_type_t) called!
D/AudioSystem( 1875): audio_stream_type_t: 8
D/AudioSystem( 1875): isSeparatedStream: false
D/AudioSystem( 1875): android::AudioSystem::isSeparatedStream(audio_stream_type_t) called!
D/AudioSystem( 1875): audio_stream_type_t: 8
D/AudioSystem( 1875): isSeparatedStream: false
D/AudioSystem( 1875): android::AudioSystem::isSeparatedStream(audio_stream_type_t) called!
D/AudioSystem( 1875): audio_stream_type_t: 8
D/AudioSystem( 1875): isSeparatedStream: false
D/AudioSystem( 1875): android::AudioSystem::isSeparatedStream(audio_stream_type_t) called!
D/AudioSystem( 1875): audio_stream_type_t: 8
D/AudioSystem( 1875): isSeparatedStream: false
D/AudioSystem( 1875): android::AudioSystem::isSeparatedStream(audio_stream_type_t) called!
D/AudioSystem( 1875): audio_stream_type_t: 8
D/AudioSystem( 1875): isSeparatedStream: false
D/AudioSystem( 1875): android::AudioSystem::isSeparatedStream(audio_stream_type_t) called!
D/AudioSystem( 1875): audio_stream_type_t: 8
D/AudioSystem( 1875): isSeparatedStream: false
D/AudioSystem( 1875): android::AudioSystem::isSeparatedStream(audio_stream_type_t) called!
D/AudioSystem( 1875): audio_stream_type_t: 8
D/AudioSystem( 1875): isSeparatedStream: false
D/AudioSystem( 1875): android::AudioSystem::isSeparatedStream(audio_stream_type_t) called!
D/AudioSystem( 1875): audio_stream_type_t: 8
D/AudioSystem( 1875): isSeparatedStream: false
I/SystemServer( 2122): Dock Observer
I/SystemServer( 2122): Wired Accessory Observer
W/WiredAccessoryObserver( 2122): This kernel does not have usb audio support
I/SystemServer( 2122): USB Service
D/AudioSystem( 1875): android::AudioSystem::isSeparatedStream(audio_stream_type_t) called!
D/AudioSystem( 1875): audio_stream_type_t: 8
D/AudioSystem( 1875): isSeparatedStream: false
D/AudioSystem( 1875): android::AudioSystem::isSeparatedStream(audio_stream_type_t) called!
D/AudioSystem( 1875): audio_stream_type_t: 8
D/AudioSystem( 1875): isSeparatedStream: false
D/AudioSystem( 1875): android::AudioSystem::isSeparatedStream(audio_stream_type_t) called!
D/AudioSystem( 1875): audio_stream_type_t: 7
D/AudioSystem( 1875): isSeparatedStream: false
D/AudioSystem( 1875): android::AudioSystem::isSeparatedStream(audio_stream_type_t) called!
D/AudioSystem( 1875): audio_stream_type_t: 7
D/AudioSystem( 1875): isSeparatedStream: false
D/AudioSystem( 1875): android::AudioSystem::isSeparatedStream(audio_stream_type_t) called!
D/AudioSystem( 1875): audio_stream_type_t: 7
D/AudioSystem( 1875): isSeparatedStream: false
D/AudioSystem( 1875): android::AudioSystem::isSeparatedStream(audio_stream_type_t) called!
D/AudioSystem( 1875): audio_stream_type_t: 7
D/AudioSystem( 1875): isSeparatedStream: false
D/AudioSystem( 1875): android::AudioSystem::isSeparatedStream(audio_stream_type_t) called!
D/AudioSystem( 1875): audio_stream_type_t: 7
D/AudioSystem( 1875): isSeparatedStream: false
D/AudioSystem( 1875): android::AudioSystem::isSeparatedStream(audio_stream_type_t) called!
D/AudioSystem( 1875): audio_stream_type_t: 7
D/AudioSystem( 1875): isSeparatedStream: false
D/AudioSystem( 1875): android::AudioSystem::isSeparatedStream(audio_stream_type_t) called!
D/AudioSystem( 1875): audio_stream_type_t: 7
D/AudioSystem( 1875): isSeparatedStream: false
D/AudioSystem( 1875): android::AudioSystem::isSeparatedStream(audio_stream_type_t) called!
D/AudioSystem( 1875): audio_stream_type_t: 7
D/AudioSystem( 1875): isSeparatedStream: false
D/AudioSystem( 1875): android::AudioSystem::isSeparatedStream(audio_stream_type_t) called!
D/AudioSystem( 1875): audio_stream_type_t: 7
D/AudioSystem( 1875): isSeparatedStream: false
D/AudioSystem( 1875): android::AudioSystem::isSeparatedStream(audio_stream_type_t) called!
D/AudioSystem( 1875): audio_stream_type_t: 7
D/AudioSystem( 1875): isSeparatedStream: false
D/AudioSystem( 1875): android::AudioSystem::isSeparatedStream(audio_stream_type_t) called!
D/AudioSystem( 1875): audio_stream_type_t: 7
D/AudioSystem( 1875): isSeparatedStream: false
D/AudioSystem( 1875): android::AudioSystem::isSeparatedStream(audio_stream_type_t) called!
D/AudioSystem( 1875): audio_stream_type_t: 7
D/AudioSystem( 1875): isSeparatedStream: false
D/AudioSystem( 1875): android::AudioSystem::isSeparatedStream(audio_stream_type_t) called!
D/AudioSystem( 1875): audio_stream_type_t: 7
D/AudioSystem( 1875): isSeparatedStream: false
D/AudioSystem( 1875): android::AudioSystem::isSeparatedStream(audio_stream_type_t) called!
D/AudioSystem( 1875): audio_stream_type_t: 7
D/AudioSystem( 1875): isSeparatedStream: false
I/SystemServer( 2122): Serial Service
D/AudioSystem( 1875): android::AudioSystem::isSeparatedStream(audio_stream_type_t) called!
D/AudioSystem( 1875): audio_stream_type_t: 7
D/AudioSystem( 1875): isSeparatedStream: false
D/AudioSystem( 1875): android::AudioSystem::isSeparatedStream(audio_stream_type_t) called!
D/AudioSystem( 1875): audio_stream_type_t: 7
D/AudioSystem( 1875): isSeparatedStream: false
D/AudioSystem( 1875): android::AudioSystem::isSeparatedStream(audio_stream_type_t) called!
D/AudioSystem( 1875): audio_stream_type_t: 5
D/AudioSystem( 1875): isSeparatedStream: false
D/AudioSystem( 1875): android::AudioSystem::isSeparatedStream(audio_stream_type_t) called!
D/AudioSystem( 1875): audio_stream_type_t: 5
D/AudioSystem( 1875): isSeparatedStream: false
D/AudioSystem( 1875): android::AudioSystem::isSeparatedStream(audio_stream_type_t) called!
D/AudioSystem( 1875): audio_stream_type_t: 5
D/AudioSystem( 1875): isSeparatedStream: false
D/AudioSystem( 1875): android::AudioSystem::isSeparatedStream(audio_stream_type_t) called!
D/AudioSystem( 1875): audio_stream_type_t: 5
D/AudioSystem( 1875): isSeparatedStream: false
D/AudioSystem( 1875): android::AudioSystem::isSeparatedStream(audio_stream_type_t) called!
D/AudioSystem( 1875): audio_stream_type_t: 5
D/AudioSystem( 1875): isSeparatedStream: false
D/AudioSystem( 1875): android::AudioSystem::isSeparatedStream(audio_stream_type_t) called!
D/AudioSystem( 1875): audio_stream_type_t: 5
D/AudioSystem( 1875): isSeparatedStream: false
D/AudioSystem( 1875): android::AudioSystem::isSeparatedStream(audio_stream_type_t) called!
D/AudioSystem( 1875): audio_stream_type_t: 5
D/AudioSystem( 1875): isSeparatedStream: false
D/AudioSystem( 1875): android::AudioSystem::isSeparatedStream(audio_stream_type_t) called!
D/AudioSystem( 1875): audio_stream_type_t: 5
D/AudioSystem( 1875): isSeparatedStream: false
D/AudioSystem( 1875): android::AudioSystem::isSeparatedStream(audio_stream_type_t) called!
D/AudioSystem( 1875): audio_stream_type_t: 5
D/AudioSystem( 1875): isSeparatedStream: false
D/AudioSystem( 1875): android::AudioSystem::isSeparatedStream(audio_stream_type_t) called!
D/AudioSystem( 1875): audio_stream_type_t: 5
D/AudioSystem( 1875): isSeparatedStream: false
D/AudioSystem( 1875): android::AudioSystem::isSeparatedStream(audio_stream_type_t) called!
D/AudioSystem( 1875): audio_stream_type_t: 5
D/AudioSystem( 1875): isSeparatedStream: false
D/AudioSystem( 1875): android::AudioSystem::isSeparatedStream(audio_stream_type_t) called!
D/AudioSystem( 1875): audio_stream_type_t: 5
D/AudioSystem( 1875): isSeparatedStream: false
D/AudioSystem( 1875): android::AudioSystem::isSeparatedStream(audio_stream_type_t) called!
D/AudioSystem( 1875): audio_stream_type_t: 5
D/AudioSystem( 1875): isSeparatedStream: false
D/AudioSystem( 1875): android::AudioSystem::isSeparatedStream(audio_stream_type_t) called!
D/AudioSystem( 1875): audio_stream_type_t: 5
D/AudioSystem( 1875): isSeparatedStream: false
D/AudioSystem( 1875): android::AudioSystem::isSeparatedStream(audio_stream_type_t) called!
D/AudioSystem( 1875): audio_stream_type_t: 5
D/AudioSystem( 1875): isSeparatedStream: false
D/AudioSystem( 1875): android::AudioSystem::isSeparatedStream(audio_stream_type_t) called!
D/AudioSystem( 1875): audio_stream_type_t: 5
D/AudioSystem( 1875): isSeparatedStream: false
I/SystemServer( 2122): UI Mode Manager Service
I/SystemServer( 2122): Backup Service
D/AudioSystem( 1875): android::AudioSystem::isSeparatedStream(audio_stream_type_t) called!
D/AudioSystem( 1875): audio_stream_type_t: 1
D/AudioSystem( 1875): isSeparatedStream: false
D/AudioSystem( 1875): android::AudioSystem::isSeparatedStream(audio_stream_type_t) called!
D/AudioSystem( 1875): audio_stream_type_t: 1
D/AudioSystem( 1875): isSeparatedStream: false
D/AudioSystem( 1875): android::AudioSystem::isSeparatedStream(audio_stream_type_t) called!
D/AudioSystem( 1875): audio_stream_type_t: 1
D/AudioSystem( 1875): isSeparatedStream: false
D/AudioSystem( 1875): android::AudioSystem::isSeparatedStream(audio_stream_type_t) called!
D/AudioSystem( 1875): audio_stream_type_t: 1
D/AudioSystem( 1875): isSeparatedStream: false
D/AudioSystem( 1875): android::AudioSystem::isSeparatedStream(audio_stream_type_t) called!
D/AudioSystem( 1875): audio_stream_type_t: 1
D/AudioSystem( 1875): isSeparatedStream: false
D/AudioSystem( 1875): android::AudioSystem::isSeparatedStream(audio_stream_type_t) called!
D/AudioSystem( 1875): audio_stream_type_t: 1
D/AudioSystem( 1875): isSeparatedStream: false
D/AudioSystem( 1875): android::AudioSystem::isSeparatedStream(audio_stream_type_t) called!
D/AudioSystem( 1875): audio_stream_type_t: 1
D/AudioSystem( 1875): isSeparatedStream: false
D/AudioSystem( 1875): android::AudioSystem::isSeparatedStream(audio_stream_type_t) called!
D/AudioSystem( 1875): audio_stream_type_t: 1
D/AudioSystem( 1875): isSeparatedStream: false
D/AudioSystem( 1875): android::AudioSystem::isSeparatedStream(audio_stream_type_t) called!
D/AudioSystem( 1875): audio_stream_type_t: 1
D/AudioSystem( 1875): isSeparatedStream: false
D/AudioSystem( 1875): android::AudioSystem::isSeparatedStream(audio_stream_type_t) called!
D/AudioSystem( 1875): audio_stream_type_t: 1
D/AudioSystem( 1875): isSeparatedStream: false
D/AudioSystem( 1875): android::AudioSystem::isSeparatedStream(audio_stream_type_t) called!
D/AudioSystem( 1875): audio_stream_type_t: 1
D/AudioSystem( 1875): isSeparatedStream: false
D/AudioSystem( 1875): android::AudioSystem::isSeparatedStream(audio_stream_type_t) called!
D/AudioSystem( 1875): audio_stream_type_t: 1
D/AudioSystem( 1875): isSeparatedStream: false
D/AudioSystem( 1875): android::AudioSystem::isSeparatedStream(audio_stream_type_t) called!
D/AudioSystem( 1875): audio_stream_type_t: 1
D/AudioSystem( 1875): isSeparatedStream: false
D/AudioSystem( 1875): android::AudioSystem::isSeparatedStream(audio_stream_type_t) called!
D/AudioSystem( 1875): audio_stream_type_t: 1
D/AudioSystem( 1875): isSeparatedStream: false
D/AudioSystem( 1875): android::AudioSystem::isSeparatedStream(audio_stream_type_t) called!
D/AudioSystem( 1875): audio_stream_type_t: 1
D/AudioSystem( 1875): isSeparatedStream: false
D/AudioSystem( 1875): android::AudioSystem::isSeparatedStream(audio_stream_type_t) called!
D/AudioSystem( 1875): audio_stream_type_t: 1
D/AudioSystem( 1875): isSeparatedStream: false
D/AudioSystem( 1875): android::AudioSystem::isSeparatedStream(audio_stream_type_t) called!
D/AudioSystem( 1875): audio_stream_type_t: 1
D/AudioSystem( 1875): isSeparatedStream: false
D/AudioSystem( 1875): android::AudioSystem::isSeparatedStream(audio_stream_type_t) called!
D/AudioSystem( 1875): audio_stream_type_t: 1
D/AudioSystem( 1875): isSeparatedStream: false
D/AudioSystem( 1875): android::AudioSystem::isSeparatedStream(audio_stream_type_t) called!
D/AudioSystem( 1875): audio_stream_type_t: 1
D/AudioSystem( 1875): isSeparatedStream: false
D/AudioSystem( 1875): android::AudioSystem::isSeparatedStream(audio_stream_type_t) called!
D/AudioSystem( 1875): audio_stream_type_t: 1
D/AudioSystem( 1875): isSeparatedStream: false
D/AudioSystem( 1875): android::AudioSystem::isSeparatedStream(audio_stream_type_t) called!
D/AudioSystem( 1875): audio_stream_type_t: 1
D/AudioSystem( 1875): isSeparatedStream: false
D/AudioSystem( 1875): android::AudioSystem::isSeparatedStream(audio_stream_type_t) called!
D/AudioSystem( 1875): audio_stream_type_t: 1
D/AudioSystem( 1875): isSeparatedStream: false
D/AudioSystem( 1875): android::AudioSystem::isSeparatedStream(audio_stream_type_t) called!
D/AudioSystem( 1875): audio_stream_type_t: 1
D/AudioSystem( 1875): isSeparatedStream: false
D/AudioSystem( 1875): android::AudioSystem::isSeparatedStream(audio_stream_type_t) called!
D/AudioSystem( 1875): audio_stream_type_t: 1
D/AudioSystem( 1875): isSeparatedStream: false
D/AudioSystem( 1875): android::AudioSystem::isSeparatedStream(audio_stream_type_t) called!
D/AudioSystem( 1875): audio_stream_type_t: 1
D/AudioSystem( 1875): isSeparatedStream: false
D/AudioSystem( 1875): android::AudioSystem::isSeparatedStream(audio_stream_type_t) called!
D/AudioSystem( 1875): audio_stream_type_t: 1
D/AudioSystem( 1875): isSeparatedStream: false
D/AudioSystem( 1875): android::AudioSystem::isSeparatedStream(audio_stream_type_t) called!
D/AudioSystem( 1875): audio_stream_type_t: 1
D/AudioSystem( 1875): isSeparatedStream: false
D/AudioSystem( 1875): android::AudioSystem::isSeparatedStream(audio_stream_type_t) called!
D/AudioSystem( 1875): audio_stream_type_t: 1
D/AudioSystem( 1875): isSeparatedStream: false
D/AudioSystem( 1875): android::AudioSystem::isSeparatedStream(audio_stream_type_t) called!
D/AudioSystem( 1875): audio_stream_type_t: 1
D/AudioSystem( 1875): isSeparatedStream: false
D/AudioSystem( 1875): android::AudioSystem::isSeparatedStream(audio_stream_type_t) called!
D/AudioSystem( 1875): audio_stream_type_t: 1
D/AudioSystem( 1875): isSeparatedStream: false
D/AudioSystem( 1875): android::AudioSystem::isSeparatedStream(audio_stream_type_t) called!
D/AudioSystem( 1875): audio_stream_type_t: 1
D/AudioSystem( 1875): isSeparatedStream: false
D/AudioSystem( 1875): android::AudioSystem::isSeparatedStream(audio_stream_type_t) called!
D/AudioSystem( 1875): audio_stream_type_t: 1
D/AudioSystem( 1875): isSeparatedStream: false
V/BackupManagerService( 2122): Initializing package tracking
V/BackupManagerService( 2122): addPackageParticipantsLocked: all
V/BackupManagerService( 2122): Registering transport android/com.android.internal.backup.LocalTransport = com.android.internal.backup.LocalTransport@4123d058
V/BackupManagerService( 2122): Starting with transport com.google.android.backup/.BackupTransportService
V/BackupManagerService( 2122): Binding to Google transport
I/BackupManagerService( 2122): Backup enabled => true
I/SystemServer( 2122): AppWidget Service
I/SystemServer( 2122): Recognition Service
I/SystemServer( 2122): DiskStats Service
I/SystemServer( 2122): SamplingProfiler Service
I/SystemServer( 2122): NetworkTimeUpdateService
I/SystemServer( 2122): CommonTimeManagementService
I/WindowManager( 2122): SAFE MODE not enabled
D/dalvikvm( 2122): JIT started for system_server
I/SystemServer( 2122): CertBlacklister
I/SystemServer( 2122): AssetRedirectionManager Service
D/PowerManagerService( 2122): system ready!
V/LockPatternKeyguardView( 2122): Set visibility on com.android.internal.policy.impl.LockPatternKeyguardView$5@4140fe10 to 0
I/ActivityManager( 2122): System now ready
I/SystemServer( 2122): Making services ready
D/SystemServer( 2122): Starting service: Intent { cmp=com.android.systemui/.SystemUIService }
I/Zygote  ( 2122): Process: zygote socket opened
I/ActivityManager( 2122): Start proc com.android.systemui for service com.android.systemui/.SystemUIService: pid=2243 uid=10039 gids={1028, 1015, 3002, 3001}
D/NetworkManagementService( 2122): enabling bandwidth control
E/Trace   ( 2243): error opening trace file: No such file or directory (2)
D/SystemUIService( 2243): loading: class com.android.systemui.statusbar.phone.PhoneStatusBar
D/SystemUIService( 2243): running: com.android.systemui.statusbar.phone.PhoneStatusBar@41158178
I/StatusBarManagerService( 2122): registerStatusBar bar=com.android.internal.statusbar.IStatusBar$Stub$Proxy@413d96b0
D/BluetoothEventLoop( 2122): Property Changed: Pairable : false
D/BluetoothEventLoop( 2122): Property Changed: Powered : false
D/BluetoothEventLoop( 2122): Property Changed: UUIDs : 5
D/dalvikvm( 2122): GC_CONCURRENT freed 1244K, 28% free 6185K/8583K, paused 3ms+3ms, total 135ms
D/dalvikvm( 2122): WAIT_FOR_CONCURRENT_GC blocked 91ms
D/dalvikvm( 2122): WAIT_FOR_CONCURRENT_GC blocked 80ms
D/dalvikvm( 2122): WAIT_FOR_CONCURRENT_GC blocked 87ms
I/PowerWidget( 2243): Clearing any old widget stuffs
I/PowerWidget( 2243): Setting up widget
I/PowerWidget( 2243): Button list: toggleWifi|toggleBluetooth|toggleGPS|toggleSound|toggleAutoRotate
V/TransportControlView( 2122): Create TCV com.android.internal.widget.TransportControlView@41286370
D/Tethering( 2122): sendTetherStateChangedBroadcast 1, 0, 0
D/Tethering( 2122): InitialState.processMessage what=4
D/Tethering( 2122): sendTetherStateChangedBroadcast 0, 0, 0
D/SoftapController( 1869): Softap fwReload - Ok
D/CommandListener( 1869): Setting iface cfg
D/CommandListener( 1869): Trying to bring down wlan0
E/BluetoothService.cpp( 2122): setBluetoothTetheringNative true
D/dalvikvm( 2122): GC_FOR_ALLOC freed 383K, 25% free 6955K/9223K, paused 83ms, total 85ms
I/dalvikvm-heap( 2122): Grow heap (frag case) to 16.644MB for 1603696-byte allocation
D/BluetoothAdapterStateMachine( 2122): WarmUp process message: 54
I/ActivityManager( 2122): Config changed: {1.0 0mcc0mnc en_GB sw320dp w320dp h508dp nrml long port finger -keyb/v/h dpad/v s.4 themeResource=null}
I/ActivityManager( 2122): Start proc android.process.media for broadcast com.android.providers.media/.UsbReceiver: pid=2310 uid=10017 gids={1015, 1023, 1024, 1028, 2001, 3003, 3007}
E/Trace   ( 2310): error opening trace file: No such file or directory (2)
D/Tethering( 2122): sendTetherStateChangedBroadcast 1, 0, 0
I/ActivityThread( 2310): Pub media: com.android.providers.media.MediaProvider
D/BluetoothEventLoop( 2122): Property Changed: UUIDs : 6
D/BluetoothEventLoop( 2122): Property Changed: UUIDs : 7
D/BluetoothEventLoop( 2122): Property Changed: UUIDs : 8
D/BluetoothEventLoop( 2122): Property Changed: UUIDs : 9
D/BluetoothEventLoop( 2122): Property Changed: UUIDs : 10
D/BluetoothEventLoop( 2122): Property Changed: UUIDs : 11
D/BluetoothAdapterStateMachine( 2122): WarmUp process message: 51
I/ActivityThread( 2310): Pub downloads: com.android.providers.downloads.DownloadProvider
I/PowerWidget( 2243): Clearing any old widget stuffs
I/PowerWidget( 2243): Setting up widget
I/PowerWidget( 2243): Button list: toggleWifi|toggleBluetooth|toggleGPS|toggleSound|toggleAutoRotate
I/ActivityThread( 2310): Pub drm: com.android.providers.drm.DrmProvider
I/DownloadManager( 2310): in removeSpuriousFiles
W/CommandListener( 1869): Failed to retrieve HW addr for p2p0 (No such device)
D/CommandListener( 1869): Setting iface cfg
D/PhoneStatusBar( 2243): disable: < expand icons alerts ticker system_info back home recent clock >
W/InputMethodManagerService( 2122): Ignoring setImeWindowStatus of uid 1000 token: null
E/WifiP2pService( 2122): Unable to change interface settings: java.lang.IllegalStateException: command '9 interface setcfg p2p0 0.0.0.0 0 up' failed with '400 9 Failed to set address (No such device)'
D/StorageNotification( 2243): Startup with UMS connection false (media state unmounted)
E/WifiHW  ( 2122): Unable to open connection to supplicant on "/data/misc/wifi/sockets/p2p0": No such file or directory
I/ActivityManager( 2122): Start proc com.android.settings for broadcast com.android.settings/.widget.SettingsAppWidgetProvider: pid=2347 uid=1000 gids={1015, 3002, 3001, 3003, 1028, 3007}
I/StorageNotification( 2243): UMS connection changed to false (media state unmounted)
D/dalvikvm( 2122): GC_CONCURRENT freed 510K, 20% free 8746K/10823K, paused 9ms+15ms, total 290ms
I/ActivityManager( 2122): Start proc com.android.providers.calendar for content provider com.android.providers.calendar/.CalendarProvider2: pid=2356 uid=10011 gids={3003, 1015, 1028}
I/ActivityManager( 2122): Start proc com.android.inputmethod.latin for service com.android.inputmethod.latin/.LatinIME: pid=2369 uid=10024 gids={1028}
E/Trace   ( 2356): error opening trace file: No such file or directory (2)
D/SystemUIService( 2243): loading: class com.android.systemui.power.PowerUI
D/SystemUIService( 2243): running: com.android.systemui.power.PowerUI@412d70e8
D/SystemUIService( 2243): loading: class com.android.systemui.media.RingtonePlayer
D/SystemUIService( 2243): running: com.android.systemui.media.RingtonePlayer@412d7d48
I/CommonTimeManagementService( 2122): No common time service detected on this platform.  Common time services will be unavailable.
I/InputReader( 2122): Reconfiguring input devices.  changes=0x00000020
I/InputReader( 2122): Reconfiguring input devices.  changes=0x00000010
I/ActivityThread( 2356): Pub com.android.calendar: com.android.providers.calendar.CalendarProvider2
E/Trace   ( 2347): error opening trace file: No such file or directory (2)
I/ActivityManager( 2122): Start proc com.android.phone for added application com.android.phone: pid=2392 uid=1001 gids={3002, 3001, 3003, 1015, 1028}
W/ThrottleService( 2122): unable to find stats for iface pdp0
I/ActivityManager( 2122): START {act=android.intent.action.MAIN cat=[android.intent.category.HOME] flg=0x10000000 cmp=com.cyanogenmod.trebuchet/.Launcher u=0} from pid 0
I/ActivityManager( 2122): Start proc com.cyanogenmod.trebuchet for activity com.cyanogenmod.trebuchet/.Launcher: pid=2409 uid=10042 gids={1028}
I/SystemServer( 2122): Enabled StrictMode for system server main thread.
E/Trace   ( 2369): error opening trace file: No such file or directory (2)
I/LocationManagerService( 2122): Setting GPS Source to: 0
E/Trace   ( 2392): error opening trace file: No such file or directory (2)
E/Trace   ( 2409): error opening trace file: No such file or directory (2)
I/ActivityThread( 2392): Pub telephony: com.android.providers.telephony.TelephonyProvider
D/LocalBluetoothProfileManager( 2347): LocalBluetoothProfileManager construction complete
D/libEGL  ( 2243): loaded /system/lib/egl/libEGL_mali.so
