D/libEGL  ( 2243): loaded /system/lib/egl/libGLESv1_CM_mali.so
D/libEGL  ( 2243): loaded /system/lib/egl/libGLESv2_mali.so
W/TelephonyProvider( 2392): onCreate: confFile=/system/etc/apns-conf.xml oldCheckSum=-1
D/OpenGLRenderer( 2243): Enabling debug mode 0
I/ActivityThread( 2392): Pub icc: com.android.phone.IccProvider
I/ActivityThread( 2392): Pub mms: com.android.providers.telephony.MmsProvider
I/ActivityThread( 2392): Pub sms: com.android.providers.telephony.SmsProvider
I/ActivityThread( 2392): Pub mms-sms: com.android.providers.telephony.MmsSmsProvider
V/KeyguardViewManager( 2122): KGVM: Set visibility on com.android.internal.policy.impl.KeyguardViewManager$KeyguardViewHost@412abcf8 to 6291456
I/ActivityManager( 2122): Start proc com.google.android.gsf.login for service com.google.android.gsf.login/com.google.android.gsf.loginservice.GoogleLoginService: pid=2448 uid=10049 gids={3003, 1015, 1028, 1007, 2001, 3006}
I/ActivityThread( 2409): Pub com.cyanogenmod.trebuchet.settings: com.cyanogenmod.trebuchet.LauncherProvider
W/SubtypeLocale( 2369): KeyboardLayoutSet not found, use QWERTY: locale=hu_ZZ extraValue=AsciiCapable,SupportTouchPositionCorrection
I/Choreographer( 2122): Skipped 79 frames!  The application may be doing too much work on its main thread.
E/Trace   ( 2448): error opening trace file: No such file or directory (2)
W/InputAttributes( 2369): No editor info for this field. Bug?
D/libEGL  ( 2122): loaded /system/lib/egl/libEGL_mali.so
D/libEGL  ( 2122): loaded /system/lib/egl/libGLESv1_CM_mali.so
D/libEGL  ( 2122): loaded /system/lib/egl/libGLESv2_mali.so
D/dalvikvm( 2122): GC_EXPLICIT freed 927K, 21% free 8775K/11079K, paused 9ms+5ms, total 100ms
E/BinaryDictionaryGetter( 2369): Could not find a dictionary pack
E/ActivityThread( 2369): Failed to find provider info for com.android.inputmethod.latin.dictionarypack
D/WifiService( 2122): New client listening to asynchronous messages
I/ActivityManager( 2122): Start proc com.android.smspush for service com.android.smspush/.WapPushManager: pid=2485 uid=10048 gids={1028}
D/OpenGLRenderer( 2122): Enabling debug mode 0
D/dalvikvm( 1873): GC_EXPLICIT freed 35K, 75% free 2193K/8451K, paused 1ms+3ms, total 21ms
D/dalvikvm( 1873): GC_EXPLICIT freed <1K, 75% free 2193K/8451K, paused 2ms+2ms, total 16ms
D/dalvikvm( 1873): GC_EXPLICIT freed <1K, 75% free 2193K/8451K, paused 1ms+1ms, total 15ms
I/ActivityManager( 2122): Start proc android.process.acore for content provider com.android.providers.userdictionary/.UserDictionaryProvider: pid=2495 uid=10001 gids={3003, 1015, 1028}
D/MockSmsReceiver( 2392): Registered MockSmsReceiver
I/Choreographer( 2243): Skipped 36 frames!  The application may be doing too much work on its main thread.
D/        ( 2392): [ApnContext:default] set reason as dataEnabled,current state IDLE
D/        ( 2392): [ApnContext:default] setRetryCount: 0
D/        ( 2392): [ApnContext:mms] set reason as dataEnabled,current state IDLE
D/        ( 2392): [ApnContext:mms] setRetryCount: 0
D/        ( 2392): [ApnContext:supl] set reason as dataEnabled,current state IDLE
D/        ( 2392): [ApnContext:supl] setRetryCount: 0
D/        ( 2392): [ApnContext:dun] set reason as dataEnabled,current state IDLE
D/        ( 2392): [ApnContext:dun] setRetryCount: 0
D/        ( 2392): [ApnContext:hipri] set reason as dataEnabled,current state IDLE
D/        ( 2392): [ApnContext:hipri] setRetryCount: 0
V/LockPatternKeyguardView( 2122): Set visibility on com.android.internal.policy.impl.LockPatternKeyguardView$5@4140fe10 to 8388608
E/Trace   ( 2485): error opening trace file: No such file or directory (2)
D/CAT     ( 2392): CatService: Running CAT service. STK app installed:true
D/CAT     ( 2392): CatService: NEW sInstance
D/CallManager( 2392): registerPhone(GSM Handler (com.android.internal.telephony.PhoneProxy) {41168438})
E/Trace   ( 2495): error opening trace file: No such file or directory (2)
I/ActivityThread( 2495): Pub com.android.voicemail: com.android.providers.contacts.VoicemailContentProvider
W/ResourceType( 2409): Attempt to retrieve bag 0x7f0d0017 which is invalid or in a cycle.
W/ResourceType( 2409): Attempt to retrieve bag 0x7f0d0017 which is invalid or in a cycle.
W/ResourceType( 2409): Attempt to retrieve bag 0x7f0d0017 which is invalid or in a cycle.
W/ResourceType( 2409): Attempt to retrieve bag 0x7f0d0017 which is invalid or in a cycle.
W/ResourceType( 2409): Attempt to retrieve bag 0x7f0d0017 which is invalid or in a cycle.
I/ActivityThread( 2495): Pub user_dictionary: com.android.providers.userdictionary.UserDictionaryProvider
I/ActivityThread( 2495): Pub applications: com.android.providers.applications.ApplicationsProvider
W/ActivityManager( 2122): Unable to start service Intent { act=com.android.ussd.IExtendedNetworkService }: not found
D/PhoneStatusBar( 2243): disable: < expand icons alerts ticker system_info back home RECENT* clock >
I/ActivityThread( 2495): Pub contacts;com.android.contacts: com.android.providers.contacts.ContactsProvider2
V/LockPatternKeyguardView( 2122): Set visibility on com.android.internal.policy.impl.LockPatternKeyguardView$5@4140fe10 to 8388608
I/ActivityThread( 2495): Pub call_log: com.android.providers.contacts.CallLogProvider
E/WifiHW  ( 2122): Unable to open connection to supplicant on "/data/misc/wifi/sockets/p2p0": No such file or directory
D/PhoneStatusBar( 2243): disable: < expand icons alerts ticker system_info BACK* HOME* RECENT CLOCK* >
D/DebugService( 2392): DebugService DebugService:
D/TelephonyDebugService( 2392): TelephonyDebugService()
D/Bluetooth HSHFP( 2392): Starting BluetoothHeadsetService
V/SipBroadcastReceiver( 2392): start auto registration
I/dalvikvm( 2544): Turning on JNI app bug workarounds for target SDK version 12...
I/ActivityManager( 2122): Start proc com.google.process.gapps for service com.google.android.location/.NetworkLocationService: pid=2544 uid=10049 gids={3003, 1015, 1028, 1007, 2001, 3006}
E/Trace   ( 2544): error opening trace file: No such file or directory (2)
I/SearchManagerService( 2122): Building list of searchable activities
I/ActivityThread( 2544): Pub com.google.settings: com.google.android.gsf.settings.GoogleSettingsProvider
I/ActivityThread( 2544): Pub subscribedfeeds: com.google.android.gsf.subscribedfeeds.SubscribedFeedsProvider
D/AlarmManagerService( 2122): Kernel timezone updated to -60 minutes west of GMT
D/AlarmManagerService( 2122): Kernel timezone updated to -60 minutes west of GMT
I/ActivityThread( 2544): Pub com.google.contacts.gal.provider: com.google.android.syncadapters.contacts.GalProvider
I/ActivityThread( 2544): Pub com.google.android.gsf.gservices: com.google.android.gsf.gservices.GservicesProvider
I/GservicesProvider( 2544): Gservices pushing to system: true; secure: true
I/ActivityThread( 2544): Pub com.google.android.providers.talk: com.google.android.gsf.talk.TalkProvider
D/GpsLocationProvider( 2122): set_capabilities_callback: 6
I/LocationManagerService( 2122): whitelist: []
I/LocationManagerService( 2122): blacklist: []
I/ActivityManager( 2122): Start proc com.google.android.apps.maps for broadcast com.google.android.apps.maps/com.google.android.location.internal.NlpNetworkProviderSettingsUpdateReceiver: pid=2559 uid=10069 gids={3003, 1015, 1028}
D/NetworkLocationClient( 2544): binding to Intent { act=com.google.android.location.internal.ANDROID_NLP pkg=com.google.android.location }
E/KeyguardStatusView( 2122): ERROR: Could not get Location code
W/System.err( 2122): java.lang.NullPointerException
I/CalendarProvider2( 2356): Sending notification intent: Intent { act=android.intent.action.PROVIDER_CHANGED dat=content://com.android.calendar }
W/ContentResolver( 2356): Failed to get type for: content://com.android.calendar (Unknown URL content://com.android.calendar)
W/System.err( 2122): 	at com.android.internal.policy.impl.KeyguardStatusViewManager$1$1.run(KeyguardStatusViewManager.java:344)
W/System.err( 2122): 	at java.lang.Thread.run(Thread.java:856)
D/libEGL  ( 2409): loaded /system/lib/egl/libEGL_mali.so
D/libEGL  ( 2409): loaded /system/lib/egl/libGLESv1_CM_mali.so
E/Trace   ( 2559): error opening trace file: No such file or directory (2)
D/libEGL  ( 2409): loaded /system/lib/egl/libGLESv2_mali.so
I/LocationManagerService( 2122): request network (pid 2122) 86400000 86400000
I/LocationManagerService( 2122): request passive (pid 2122) 0 0
I/StorageNotification( 2243): UMS connection changed to false (media state unmounted)
D/OpenGLRenderer( 2409): Enabling debug mode 0
V/BackupManagerService( 2122): Connected to Google transport
V/BackupManagerService( 2122): Registering transport com.google.android.backup/.BackupTransportService = com.google.android.backup.BackupTransportService$1@413bce48
D/dalvikvm( 2243): GC_CONCURRENT freed 388K, 19% free 6880K/8451K, paused 1ms+14ms, total 73ms
D/NetworkLocationService( 2544): onBind(com.android.location.service.NetworkLocationProvider) com.google.android.location
I/ActivityManager( 2122): Displayed com.cyanogenmod.trebuchet/.Launcher: +1s875ms
D/NetworkLocationService( 2544): onBind(com.android.location.service.GeocodeProvider) com.google.android.location
V/LockScreen( 2122): Camera disabled by Sim State
D/BackupManagerService( 2122): Now staging backup of android
D/dalvikvm( 2122): GC_CONCURRENT freed 1552K, 23% free 9079K/11783K, paused 72ms+8ms, total 221ms
D/dalvikvm( 2122): WAIT_FOR_CONCURRENT_GC blocked 96ms
D/dalvikvm( 2122): WAIT_FOR_CONCURRENT_GC blocked 39ms
D/dalvikvm( 2122): WAIT_FOR_CONCURRENT_GC blocked 79ms
E/KeyguardStatusView( 2122): ERROR: Could not get Location code
W/System.err( 2122): java.lang.NullPointerException
D/dalvikvm( 2122): WAIT_FOR_CONCURRENT_GC blocked 19ms
D/android.widget.GridLayout( 2122): vertical constraints: y1-y0>=133, y2-y1>=29, y3-y2>=29, y4-y3>=106, y5-y4>=0, y6-y5>=78, y7-y6>=453, y8-y7>=0, y8-y0<=762 are inconsistent; permanently removing: y8-y0<=762. 
D/dalvikvm( 2122): WAIT_FOR_CONCURRENT_GC blocked 108ms
W/System.err( 2122): 	at com.android.internal.policy.impl.KeyguardStatusViewManager$1$1.run(KeyguardStatusViewManager.java:344)
W/System.err( 2122): 	at java.lang.Thread.run(Thread.java:856)
E/KeyguardStatusView( 2122): ERROR: Could not get Location code
W/System.err( 2122): java.lang.NullPointerException
W/System.err( 2122): 	at com.android.internal.policy.impl.KeyguardStatusViewManager$1$1.run(KeyguardStatusViewManager.java:344)
W/System.err( 2122): 	at java.lang.Thread.run(Thread.java:856)
V/TransportControlView( 2122): Create TCV com.android.internal.widget.TransportControlView@41245b70
D/dalvikvm( 2122): GC_FOR_ALLOC freed 241K, 23% free 9321K/12039K, paused 48ms, total 49ms
I/dalvikvm-heap( 2122): Grow heap (frag case) to 18.955MB for 1603696-byte allocation
D/dalvikvm( 2122): GC_CONCURRENT freed 240K, 20% free 10928K/13639K, paused 3ms+4ms, total 99ms
I/ActivityThread( 2559): Pub com.google.android.maps.LayerInfoProvider: com.google.googlenav.layer.LayerInfoProvider
I/ActivityThread( 2559): Pub com.google.android.maps.OfflineIndexProvider: com.google.googlenav.provider.OfflineIndexProvider
I/ActivityThread( 2559): Pub com.google.android.maps.TrafficAppWidgetProvider: com.google.googlenav.appwidget.traffic.TrafficAppWidgetProvider
I/ActivityThread( 2559): Pub com.google.android.maps.LocalActivePlacesProvider: com.google.googlenav.provider.LocalActivePlacesProvider
I/ActivityThread( 2559): Pub com.google.android.maps.StarredItemProvider: com.google.googlenav.provider.StarredItemProvider
I/Choreographer( 2409): Skipped 32 frames!  The application may be doing too much work on its main thread.
D/dalvikvm( 2409): GC_CONCURRENT freed 1353K, 30% free 6375K/9095K, paused 3ms+6ms, total 37ms
D/PowerManagerService( 2122): bootCompleted
V/DevicePolicyManagerService( 2122): Sending password expiration notifications for action android.intent.action.BOOT_COMPLETED
I/SurfaceFlinger( 1872): Boot is finished (16262 ms)
D/VoldCmdListener( 1868): volume mount /storage/sdcard1
D/DirectVolume( 1868): Checking for bad partition major number
I/Vold    ( 1868): /dev/block/vold/179:25 being considered for volume sdcard1
D/Vold    ( 1868): Volume sdcard1 state changing 1 (Idle-Unmounted) -> 3 (Checking)
D/MountService( 2122): volume state changed for /storage/sdcard1 (unmounted -> checking)
D/MountService( 2122): sendStorageIntent Intent { act=android.intent.action.MEDIA_CHECKING dat=file:///storage/sdcard1 (has extras) }
I/StorageNotification( 2243): Media {/storage/sdcard1} state changed from {unmounted} -> {checking} (primary = false)
D/PhoneStatusBar( 2243): addNotification score=0
V/WiredAccessoryObserver( 2122): init()
D/SizeAdaptiveLayout( 2243): com.android.internal.widget.SizeAdaptiveLayout@412e2ea0child view android.widget.FrameLayout@41322630 measured out of bounds at 95px clamped to 96px
I//system/bin/fsck_msdos( 1868): ** /dev/block/vold/179:25
I//system/bin/fsck_msdos( 1868): ** Phase 1 - Read and Compare FATs
I//system/bin/fsck_msdos( 1868): Attempting to allocate 3939 KB for FAT
I//system/bin/fsck_msdos( 1868): Attempting to allocate 3939 KB for FAT
D/dalvikvm( 2409): GC_FOR_ALLOC freed 921K, 25% free 7111K/9415K, paused 61ms, total 61ms
I//system/bin/fsck_msdos( 1868): ** Phase 2 - Check Cluster Chains
I//system/bin/fsck_msdos( 1868): ** Phase 3 - Checking Directories
E/WifiHW  ( 2122): Unable to open connection to supplicant on "/data/misc/wifi/sockets/p2p0": No such file or directory
V/LockScreen( 2122): Camera disabled by Sim State
D/SyncManager( 2122): setSyncAutomatically:  provider subscribedfeeds, user 0 -> true
D/SyncManager( 2122): setSyncAutomatically: already set to true, doing nothing
I/Choreographer( 2122): Skipped 178 frames!  The application may be doing too much work on its main thread.
E/KeyguardStatusView( 2122): ERROR: Could not get Location code
W/System.err( 2122): java.lang.NullPointerException
W/System.err( 2122): 	at com.android.internal.policy.impl.KeyguardStatusViewManager$1$1.run(KeyguardStatusViewManager.java:344)
D/PhoneStatusBar( 2243): disable: < EXPAND* icons alerts TICKER* system_info BACK HOME RECENT CLOCK >
I/gmmInternalNlpService( 2544): internal NLP onStart(com.google.android.location.internal.ANDROID_NLP) com.google.android.location
V/LockPatternKeyguardView( 2122): Set visibility on com.android.internal.policy.impl.LockPatternKeyguardView$5@4140fe10 to 8388608
D/NetworkLocationClient( 2544): onServiceConnected to ComponentInfo{com.google.android.location/com.google.android.location.internal.server.NetworkLocationService}
V/LockPatternKeyguardView( 2122): Set visibility on com.android.internal.policy.impl.LockPatternKeyguardView$5@4140fe10 to 8388608
W/System.err( 2122): 	at java.lang.Thread.run(Thread.java:856)
D/android.widget.GridLayout( 2122): vertical constraints: y1-y0>=133, y2-y1>=29, y3-y2>=29, y4-y3>=106, y5-y4>=0, y6-y5>=78, y7-y6>=453, y8-y7>=0, y8-y0<=762 are inconsistent; permanently removing: y8-y0<=762. 
I/ActivityThread( 2559): Pub com.google.android.maps.LocalSuggestionProvider: com.google.googlenav.provider.LocalSuggestionProvider
I/ActivityThread( 2559): Pub com.google.android.maps.SearchHistoryProvider: com.google.googlenav.provider.SearchHistoryProvider
I/ActivityThread( 2559): Pub com.google.android.maps.NavigationAvailabilityProvider: com.google.googlenav.provider.NavigationAvailabilityProvider
I/ActivityThread( 2559): Pub com.google.android.maps.SuggestionProvider: com.google.googlenav.suggest.android.SuggestContentProvider
D/dalvikvm( 2409): GC_FOR_ALLOC freed 1231K, 28% free 7377K/10119K, paused 17ms, total 20ms
E/KeyguardStatusView( 2122): ERROR: Could not get Location code
W/System.err( 2122): java.lang.NullPointerException
W/System.err( 2122): 	at com.android.internal.policy.impl.KeyguardStatusViewManager$1$1.run(KeyguardStatusViewManager.java:344)
W/System.err( 2122): 	at java.lang.Thread.run(Thread.java:856)
I/ActivityManager( 2122): Start proc com.google.android.apps.maps:GoogleLocationService for service com.google.android.apps.maps/com.google.android.location.internal.server.GoogleLocationService: pid=2632 uid=10069 gids={3003, 1015, 1028}
E/KeyguardStatusView( 2122): ERROR: Could not get Location code
W/System.err( 2122): java.lang.NullPointerException
W/System.err( 2122): 	at com.android.internal.policy.impl.KeyguardStatusViewManager$1$1.run(KeyguardStatusViewManager.java:344)
W/System.err( 2122): 	at java.lang.Thread.run(Thread.java:856)
I/ActivityManager( 2122): Start proc com.android.calendar for broadcast com.android.calendar/.alerts.AlertReceiver: pid=2644 uid=10010 gids={3003, 1028}
E/Trace   ( 2632): error opening trace file: No such file or directory (2)
E/Trace   ( 2644): error opening trace file: No such file or directory (2)
I//system/bin/fsck_msdos( 1868): ** Phase 4 - Checking for Lost Files
I/ActivityThread( 2644): Pub com.android.calendar.CalendarRecentSuggestionsProvider: com.android.calendar.CalendarRecentSuggestionsProvider
D/AlertReceiver( 2644): onReceive: a=android.intent.action.PROVIDER_CHANGED Intent { act=android.intent.action.PROVIDER_CHANGED dat=content://com.android.calendar flg=0x10 cmp=com.android.calendar/.alerts.AlertReceiver }
D/AlertService( 2644): 0 Action = android.intent.action.PROVIDER_CHANGED
D/AlertService( 2644): Beginning updateAlertNotification
D/dalvikvm( 2664): Late-enabling CheckJNI
I/ActivityManager( 2122): Start proc eu.ttbox.geoping for broadcast eu.ttbox.geoping/.ui.widget.pairing.PairingWidgetProvider: pid=2664 uid=10073 gids={1015, 3003, 1028}
I//system/bin/fsck_msdos( 1868): 1410 files, 58240 free (657180 clusters)
E/Trace   ( 2664): error opening trace file: No such file or directory (2)
I/Vold    ( 1868): Filesystem check completed OK
I/Vold    ( 1868): Device /dev/block/vold/179:25, target /storage/sdcard1 mounted @ /mnt/secure/staging
D/Vold    ( 1868): Volume sdcard1 state changing 3 (Checking) -> 4 (Mounted)
D/MountService( 2122): volume state changed for /storage/sdcard1 (checking -> mounted)
E/VoldConnector( 2122): NDC Command {3 volume mount /storage/sdcard1} took too long (2384ms)
D/VoldCmdListener( 1868): volume mount /storage/sdcard0
D/DirectVolume( 1868): Checking for bad partition major number
D/DirectVolume( 1868): Found bad partition
E/DirectVolume( 1868): Fixing major number from 179 to 259 for partition 11
I/Vold    ( 1868): /dev/block/vold/259:3 being considered for volume sdcard0
D/Vold    ( 1868): Volume sdcard0 state changing 1 (Idle-Unmounted) -> 3 (Checking)
D/MountService( 2122): sendStorageIntent Intent { act=android.intent.action.MEDIA_MOUNTED dat=file:///storage/sdcard1 (has extras) }
D/MountService( 2122): volume state changed for /storage/sdcard0 (unmounted -> checking)
D/MountService( 2122): sendStorageIntent Intent { act=android.intent.action.MEDIA_CHECKING dat=file:///storage/sdcard0 (has extras) }
I/StorageNotification( 2243): Media {/storage/sdcard1} state changed from {checking} -> {mounted} (primary = false)
I/StorageNotification( 2243): Media {/storage/sdcard0} state changed from {unmounted} -> {checking} (primary = true)
D/PhoneStatusBar( 2243): addNotification score=0
D/AlertService( 2644): No fired or scheduled alerts
W/WifiNormalizer( 2544): No specific device detected. Offset set to -7.
I//system/bin/fsck_msdos( 1868): ** /dev/block/vold/259:3
I//system/bin/fsck_msdos( 1868): ** Phase 1 - Read FAT (compare skipped)
I//system/bin/fsck_msdos( 1868): Attempting to allocate 11761 KB for FAT
I/ActivityThread( 2664): Pub eu.ttbox.geoping.SmsLogProvider: eu.ttbox.geoping.domain.SmsLogProvider
I/ActivityThread( 2664): Pub eu.ttbox.geoping.PersonProvider: eu.ttbox.geoping.domain.PersonProvider
I/ActivityThread( 2664): Pub eu.ttbox.geoping.GeoTrackerProvider: eu.ttbox.geoping.domain.GeoTrackerProvider
I/ActivityThread( 2664): Pub eu.ttbox.geoping.MessageProvider: eu.ttbox.geoping.domain.MessageProvider
I/ActivityThread( 2664): Pub eu.ttbox.geoping.PairingProvider: eu.ttbox.geoping.domain.PairingProvider
D/dalvikvm( 2122): GC_EXPLICIT freed 1855K, 22% free 10986K/14023K, paused 2ms+21ms, total 128ms
D/PairingWidgetProvider( 2664): OnReceive Intent android.appwidget.action.APPWIDGET_UPDATE_OPTIONS : Intent { act=android.appwidget.action.APPWIDGET_UPDATE_OPTIONS flg=0x10 cmp=eu.ttbox.geoping/.ui.widget.pairing.PairingWidgetProvider (has extras) }
W/ActivityManager( 2122): Permission denied: checkComponentPermission() owningUid=1000
W/BroadcastQueue( 2122): Permission Denial: broadcasting Intent { act=android.appwidget.action.APPWIDGET_UPDATE_OPTIONS flg=0x10 cmp=com.android.settings/.widget.SettingsAppWidgetProvider (has extras) } from android (pid=2409, uid=10042) is not exported from uid 1000 due to receiver com.android.settings/com.android.settings.widget.SettingsAppWidgetProvider
D/SizeAdaptiveLayout( 2243): com.android.internal.widget.SizeAdaptiveLayout@411a09d0child view android.widget.FrameLayout@412d7d68 measured out of bounds at 95px clamped to 96px
I/ActivityManager( 2122): Start proc com.android.deskclock for broadcast com.android.deskclock/com.android.alarmclock.AnalogAppWidgetProvider: pid=2691 uid=10015 gids={1028}
E/Trace   ( 2691): error opening trace file: No such file or directory (2)
I/ActivityThread( 2691): Pub com.android.deskclock: com.android.deskclock.AlarmProvider
I/ActivityThread( 2691): Pub com.android.deskclock.timers: com.android.deskclock.TimersProvider
W/PersonWidgetProvider( 2664): OnReceive Intent android.appwidget.action.APPWIDGET_UPDATE_OPTIONS : Intent { act=android.appwidget.action.APPWIDGET_UPDATE_OPTIONS flg=0x10 cmp=eu.ttbox.geoping/.ui.widget.PersonWidgetProvider (has extras) }
I/ActivityManager( 2122): Start proc com.android.contacts for broadcast com.android.contacts/.calllog.CallLogReceiver: pid=2706 uid=10001 gids={3003, 1015, 1028}
E/Trace   ( 2706): error opening trace file: No such file or directory (2)
I/dalvikvm( 2544): Total arena pages for JIT: 11
I/dalvikvm( 2544): Total arena pages for JIT: 12
I/dalvikvm( 2544): Total arena pages for JIT: 13
I/dalvikvm( 2544): Total arena pages for JIT: 14
I/dalvikvm( 2544): Total arena pages for JIT: 15
I/dalvikvm( 2544): Total arena pages for JIT: 16
I/dalvikvm( 2544): Total arena pages for JIT: 17
I/dalvikvm( 2544): Total arena pages for JIT: 18
E/WifiHW  ( 2122): Unable to open connection to supplicant on "/data/misc/wifi/sockets/p2p0": No such file or directory
I/GeoPingApplication( 2664): Laugth count 37
I/ActivityManager( 2122): Start proc com.cyanogenmod.settings.device for broadcast com.cyanogenmod.settings.device/.Startup: pid=2726 uid=1000 gids={1015, 3002, 3001, 3003, 1028, 3007}
D/AlarmManagerService( 2122): Kernel timezone updated to -60 minutes west of GMT
E/Trace   ( 2726): error opening trace file: No such file or directory (2)
E/WiredAccessoryObserver( 2122): Recieved a Settings Changed Action com.cyanogenmod.settings.SamsungDock
E/WiredAccessoryObserver( 2122): Recieved a Dock Audio change 0
W/GalaxyS2Settings_Utils_Write( 2726): file /sys/class/mdnie/mdnie/scenario: 4
W/GalaxyS2Settings_Utils_Write( 2726): file /sys/class/mdnie/mdnie/mode: 1
W/GalaxyS2Settings_Utils_Write( 2726): file /sys/class/mdnie/mdnie/negative: 0
W/GalaxyS2Settings_Utils_Write( 2726): file /sys/class/mdnie/mdnie/outdoor: 0
W/GalaxyS2Settings_Utils_Write( 2726): file /sys/class/sec/sec_touchkey/force_disable: 0
W/GalaxyS2Settings_Utils_Write( 2726): file /sys/class/sec/sec_touchkey/brightness: 1
W/GalaxyS2Settings_Utils_Write( 2726): file /sys/class/sec/sec_touchkey/led_timeout: 3
W/GalaxyS2Settings_Utils_Write( 2726): file /sys/vibrator/pwm_val: 50
I/ActivityManager( 2122): Start proc com.bel.android.dspmanager for broadcast com.bel.android.dspmanager/.receiver.BootCompletedReceiver: pid=2742 uid=10013 gids={3002, 1028}
E/Trace   ( 2742): error opening trace file: No such file or directory (2)
I/HeadsetService( 2742): Starting service.
I/ActivityManager( 2122): Start proc com.teamhacksung.tvout for broadcast com.teamhacksung.tvout/.BootCompletedReceiver: pid=2760 uid=10043 gids={1028}
D/dalvikvm( 1873): GC_EXPLICIT freed 38K, 75% free 2193K/8451K, paused 2ms+2ms, total 27ms
D/dalvikvm( 1873): GC_EXPLICIT freed <1K, 75% free 2193K/8451K, paused 1ms+1ms, total 19ms
E/Trace   ( 2760): error opening trace file: No such file or directory (2)
D/dalvikvm( 1873): GC_EXPLICIT freed <1K, 75% free 2193K/8451K, paused 1ms+1ms, total 16ms
I/TvOutService_java( 2760): Registered Receiver
I/ActivityManager( 2122): Start proc com.bigtincan.android.adfree for broadcast com.bigtincan.android.adfree/.RNAutostart: pid=2773 uid=10076 gids={3003, 1028}
I/dalvikvm( 2773): Turning on JNI app bug workarounds for target SDK version 7...
E/Trace   ( 2773): error opening trace file: No such file or directory (2)
I/AndroidRuntime( 2773): VM exiting with result code 0, cleanup skipped.
I/ActivityManager( 2122): Process com.bigtincan.android.adfree (pid 2773) has died.
D/AccountTypeManager( 2706): Registering 1 extension packages
I/AccountTypeManager( 2706): Loaded meta-data for 2 account types, 1 accounts in 14ms(wall) 10ms(cpu)
I//system/bin/fsck_msdos( 1868): ** Phase 2 - Check Cluster Chains
I/RecoverySystem( 2122): No recovery log file
I/LocationManagerService( 2122): request passive (pid 2632) 0 0
I/ActivityManager( 2122): Start proc com.cyanogenmod.updater for broadcast com.cyanogenmod.updater/.receiver.UpdateCheckReceiver: pid=2793 uid=10007 gids={3003, 1015, 2001, 1028}
E/Trace   ( 2793): error opening trace file: No such file or directory (2)
I/UpdateCheckReceiver( 2793): Scheduling future, repeating update checks.
E/WifiHW  ( 2122): Unable to open connection to supplicant on "/data/misc/wifi/sockets/p2p0": No such file or directory
V/AlarmClock( 2691): AlarmInitReceiver finished
I/ActivityManager( 2122): Start proc com.android.email for broadcast com.android.email/.service.EmailBroadcastReceiver: pid=2812 uid=10018 gids={3003, 1015, 1028}
E/Trace   ( 2812): error opening trace file: No such file or directory (2)
I//system/bin/fsck_msdos( 1868): ** Phase 3 - Checking Directories
I/dalvikvm( 2632): Total arena pages for JIT: 11
I/dalvikvm( 2632): Total arena pages for JIT: 12
I/dalvikvm( 2632): Total arena pages for JIT: 13
I/dalvikvm( 2632): Total arena pages for JIT: 14
I/dalvikvm( 2632): Total arena pages for JIT: 15
I/dalvikvm( 2632): Total arena pages for JIT: 16
I/dalvikvm( 2632): Total arena pages for JIT: 17
I/ActivityThread( 2812): Pub com.android.email.provider;com.android.email.notifier: com.android.email.provider.EmailProvider
I/ActivityThread( 2812): Pub com.android.email.attachmentprovider: com.android.email.provider.AttachmentProvider
D/ActivityThread( 2812): Loading provider com.android.email.provider;com.android.email.notifier: com.android.email.provider.EmailProvider
I/ActivityManager( 2122): Start proc com.android.exchange for service com.android.exchange/.ExchangeService: pid=2831 uid=10019 gids={3003, 1015, 1028}
E/Trace   ( 2831): error opening trace file: No such file or directory (2)
I/ActivityThread( 2831): Pub com.android.exchange.directory.provider: com.android.exchange.provider.ExchangeDirectoryProvider
D/ExchangeService( 2831): !!! EAS ExchangeService, onCreate
D/ExchangeService( 2831): !!! EAS ExchangeService, onStartCommand, startingUp = false, running = false
D/ExchangeService( 2831): !!! EAS ExchangeService, onStartCommand, startingUp = true, running = false
D/Eas Debug( 2831): Logging: 
I/ActivityManager( 2122): Start proc com.android.mms for broadcast com.android.mms/.transaction.MmsSystemEventReceiver: pid=2852 uid=10028 gids={3003, 1015, 1028}
E/Trace   ( 2852): error opening trace file: No such file or directory (2)
D/ExchangeService( 2831): !!! EAS ExchangeService, onStartCommand, startingUp = true, running = false
D/ExchangeService( 2831): Received deviceId from Email app: androidc1430742094
D/ExchangeService( 2831): Reconciling accounts...
I/dalvikvm( 2632): Total arena pages for JIT: 18
D/Eas Debug( 2831): Logging: 
I/ActivityThread( 2852): Pub mms_temp_file: com.android.mms.TempFileProvider
I/ActivityThread( 2852): Pub com.android.mms.SuggestionsProvider: com.android.mms.SuggestionsProvider
I/ActivityThread( 2852): Pub com.android.cm.mms: com.android.mms.templates.TemplatesProvider
D/EmailProvider( 2812): fromDatabase accounts: 0
D/EmailProvider( 2812): ending toDatabase transaction; copyCount = 0
D/CountryDetector( 2122): The first listener is added
V/MmsConfig( 2852): mnc/mcc: 
V/MmsConfig( 2852): tag: bool value: enabledMMS - true
V/MmsConfig( 2852): tag: int value: maxMessageSize - 307200
V/MmsConfig( 2852): tag: int value: maxImageHeight - 480
V/MmsConfig( 2852): tag: int value: maxImageWidth - 640
V/MmsConfig( 2852): tag: int value: defaultSMSMessagesPerThread - 500
V/MmsConfig( 2852): tag: int value: defaultMMSMessagesPerThread - 50
V/MmsConfig( 2852): tag: int value: minMessageCountPerThread - 10
V/MmsConfig( 2852): tag: int value: maxMessageCountPerThread - 5000
V/MmsConfig( 2852): tag: string value: uaProfUrl - http://www.google.com/oha/rdf/ua-profile-kila.xml
V/MmsConfig( 2852): tag: int value: recipientLimit - -1
V/MmsConfig( 2852): tag: bool value: enableMultipartSMS - true
V/MmsConfig( 2852): tag: bool value: enableSplitSMS - false
V/MmsConfig( 2852): tag: int value: smsToMmsTextThreshold - -1
V/MmsConfig( 2852): tag: bool value: enableSlideDuration - true
V/MmsConfig( 2852): tag: int value: maxMessageTextSize - -1
V/MmsConfig( 2852): tag: bool value: enableSprintVVM - false
D/EmailProvider( 2812): ending fromDatabase transaction; copyCount = 0
I/ActivityManager( 2122): Start proc com.google.android.talk for broadcast com.google.android.talk/.videochat.BootCompleteReceiver: pid=2889 uid=10033 gids={3003, 1015, 1006, 3002, 1028}
E/Trace   ( 2889): error opening trace file: No such file or directory (2)
D/MmsSmsDatabaseHelper( 2392): [MmsSmsDb] tableName: threads hasAutoIncrement: CREATE TABLE threads (_id INTEGER PRIMARY KEY AUTOINCREMENT,date INTEGER DEFAULT 0,message_count INTEGER DEFAULT 0,recipient_ids TEXT,snippet TEXT,snippet_cs INTEGER DEFAULT 0,read INTEGER DEFAULT 1,type INTEGER DEFAULT 0,error INTEGER DEFAULT 0,has_attachment INTEGER DEFAULT 0) result: true
D/MmsSmsDatabaseHelper( 2392): [MmsSmsDb] tableName: canonical_addresses hasAutoIncrement: CREATE TABLE canonical_addresses (_id INTEGER PRIMARY KEY AUTOINCREMENT,address TEXT) result: true
D/MmsSmsDatabaseHelper( 2392): [getWritableDatabase] hasAutoIncrementThreads: true hasAutoIncrementAddresses: true
I/ActivityThread( 2889): Pub com.google.android.talk.SuggestionProvider: com.google.android.talk.SuggestionsProvider
D/ConnectivityService( 2122): handleInetConditionChange: no active default network - ignore
D/vclib:CallStateClient( 2889): startListening
I/talk    ( 2889): Refresh the supported camera state
V/CameraWrapper( 1875): camera_get_camera_info
V/CameraWrapper( 1875): check_vendor_module
D/SecCameraHardware( 1875): LSIHAL int android::HAL_getCameraInfo(int, camera_info*)
V/CameraWrapper( 1875): camera_get_camera_info
V/CameraWrapper( 1875): check_vendor_module
D/SecCameraHardware( 1875): LSIHAL int android::HAL_getCameraInfo(int, camera_info*)
I/talk    ( 2889): supported front camera true
I/BootReceiver( 2347): Restore disabled by user preference.
I/BootReceiver( 2347): Restore disabled by user preference.
D/CAT     ( 2392): CatService: Return current sInstance
I/ActivityManager( 2122): Start proc com.android.voicedialer for broadcast com.android.voicedialer/.VoiceDialerReceiver: pid=2921 uid=10046 gids={3002, 1028}
D/dalvikvm( 2122): GC_EXPLICIT freed 519K, 21% free 11235K/14151K, paused 2ms+9ms, total 129ms
D/ExchangeService( 2831): !!! EAS ExchangeService, onStartCommand, startingUp = true, running = false
E/Trace   ( 2921): error opening trace file: No such file or directory (2)
E/WifiHW  ( 2122): Unable to open connection to supplicant on "/data/misc/wifi/sockets/p2p0": No such file or directory
I/ActivityManager( 2122): Start proc com.google.android.apps.genie.geniewidget for broadcast com.google.android.apps.genie.geniewidget/.miniwidget.MiniWidgetProvider: pid=2935 uid=10050 gids={3003, 1015, 1028}
E/WifiP2pService( 2122): P2p socket connection failed
D/CAT     ( 2392): StkAppService$ServiceHandler: OP_BOOT_COMPLETED
E/Trace   ( 2935): error opening trace file: No such file or directory (2)
I/ActivityThread( 2935): Pub com.google.android.apps.genie.geniewidget.weather: com.google.android.apps.genie.geniewidget.providers.WeatherProvider
I/ActivityThread( 2935): Pub com.google.android.apps.genie.geniewidget.newsimage: com.google.android.apps.genie.geniewidget.providers.NewsImageProvider
I/System.out( 2935): [INFO:14]: LogSource: Logging disabled
W/Genie   ( 2935): Cache file not found: java.io.FileNotFoundException: /data/data/com.google.android.apps.genie.geniewidget/cache/genie_iconcache: open failed: ENOENT (No such file or directory)
I/Genie   ( 2935): Canceling auto-refresh of News & Weather
I/Genie   ( 2935): Quick refresh set to 120s to wake up in 39s at the earliest.
I/ActivityManager( 2122): No longer want com.google.android.gsf.login (pid 2448): hidden #16
I/ActivityManager( 2122): Start proc com.google.android.partnersetup for broadcast com.google.android.partnersetup/.GooglePartnerSetup: pid=2961 uid=10054 gids={3003, 1028}
D/dalvikvm( 2122): GC_EXPLICIT freed 633K, 23% free 11238K/14535K, paused 3ms+7ms, total 80ms
E/Trace   ( 2961): error opening trace file: No such file or directory (2)
I/ActivityThread( 2961): Pub com.google.android.partnersetup.rlzprovider: com.google.android.partnersetup.RlzProvider
I/ActivityThread( 2961): Pub com.google.android.partnersetup.rlzappprovider: com.google.android.partnersetup.RlzAppProvider
I/EventLogService( 2544): Aggregate from 1360791632940 (log), 1360791632940 (data)
W/EventLogAggregator( 2544): Unknown tag: facelock_activated
W/EventLogAggregator( 2544): Unknown tag: facelock_fail
W/EventLogAggregator( 2544): Unknown tag: facelock_success
D/dalvikvm( 2122): GC_EXPLICIT freed 547K, 24% free 11073K/14535K, paused 2ms+4ms, total 60ms
I/SystemUpdateService( 2544): cancelUpdate (empty URL)
I/ActivityManager( 2122): Start proc com.google.android.onetimeinitializer for broadcast com.google.android.onetimeinitializer/.OneTimeInitializerReceiver: pid=2994 uid=10058 gids={1028}
E/Trace   ( 2994): error opening trace file: No such file or directory (2)
V/OneTimeInitializerReceiver( 2994): OneTimeInitializerReceiver.onReceive
D/dalvikvm( 2544): GC_EXPLICIT freed 3799K, 62% free 3237K/8451K, paused 11ms+4ms, total 60ms
V/OneTimeService( 2994): OneTimeService.onHandleIntent
I/ActivityManager( 2122): Start proc com.android.vending for broadcast com.android.vending/com.google.android.finsky.receivers.BootCompletedReceiver: pid=3009 uid=10059 gids={3003, 1015, 1028}
D/dalvikvm( 1873): GC_EXPLICIT freed 38K, 75% free 2193K/8451K, paused 2ms+2ms, total 18ms
I/RlzPingService( 2961): Setting next ping for 1361429990527
D/dalvikvm( 1873): GC_EXPLICIT freed <1K, 75% free 2193K/8451K, paused 1ms+2ms, total 22ms
E/Trace   ( 3009): error opening trace file: No such file or directory (2)
D/dalvikvm( 1873): GC_EXPLICIT freed <1K, 75% free 2193K/8451K, paused 1ms+2ms, total 22ms
I/ActivityManager( 2122): No longer want com.google.android.apps.maps (pid 2559): hidden #16
I/SystemUpdateService( 2544): cancelUpdate (empty URL)
D/dalvikvm( 2310): GC_EXPLICIT freed 600K, 69% free 2621K/8451K, paused 2ms+4ms, total 38ms
I/ActivityThread( 3009): Pub com.google.android.finsky.QSBSuggestionsProvider2: com.google.android.finsky.providers.QSBSuggestionsProvider
I/ActivityThread( 3009): Pub com.google.android.finsky.AppIconProvider: com.google.android.finsky.providers.AppIconProvider
I/ActivityThread( 3009): Pub com.google.android.finsky.RecentSuggestionsProvider: com.google.android.finsky.providers.RecentSuggestionsProvider
D/Finsky  ( 3009): [1] FinskyApp.onCreate: Initializing network with DFE https://android.clients.google.com/fdfe/
I/ActivityManager( 2122): No longer want com.android.contacts (pid 2706): hidden #16
D/Finsky  ( 3009): [1] DailyHygiene.goMakeHygieneIfDirty: No need to run daily hygiene.
D/dalvikvm( 2122): GC_EXPLICIT freed 232K, 24% free 11076K/14535K, paused 2ms+8ms, total 96ms
I/ActivityManager( 2122): No longer want com.cyanogenmod.settings.device (pid 2726): hidden #16
I/ActivityManager( 2122): Start proc com.google.android.googlequicksearchbox for broadcast com.google.android.googlequicksearchbox/com.google.android.apps.sidekick.StartUpReceiver: pid=3045 uid=10034 gids={3003, 1028, 1007, 3002, 1015, 1006}
I/ActivityManager( 2122): No longer want com.android.calendar (pid 2644): hidden #16
E/Trace   ( 3045): error opening trace file: No such file or directory (2)
I/ActivityManager( 2122): No longer want eu.ttbox.geoping (pid 2664): hidden #16
D/Finsky  ( 3009): [1] 2.run: Loaded library for account: [_L2xLLbad_IpaSG9Dl2OwPHBlVw]
D/Finsky  ( 3009): [1] 2.run: Finished loading 1 libraries.
I/ActivityThread( 3045): Pub com.google.android.googlequicksearchbox.AudioProvider: com.google.android.speech.audio.AudioProvider
I/ActivityThread( 3045): Pub com.google.android.velvet.gallery.ImageProvider: com.google.android.velvet.gallery.ImageProvider
I/ActivityThread( 3045): Pub com.google.android.googlequicksearchbox.google: com.google.android.searchcommon.google.GoogleSuggestionProvider
I/dalvikvm( 2122): Jit: resizing JitTable from 4096 to 8192
D/Volley  ( 3009): [112] DiskBasedCache.clear: Cache cleared.
D/GStaticConfiguration( 3045): #loadConfiguration
I/ActivityManager( 2122): Start proc com.google.android.gsf.login for service com.google.android.gsf.login/com.google.android.gsf.loginservice.GoogleLoginService: pid=3065 uid=10049 gids={3003, 1015, 1028, 1007, 2001, 3006}
D/GStaticConfiguration( 3045): #loadConfiguration from preference
D/GStaticConfiguration( 3045): Configuration loaded [22]
W/GAV2    ( 3045): Thread[main,5,main]: Connection to service failed 1
E/Trace   ( 3065): error opening trace file: No such file or directory (2)
W/ActivityManager( 2122): Unable to start service Intent { act=com.google.android.gms.analytics.service.START (has extras) }: not found
W/GAV2    ( 3045): Thread[main,5,main]: Need to call initialize() and be in fallback mode to start dispatch.
I/ActivityManager( 2122): Start proc com.popularapp.periodcalendar for broadcast com.popularapp.periodcalendar/.BootReceiver: pid=3085 uid=10067 gids={1015, 1028, 3003}
I/ActivityManager( 2122): No longer want com.cyanogenmod.updater (pid 2793): hidden #16
D/dalvikvm( 2495): GC_EXPLICIT freed 1082K, 69% free 2699K/8451K, paused 24ms+3ms, total 107ms
I/dalvikvm( 3085): Turning on JNI app bug workarounds for target SDK version 4...
E/Trace   ( 3085): error opening trace file: No such file or directory (2)
I/wpa_supplicant( 2306): wlan0: Trying to associate with 58:6d:8f:a0:2a:5c (SSID='AlphaNet2' freq=5180 MHz)
E/service ( 3085): Widget service
I/ActivityManager( 2122): Start proc com.google.android.gm for broadcast com.google.android.gm/.GoogleMailDeviceStartupReceiver: pid=3101 uid=10068 gids={3003, 1015, 1028}
E/Trace   ( 3101): error opening trace file: No such file or directory (2)
I/ActivityManager( 2122): No longer want com.android.providers.calendar (pid 2356): hidden #16
I/ActivityThread( 3101): Pub com.google.android.gm2.accountcache: com.android.mail.providers.GmailAccountCacheProvider
D/ActivityThread( 3101): Loading provider com.android.gmail.ui: com.google.android.gm.provider.UiProvider
I/ActivityThread( 3101): Pub gmail-ls: com.google.android.gm.provider.MailProvider
I/ActivityThread( 3101): Pub com.google.android.gm2.conversation.provider: com.android.mail.browse.GmailConversationProvider
I/ActivityThread( 3101): Pub com.google.android.gm.suggestionsprovider: com.android.mail.providers.SuggestionsProvider
I/ActivityThread( 3101): Pub com.android.gmail.ui: com.google.android.gm.provider.UiProvider
I/ActivityThread( 3101): Pub com.google.android.gm: com.google.android.gm.provider.PublicContentProvider
D/Volley  ( 3009): [116] DiskBasedCache.clear: Cache cleared.
I/GLSUser ( 3065): GLS error: NetworkError sengop@gmail.com oauth2:https://www.googleapis.com/auth/personal_derived_data https://www.googleapis.com/auth/paths.notifications
I/ActivityManager( 2122): Start proc com.google.android.apps.maps:FriendService for broadcast com.google.android.apps.maps/com.google.googlenav.friend.android.ServiceReceiver: pid=3124 uid=10069 gids={3003, 1015, 1028}
W/Search.LoginHelper( 3045): IO error: java.io.IOException
E/Trace   ( 3124): error opening trace file: No such file or directory (2)
I/wpa_supplicant( 2306): wlan0: Associated with 58:6d:8f:a0:2a:5c
I/wpa_supplicant( 2306): wlan0: WPA: Key negotiation completed with 58:6d:8f:a0:2a:5c [PTK=CCMP GTK=CCMP]
I/wpa_supplicant( 2306): wlan0: CTRL-EVENT-CONNECTED - Connection to 58:6d:8f:a0:2a:5c completed (auth) [id=0 id_str=]
I//system/bin/fsck_msdos( 1868): ** Phase 4 - Checking for Lost Files
I/ActivityManager( 2122): Start proc no.intellicom.tasklist for broadcast no.intellicom.tasklist/.RebootBroadcast: pid=3142 uid=10094 gids={3003, 1015, 1028}
I/ActivityManager( 2122): No longer want com.android.deskclock (pid 2691): hidden #16
I/dalvikvm( 3142): Turning on JNI app bug workarounds for target SDK version 4...
E/Trace   ( 3142): error opening trace file: No such file or directory (2)
I//system/bin/fsck_msdos( 1868): Next free cluster in FSInfo block (430409) not free
I//system/bin/fsck_msdos( 1868): FIXED
I//system/bin/fsck_msdos( 1868): 8479 files, 1935648 free (2581064 clusters)
I/ActivityManager( 2122): Start proc com.mobilesrepublic.appy for broadcast com.mobilesrepublic.appy/.notifs.Notifications: pid=3164 uid=10090 gids={3003, 1015, 1028}
I/ActivityManager( 2122): No longer want com.android.exchange (pid 2831): hidden #16
E/Trace   ( 3164): error opening trace file: No such file or directory (2)
I/Vold    ( 1868): Filesystem check completed OK
I/PackageManager( 2122): Updating external media status from unmounted to mounted
I/Vold    ( 1868): Device /dev/block/vold/259:3, target /storage/sdcard0 mounted @ /mnt/secure/staging
D/Vold    ( 1868): Volume sdcard0 state changing 3 (Checking) -> 4 (Mounted)
E/VoldConnector( 2122): NDC Command {4 volume mount /storage/sdcard0} took too long (5398ms)
D/MountService( 2122): volume state changed for /storage/sdcard0 (checking -> mounted)
D/MountService( 2122): sendStorageIntent Intent { act=android.intent.action.MEDIA_MOUNTED dat=file:///storage/sdcard0 (has extras) }
I/StorageNotification( 2243): Media {/storage/sdcard0} state changed from {checking} -> {mounted} (primary = true)
D/VoldCmdListener( 1868): asec list
I/Gmail   ( 3101): calculateUnknownSyncRationalesAndPurgeInBackground: queueing
I/Gmail   ( 3101): calculateUnknownSyncRationalesAndPurgeInBackground: queueing
I/ActivityManager( 2122): Start proc com.keramidas.TitaniumBackup for broadcast com.keramidas.TitaniumBackup/.schedules.BootReceiver: pid=3180 uid=10065 gids={1028, 1015, 3003}
E/Trace   ( 3180): error opening trace file: No such file or directory (2)
I/com.keramidas.TitaniumBackup.MainApplication( 3180): onCreate()
D/dalvikvm( 3180): Trying to load lib /data/data/com.keramidas.TitaniumBackup/lib/libtitanium.so 0x4112c9b0
D/dalvikvm( 3180): Added shared lib /data/data/com.keramidas.TitaniumBackup/lib/libtitanium.so 0x4112c9b0
I/Gmail   ( 3101): calculateUnknownSyncRationalesAndPurgeInBackground: running
I/Gmail   ( 3101): calculateUnknownSyncRationalesAndPurgeInBackground: running
D/APPY    ( 3164): Starting polling (tags=-1003 time=08:29 delay=1800000)
I/ActivityManager( 2122): No longer want com.android.email (pid 2812): hidden #16
I/com.keramidas.TitaniumBackup.MainApplication( 3180): Detected CPU architecture: ARM
W/Settings( 3180): Setting android_id has moved from android.provider.Settings.System to android.provider.Settings.Secure, returning read-only value.
D/o.   ( 3180): Debug features are disabled.
I/o.   ( 3180): restoreMySettings_ifNeeded()
I/o.   ( 3180): Internal settings found => No need to restore.
I/Gmail   ( 3101): Sending notification intent: Intent { act=com.android.mail.action.update_notification typ=application/gmail-ls (has extras) }
I/Gmail   ( 3101): Sending notification intent: Intent { act=com.android.mail.action.update_notification typ=application/gmail-ls (has extras) }
I/ActivityManager( 2122): No longer want com.android.mms (pid 2852): hidden #16
D/CountryDetector( 2122): No listener is left
W/Resources( 3180): Converting to string: TypedValue{t=0x10/d=0x0 a=-1}
W/Resources( 3180): Converting to string: TypedValue{t=0x10/d=0x0 a=-1}
W/Resources( 3180): Converting to string: TypedValue{t=0x10/d=0x0 a=-1}
W/Resources( 3180): Converting to string: TypedValue{t=0x10/d=0xf a=-1}
W/Resources( 3180): Converting to string: TypedValue{t=0x10/d=0x80 a=-1}
W/Resources( 3180): Converting to string: TypedValue{t=0x10/d=0x80 a=-1}
W/Resources( 3180): Converting to string: TypedValue{t=0x10/d=0x3 a=-1}
W/Resources( 3180): Converting to string: TypedValue{t=0x10/d=0x3 a=-1}
W/Resources( 3180): Converting to string: TypedValue{t=0x10/d=0x20 a=-1}
W/Resources( 3180): Converting to string: TypedValue{t=0x10/d=0x20 a=-1}
W/Resources( 3180): Converting to string: TypedValue{t=0x10/d=0x1 a=-1}
W/Resources( 3180): Converting to string: TypedValue{t=0x10/d=0x3 a=-1}
W/Resources( 3180): Converting to string: TypedValue{t=0x10/d=0x3 a=-1}
I/com.keramidas.TitaniumBackup.schedules.BootReceiver( 3180): Boot has completed => Scheduling next wake-up ...
I/o.   ( 3180): scheduleNextWakeup(): Invoked with idToExcludeForToday=null
I/o.   ( 3180): scheduleNextWakeup(): No next wakeup scheduled.
I/ActivityManager( 2122): Start proc com.android.calendar for broadcast com.android.calendar/.widget.CalendarAppWidgetProvider: pid=3200 uid=10010 gids={3003, 1028}
I/ActivityManager( 2122): No longer want com.google.android.talk (pid 2889): hidden #16
E/Trace   ( 3200): error opening trace file: No such file or directory (2)
I/ActivityThread( 3200): Pub com.android.calendar.CalendarRecentSuggestionsProvider: com.android.calendar.CalendarRecentSuggestionsProvider
I/PackageManager( 2122): Deleting container with no matching settings org.madprod.freeboxmobile.tv-1
I/PackageManager( 2122): Deleting container with no matching settings zh.wang.android.game.BladeMaster-1
E/VoldConnector( 2122): NDC Command {5 asec list} took too long (593ms)
I/ActivityManager( 2122): Start proc com.android.providers.calendar for content provider com.android.providers.calendar/.CalendarProvider2: pid=3216 uid=10011 gids={3003, 1015, 1028}
W/PackageManager( 2122): Unknown permission android.permission.ADD_SYSTEM_SERVICE in package com.android.phone
W/PackageManager( 2122): Unknown permission com.android.vending.billing.IBillingAccountService.BIND2 in package com.google.android.gsf.login
W/PackageManager( 2122): Not granting permission android.permission.SEND_DOWNLOAD_COMPLETED_INTENTS to package com.android.browser (protectionLevel=2 flags=0x9be45)
W/PackageManager( 2122): Not granting permission android.permission.HARDWARE_TEST to package com.utooo.android.knife.free (protectionLevel=2 flags=0xbe44)
W/PackageManager( 2122): Unknown permission android.permission.READ_MEDIA_STORAGE in package com.keramidas.TitaniumBackup
W/PackageManager( 2122): Not granting permission android.permission.WRITE_MEDIA_STORAGE to package com.keramidas.TitaniumBackup (protectionLevel=18 flags=0x8be44)
W/PackageManager( 2122): Not granting permission com.android.voicemail.permission.READ_WRITE_ALL_VOICEMAIL to package com.keramidas.TitaniumBackup (protectionLevel=2 flags=0x8be44)
W/PackageManager( 2122): Unknown permission android.permission.READ_OWNER_DATA in package com.google.android.setupwizard
W/PackageManager( 2122): Unknown permission android.permission.WRITE_OWNER_DATA in package com.google.android.setupwizard
W/PackageManager( 2122): Unknown permission com.google.android.voicesearch.SHORTCUTS_ACCESS in package com.google.android.googlequicksearchbox
W/PackageManager( 2122): Unknown permission com.google.android.ears.permission.WRITE in package com.google.android.googlequicksearchbox
W/PackageManager( 2122): Unknown permission com.google.android.apps.googlevoice.permission.AUTO_SEND in package com.google.android.googlequicksearchbox
W/PackageManager( 2122): Unknown permission com.android.providers.im.permission.READ_ONLY in package com.google.android.apps.maps
W/PackageManager( 2122): Not granting permission android.permission.ACCOUNT_MANAGER to package com.google.android.apps.docs (protectionLevel=2 flags=0x8be44)
W/PackageManager( 2122): Unknown permission android.permission.WRITE_SYNC_STATS in package com.google.android.apps.docs
W/PackageManager( 2122): Unknown permission com.cyanogenmod.filemanager.permissions.READ_THEME in package com.cyanogenmod.filemanager
W/PackageManager( 2122): Not granting permission android.permission.SEND_DOWNLOAD_COMPLETED_INTENTS to package com.android.vending (protectionLevel=2 flags=0xabec5)
W/PackageManager( 2122): Unknown permission android.permission.MANAGE_USERS in package com.android.vending
W/PackageManager( 2122): Unknown permission android.permission.INTERACT_ACROSS_USERS in package com.android.vending
W/PackageManager( 2122): Unknown permission android.permission.ACCESS_4G_RADIO_DISABLE in package com.android.systemui
W/PackageManager( 2122): Unknown permission android.permission.ACCESS_4G_STATE in package com.android.systemui
W/PackageManager( 2122): Unknown permission android.permission.CHANGE_4G_STATE in package com.android.systemui
W/PackageManager( 2122): Not granting permission android.permission.DEVICE_POWER to package com.android.deskclock (protectionLevel=2 flags=0x8be45)
I/GAV2    ( 3045): Thread[GAThread,5,main]: No campaign data found.
E/Trace   ( 3216): error opening trace file: No such file or directory (2)
W/PackageManager( 2122): Container zh.wang.android.game.BladeMaster-1 is stale
W/PackageManager( 2122): Container org.madprod.freeboxmobile.tv-1 is stale
